Archive member included to satisfy reference by file (symbol)

d:/stm32/gcc-arm-none-eabi-9-2019-q4-major-win32/bin/../lib/gcc/arm-none-eabi/9.2.1/thumb/v7-m/nofp\libgcc.a(_arm_muldf3.o)
                              CMakeFiles/STM32F103ZET6.elf.dir/Src/cJSON.c.obj (__aeabi_dmul)
d:/stm32/gcc-arm-none-eabi-9-2019-q4-major-win32/bin/../lib/gcc/arm-none-eabi/9.2.1/thumb/v7-m/nofp\libgcc.a(_arm_mulsf3.o)
                              CMakeFiles/STM32F103ZET6.elf.dir/Src/oled.c.obj (__aeabi_fmul)
d:/stm32/gcc-arm-none-eabi-9-2019-q4-major-win32/bin/../lib/gcc/arm-none-eabi/9.2.1/thumb/v7-m/nofp\libgcc.a(_arm_addsubdf3.o)
                              CMakeFiles/STM32F103ZET6.elf.dir/Src/cJSON.c.obj (__aeabi_dsub)
d:/stm32/gcc-arm-none-eabi-9-2019-q4-major-win32/bin/../lib/gcc/arm-none-eabi/9.2.1/thumb/v7-m/nofp\libgcc.a(_arm_muldivdf3.o)
                              CMakeFiles/STM32F103ZET6.elf.dir/Src/bh1750.c.obj (__aeabi_ddiv)
d:/stm32/gcc-arm-none-eabi-9-2019-q4-major-win32/bin/../lib/gcc/arm-none-eabi/9.2.1/thumb/v7-m/nofp\libgcc.a(_arm_cmpdf2.o)
                              CMakeFiles/STM32F103ZET6.elf.dir/Src/cJSON.c.obj (__aeabi_dcmpeq)
d:/stm32/gcc-arm-none-eabi-9-2019-q4-major-win32/bin/../lib/gcc/arm-none-eabi/9.2.1/thumb/v7-m/nofp\libgcc.a(_arm_fixdfsi.o)
                              CMakeFiles/STM32F103ZET6.elf.dir/Src/cJSON.c.obj (__aeabi_d2iz)
d:/stm32/gcc-arm-none-eabi-9-2019-q4-major-win32/bin/../lib/gcc/arm-none-eabi/9.2.1/thumb/v7-m/nofp\libgcc.a(_arm_fixunsdfsi.o)
                              CMakeFiles/STM32F103ZET6.elf.dir/Src/bh1750.c.obj (__aeabi_d2uiz)
d:/stm32/gcc-arm-none-eabi-9-2019-q4-major-win32/bin/../lib/gcc/arm-none-eabi/9.2.1/thumb/v7-m/nofp\libgcc.a(_arm_addsubsf3.o)
                              CMakeFiles/STM32F103ZET6.elf.dir/Src/bh1750.c.obj (__aeabi_ui2f)
d:/stm32/gcc-arm-none-eabi-9-2019-q4-major-win32/bin/../lib/gcc/arm-none-eabi/9.2.1/thumb/v7-m/nofp\libgcc.a(_arm_cmpsf2.o)
                              CMakeFiles/STM32F103ZET6.elf.dir/Src/oled.c.obj (__aeabi_fcmplt)
d:/stm32/gcc-arm-none-eabi-9-2019-q4-major-win32/bin/../lib/gcc/arm-none-eabi/9.2.1/thumb/v7-m/nofp\libgcc.a(_arm_fixunssfsi.o)
                              CMakeFiles/STM32F103ZET6.elf.dir/Src/oled.c.obj (__aeabi_f2uiz)
d:/stm32/gcc-arm-none-eabi-9-2019-q4-major-win32/bin/../lib/gcc/arm-none-eabi/9.2.1/../../../../arm-none-eabi/lib/thumb/v7-m/nofp\libg.a(lib_a-ctype_.o)
                              CMakeFiles/STM32F103ZET6.elf.dir/Src/cJSON.c.obj (_ctype_)
d:/stm32/gcc-arm-none-eabi-9-2019-q4-major-win32/bin/../lib/gcc/arm-none-eabi/9.2.1/../../../../arm-none-eabi/lib/thumb/v7-m/nofp\libg.a(lib_a-errno.o)
                              CMakeFiles/STM32F103ZET6.elf.dir/Src/syscalls.c.obj (__errno)
d:/stm32/gcc-arm-none-eabi-9-2019-q4-major-win32/bin/../lib/gcc/arm-none-eabi/9.2.1/../../../../arm-none-eabi/lib/thumb/v7-m/nofp\libg.a(lib_a-exit.o)
                              d:/stm32/gcc-arm-none-eabi-9-2019-q4-major-win32/bin/../lib/gcc/arm-none-eabi/9.2.1/../../../../arm-none-eabi/lib/thumb/v7-m/nofp/crt0.o (exit)
d:/stm32/gcc-arm-none-eabi-9-2019-q4-major-win32/bin/../lib/gcc/arm-none-eabi/9.2.1/../../../../arm-none-eabi/lib/thumb/v7-m/nofp\libg.a(lib_a-impure.o)
                              d:/stm32/gcc-arm-none-eabi-9-2019-q4-major-win32/bin/../lib/gcc/arm-none-eabi/9.2.1/../../../../arm-none-eabi/lib/thumb/v7-m/nofp\libg.a(lib_a-exit.o) (_global_impure_ptr)
d:/stm32/gcc-arm-none-eabi-9-2019-q4-major-win32/bin/../lib/gcc/arm-none-eabi/9.2.1/../../../../arm-none-eabi/lib/thumb/v7-m/nofp\libg.a(lib_a-init.o)
                              d:/stm32/gcc-arm-none-eabi-9-2019-q4-major-win32/bin/../lib/gcc/arm-none-eabi/9.2.1/../../../../arm-none-eabi/lib/thumb/v7-m/nofp/crt0.o (__libc_init_array)
d:/stm32/gcc-arm-none-eabi-9-2019-q4-major-win32/bin/../lib/gcc/arm-none-eabi/9.2.1/../../../../arm-none-eabi/lib/thumb/v7-m/nofp\libg.a(lib_a-malloc.o)
                              CMakeFiles/STM32F103ZET6.elf.dir/Src/cJSON.c.obj (malloc)
d:/stm32/gcc-arm-none-eabi-9-2019-q4-major-win32/bin/../lib/gcc/arm-none-eabi/9.2.1/../../../../arm-none-eabi/lib/thumb/v7-m/nofp\libg.a(lib_a-mallocr.o)
                              d:/stm32/gcc-arm-none-eabi-9-2019-q4-major-win32/bin/../lib/gcc/arm-none-eabi/9.2.1/../../../../arm-none-eabi/lib/thumb/v7-m/nofp\libg.a(lib_a-malloc.o) (_malloc_r)
d:/stm32/gcc-arm-none-eabi-9-2019-q4-major-win32/bin/../lib/gcc/arm-none-eabi/9.2.1/../../../../arm-none-eabi/lib/thumb/v7-m/nofp\libg.a(lib_a-memcpy.o)
                              CMakeFiles/STM32F103ZET6.elf.dir/Src/cJSON.c.obj (memcpy)
d:/stm32/gcc-arm-none-eabi-9-2019-q4-major-win32/bin/../lib/gcc/arm-none-eabi/9.2.1/../../../../arm-none-eabi/lib/thumb/v7-m/nofp\libg.a(lib_a-memset.o)
                              d:/stm32/gcc-arm-none-eabi-9-2019-q4-major-win32/bin/../lib/gcc/arm-none-eabi/9.2.1/../../../../arm-none-eabi/lib/thumb/v7-m/nofp/crt0.o (memset)
[...]
Memory Configuration

Name             Origin             Length             Attributes
RAM              0x20000000         0x00010000         xrw
FLASH            0x08000000         0x00080000         xr
*default*        0x00000000         0xffffffff

Linker script and memory map

LOAD d:/stm32/gcc-arm-none-eabi-9-2019-q4-major-win32/bin/../lib/gcc/arm-none-eabi/9.2.1/thumb/v7-m/nofp/crti.o
LOAD d:/stm32/gcc-arm-none-eabi-9-2019-q4-major-win32/bin/../lib/gcc/arm-none-eabi/9.2.1/thumb/v7-m/nofp/crtbegin.o
LOAD d:/stm32/gcc-arm-none-eabi-9-2019-q4-major-win32/bin/../lib/gcc/arm-none-eabi/9.2.1/../../../../arm-none-eabi/lib/thumb/v7-m/nofp/crt0.o
LOAD CMakeFiles/STM32F103ZET6.elf.dir/Drivers/STM32F1xx_HAL_Driver/Src/stm32f1xx_hal.c.obj
LOAD CMakeFiles/STM32F103ZET6.elf.dir/Drivers/STM32F1xx_HAL_Driver/Src/stm32f1xx_hal_cortex.c.obj
LOAD CMakeFiles/STM32F103ZET6.elf.dir/Drivers/STM32F1xx_HAL_Driver/Src/stm32f1xx_hal_dma.c.obj
LOAD CMakeFiles/STM32F103ZET6.elf.dir/Drivers/STM32F1xx_HAL_Driver/Src/stm32f1xx_hal_exti.c.obj
LOAD CMakeFiles/STM32F103ZET6.elf.dir/Drivers/STM32F1xx_HAL_Driver/Src/stm32f1xx_hal_flash.c.obj
LOAD CMakeFiles/STM32F103ZET6.elf.dir/Drivers/STM32F1xx_HAL_Driver/Src/stm32f1xx_hal_flash_ex.c.obj
LOAD CMakeFiles/STM32F103ZET6.elf.dir/Drivers/STM32F1xx_HAL_Driver/Src/stm32f1xx_hal_gpio.c.obj
LOAD CMakeFiles/STM32F103ZET6.elf.dir/Drivers/STM32F1xx_HAL_Driver/Src/stm32f1xx_hal_gpio_ex.c.obj
LOAD CMakeFiles/STM32F103ZET6.elf.dir/Drivers/STM32F1xx_HAL_Driver/Src/stm32f1xx_hal_i2c.c.obj
LOAD CMakeFiles/STM32F103ZET6.elf.dir/Drivers/STM32F1xx_HAL_Driver/Src/stm32f1xx_hal_pwr.c.obj
LOAD CMakeFiles/STM32F103ZET6.elf.dir/Drivers/STM32F1xx_HAL_Driver/Src/stm32f1xx_hal_rcc.c.obj
LOAD CMakeFiles/STM32F103ZET6.elf.dir/Drivers/STM32F1xx_HAL_Driver/Src/stm32f1xx_hal_rcc_ex.c.obj
LOAD CMakeFiles/STM32F103ZET6.elf.dir/Drivers/STM32F1xx_HAL_Driver/Src/stm32f1xx_hal_rtc.c.obj
LOAD CMakeFiles/STM32F103ZET6.elf.dir/Drivers/STM32F1xx_HAL_Driver/Src/stm32f1xx_hal_rtc_ex.c.obj
LOAD CMakeFiles/STM32F103ZET6.elf.dir/Drivers/STM32F1xx_HAL_Driver/Src/stm32f1xx_hal_tim.c.obj
LOAD CMakeFiles/STM32F103ZET6.elf.dir/Drivers/STM32F1xx_HAL_Driver/Src/stm32f1xx_hal_tim_ex.c.obj
LOAD CMakeFiles/STM32F103ZET6.elf.dir/Drivers/STM32F1xx_HAL_Driver/Src/stm32f1xx_hal_uart.c.obj
LOAD CMakeFiles/STM32F103ZET6.elf.dir/Src/bh1750.c.obj
LOAD CMakeFiles/STM32F103ZET6.elf.dir/Src/cJSON.c.obj
LOAD CMakeFiles/STM32F103ZET6.elf.dir/Src/delay.c.obj
LOAD CMakeFiles/STM32F103ZET6.elf.dir/Src/dht11.c.obj
LOAD CMakeFiles/STM32F103ZET6.elf.dir/Src/gpio.c.obj
LOAD CMakeFiles/STM32F103ZET6.elf.dir/Src/i2c.c.obj
LOAD CMakeFiles/STM32F103ZET6.elf.dir/Src/main.c.obj
LOAD CMakeFiles/STM32F103ZET6.elf.dir/Src/oled.c.obj
LOAD CMakeFiles/STM32F103ZET6.elf.dir/Src/oledfont.c.obj
LOAD CMakeFiles/STM32F103ZET6.elf.dir/Src/rtc.c.obj
LOAD CMakeFiles/STM32F103ZET6.elf.dir/Src/sgp30.c.obj
LOAD CMakeFiles/STM32F103ZET6.elf.dir/Src/stm32f1xx_hal_msp.c.obj
LOAD CMakeFiles/STM32F103ZET6.elf.dir/Src/stm32f1xx_it.c.obj
LOAD CMakeFiles/STM32F103ZET6.elf.dir/Src/syscalls.c.obj
LOAD CMakeFiles/STM32F103ZET6.elf.dir/Src/system_stm32f1xx.c.obj
LOAD CMakeFiles/STM32F103ZET6.elf.dir/Src/usart.c.obj
LOAD CMakeFiles/STM32F103ZET6.elf.dir/startup/startup_stm32f103xe.s.obj
START GROUP
LOAD d:/stm32/gcc-arm-none-eabi-9-2019-q4-major-win32/bin/../lib/gcc/arm-none-eabi/9.2.1/thumb/v7-m/nofp\libgcc.a
LOAD d:/stm32/gcc-arm-none-eabi-9-2019-q4-major-win32/bin/../lib/gcc/arm-none-eabi/9.2.1/../../../../arm-none-eabi/lib/thumb/v7-m/nofp\libg.a
LOAD d:/stm32/gcc-arm-none-eabi-9-2019-q4-major-win32/bin/../lib/gcc/arm-none-eabi/9.2.1/../../../../arm-none-eabi/lib/thumb/v7-m/nofp\libc.a
END GROUP
LOAD d:/stm32/gcc-arm-none-eabi-9-2019-q4-major-win32/bin/../lib/gcc/arm-none-eabi/9.2.1/thumb/v7-m/nofp/crtend.o
LOAD d:/stm32/gcc-arm-none-eabi-9-2019-q4-major-win32/bin/../lib/gcc/arm-none-eabi/9.2.1/thumb/v7-m/nofp/crtn.o
                0x20010000                _estack = (ORIGIN (RAM) + LENGTH (RAM))
                0x00000200                _Min_Heap_Size = 0x200
                0x00000400                _Min_Stack_Size = 0x400

.isr_vector     0x08000000      0x1e4
                0x08000000                . = ALIGN (0x4)
 *(.isr_vector)
 .isr_vector    0x08000000      0x1e4 CMakeFiles/STM32F103ZET6.elf.dir/startup/startup_stm32f103xe.s.obj
                0x08000000                g_pfnVectors
                0x080001e4                . = ALIGN (0x4)

.text           0x080001e4     0x3968
                0x080001e4                . = ALIGN (0x4)
 *(.text)
 .text          0x080001e4       0x40 d:/stm32/gcc-arm-none-eabi-9-2019-q4-major-win32/bin/../lib/gcc/arm-none-eabi/9.2.1/thumb/v7-m/nofp/crtbegin.o
 .text          0x08000224      0x378 d:/stm32/gcc-arm-none-eabi-9-2019-q4-major-win32/bin/../lib/gcc/arm-none-eabi/9.2.1/thumb/v7-m/nofp\libgcc.a(_arm_addsubdf3.o)
                0x08000224                __aeabi_drsub
                0x0800022c                __aeabi_dsub
                0x0800022c                __subdf3
                0x08000230                __aeabi_dadd
                0x08000230                __adddf3
                0x080004a8                __floatunsidf
                0x080004a8                __aeabi_ui2d
                0x080004c8                __floatsidf
                0x080004c8                __aeabi_i2d
                0x080004ec                __aeabi_f2d
                0x080004ec                __extendsfdf2
                0x08000530                __floatundidf
                0x08000530                __aeabi_ul2d
                0x08000540                __floatdidf
                0x08000540                __aeabi_l2d
 .text          0x0800059c      0x424 d:/stm32/gcc-arm-none-eabi-9-2019-q4-major-win32/bin/../lib/gcc/arm-none-eabi/9.2.1/thumb/v7-m/nofp\libgcc.a(_arm_muldivdf3.o)
                0x0800059c                __aeabi_dmul
                0x0800059c                __muldf3
                0x080007f0                __divdf3
                0x080007f0                __aeabi_ddiv
 .text          0x080009c0       0x40 d:/stm32/gcc-arm-none-eabi-9-2019-q4-major-win32/bin/../lib/gcc/arm-none-eabi/9.2.1/thumb/v7-m/nofp\libgcc.a(_arm_fixunsdfsi.o)
                0x080009c0                __aeabi_d2uiz
                0x080009c0                __fixunsdfsi
 .text          0x08000a00      0x21c d:/stm32/gcc-arm-none-eabi-9-2019-q4-major-win32/bin/../lib/gcc/arm-none-eabi/9.2.1/thumb/v7-m/nofp\libgcc.a(_arm_addsubsf3.o)
                0x08000a00                __aeabi_frsub
                0x08000a08                __subsf3
                0x08000a08                __aeabi_fsub
                0x08000a0c                __aeabi_fadd
                0x08000a0c                __addsf3
                0x08000b6c                __aeabi_ui2f
                0x08000b6c                __floatunsisf
                0x08000b74                __aeabi_i2f
                0x08000b74                __floatsisf
                0x08000b90                __aeabi_ul2f
                0x08000b90                __floatundisf
                0x08000ba0                __aeabi_l2f
                0x08000ba0                __floatdisf
 *(.text*)
 .text.HAL_InitTick
                0x08000c1c       0x4c CMakeFiles/STM32F103ZET6.elf.dir/Drivers/STM32F1xx_HAL_Driver/Src/stm32f1xx_hal.c.obj
                0x08000c1c                HAL_InitTick
 .text.HAL_Init
                0x08000c68       0x24 CMakeFiles/STM32F103ZET6.elf.dir/Drivers/STM32F1xx_HAL_Driver/Src/stm32f1xx_hal.c.obj
                0x08000c68                HAL_Init
 .text.HAL_IncTick
                0x08000c8c       0x18 CMakeFiles/STM32F103ZET6.elf.dir/Drivers/STM32F1xx_HAL_Driver/Src/stm32f1xx_hal.c.obj
                0x08000c8c                HAL_IncTick
 .text.HAL_GetTick
                0x08000ca4        0xc CMakeFiles/STM32F103ZET6.elf.dir/Drivers/STM32F1xx_HAL_Driver/Src/stm32f1xx_hal.c.obj
                0x08000ca4                HAL_GetTick
 .text.HAL_Delay
                0x08000cb0       0x28 CMakeFiles/STM32F103ZET6.elf.dir/Drivers/STM32F1xx_HAL_Driver/Src/stm32f1xx_hal.c.obj
                0x08000cb0                HAL_Delay
 .text.HAL_NVIC_SetPriorityGrouping
                0x08000cd8       0x24 CMakeFiles/STM32F103ZET6.elf.dir/Drivers/STM32F1xx_HAL_Driver/Src/stm32f1xx_hal_cortex.c.obj
                0x08000cd8                HAL_NVIC_SetPriorityGrouping
 .text.HAL_NVIC_SetPriority
                0x08000cfc       0x68 CMakeFiles/STM32F103ZET6.elf.dir/Drivers/STM32F1xx_HAL_Driver/Src/stm32f1xx_hal_cortex.c.obj
                0x08000cfc                HAL_NVIC_SetPriority
 .text.HAL_SYSTICK_Config
                0x08000d64       0x2c CMakeFiles/STM32F103ZET6.elf.dir/Drivers/STM32F1xx_HAL_Driver/Src/stm32f1xx_hal_cortex.c.obj
                0x08000d64                HAL_SYSTICK_Config
 .text.HAL_SYSTICK_CLKSourceConfig
                0x08000d90       0x20 CMakeFiles/STM32F103ZET6.elf.dir/Drivers/STM32F1xx_HAL_Driver/Src/stm32f1xx_hal_cortex.c.obj
                0x08000d90                HAL_SYSTICK_CLKSourceConfig
 .text.HAL_DMA_Abort
                0x08000db0       0x46 CMakeFiles/STM32F103ZET6.elf.dir/Drivers/STM32F1xx_HAL_Driver/Src/stm32f1xx_hal_dma.c.obj
                0x08000db0                HAL_DMA_Abort
 *fill*         0x08000df6        0x2 
 .text.HAL_DMA_Abort_IT
                0x08000df8      0x16c CMakeFiles/STM32F103ZET6.elf.dir/Drivers/STM32F1xx_HAL_Driver/Src/stm32f1xx_hal_dma.c.obj
                0x08000df8                HAL_DMA_Abort_IT
 .text.HAL_GPIO_Init
                0x08000f64      0x238 CMakeFiles/STM32F103ZET6.elf.dir/Drivers/STM32F1xx_HAL_Driver/Src/stm32f1xx_hal_gpio.c.obj
                0x08000f64                HAL_GPIO_Init
 .text.HAL_GPIO_ReadPin
                0x0800119c        0xe CMakeFiles/STM32F103ZET6.elf.dir/Drivers/STM32F1xx_HAL_Driver/Src/stm32f1xx_hal_gpio.c.obj
                0x0800119c                HAL_GPIO_ReadPin
 .text.HAL_GPIO_WritePin
                0x080011aa        0xc CMakeFiles/STM32F103ZET6.elf.dir/Drivers/STM32F1xx_HAL_Driver/Src/stm32f1xx_hal_gpio.c.obj
                0x080011aa                HAL_GPIO_WritePin
 .text.I2C_IsAcknowledgeFailed
                0x080011b6       0x32 CMakeFiles/STM32F103ZET6.elf.dir/Drivers/STM32F1xx_HAL_Driver/Src/stm32f1xx_hal_i2c.c.obj
 .text.I2C_WaitOnFlagUntilTimeout
                0x080011e8       0xb2 CMakeFiles/STM32F103ZET6.elf.dir/Drivers/STM32F1xx_HAL_Driver/Src/stm32f1xx_hal_i2c.c.obj
 .text.I2C_WaitOnMasterAddressFlagUntilTimeout
                0x0800129a       0xd6 CMakeFiles/STM32F103ZET6.elf.dir/Drivers/STM32F1xx_HAL_Driver/Src/stm32f1xx_hal_i2c.c.obj
 .text.I2C_WaitOnTXEFlagUntilTimeout
                0x08001370       0x5e CMakeFiles/STM32F103ZET6.elf.dir/Drivers/STM32F1xx_HAL_Driver/Src/stm32f1xx_hal_i2c.c.obj
 *fill*         0x080013ce        0x2 
 .text.I2C_RequestMemoryWrite
                0x080013d0       0xd8 CMakeFiles/STM32F103ZET6.elf.dir/Drivers/STM32F1xx_HAL_Driver/Src/stm32f1xx_hal_i2c.c.obj
 .text.I2C_WaitOnBTFFlagUntilTimeout
                0x080014a8       0x5e CMakeFiles/STM32F103ZET6.elf.dir/Drivers/STM32F1xx_HAL_Driver/Src/stm32f1xx_hal_i2c.c.obj
 *fill*         0x08001506        0x2 
 .text.HAL_I2C_Init
                0x08001508      0x1bc CMakeFiles/STM32F103ZET6.elf.dir/Drivers/STM32F1xx_HAL_Driver/Src/stm32f1xx_hal_i2c.c.obj
                0x08001508                HAL_I2C_Init
 .text.HAL_I2C_Mem_Write
                0x080016c4      0x164 CMakeFiles/STM32F103ZET6.elf.dir/Drivers/STM32F1xx_HAL_Driver/Src/stm32f1xx_hal_i2c.c.obj
                0x080016c4                HAL_I2C_Mem_Write
 .text.HAL_PWR_EnableBkUpAccess
                0x08001828        0xc CMakeFiles/STM32F103ZET6.elf.dir/Drivers/STM32F1xx_HAL_Driver/Src/stm32f1xx_hal_pwr.c.obj
                0x08001828                HAL_PWR_EnableBkUpAccess
 .text.RCC_Delay
                0x08001834       0x2c CMakeFiles/STM32F103ZET6.elf.dir/Drivers/STM32F1xx_HAL_Driver/Src/stm32f1xx_hal_rcc.c.obj
 .text.HAL_RCC_OscConfig
                0x08001860      0x410 CMakeFiles/STM32F103ZET6.elf.dir/Drivers/STM32F1xx_HAL_Driver/Src/stm32f1xx_hal_rcc.c.obj
                0x08001860                HAL_RCC_OscConfig
 .text.HAL_RCC_GetSysClockFreq
                0x08001c70       0x54 CMakeFiles/STM32F103ZET6.elf.dir/Drivers/STM32F1xx_HAL_Driver/Src/stm32f1xx_hal_rcc.c.obj
                0x08001c70                HAL_RCC_GetSysClockFreq
 .text.HAL_RCC_ClockConfig
                0x08001cc4      0x16c CMakeFiles/STM32F103ZET6.elf.dir/Drivers/STM32F1xx_HAL_Driver/Src/stm32f1xx_hal_rcc.c.obj
                0x08001cc4                HAL_RCC_ClockConfig
 .text.HAL_RCC_GetHCLKFreq
                0x08001e30        0xc CMakeFiles/STM32F103ZET6.elf.dir/Drivers/STM32F1xx_HAL_Driver/Src/stm32f1xx_hal_rcc.c.obj
                0x08001e30                HAL_RCC_GetHCLKFreq
 .text.HAL_RCC_GetPCLK1Freq
                0x08001e3c       0x20 CMakeFiles/STM32F103ZET6.elf.dir/Drivers/STM32F1xx_HAL_Driver/Src/stm32f1xx_hal_rcc.c.obj
                0x08001e3c                HAL_RCC_GetPCLK1Freq
 .text.HAL_RCC_GetPCLK2Freq
                0x08001e5c       0x20 CMakeFiles/STM32F103ZET6.elf.dir/Drivers/STM32F1xx_HAL_Driver/Src/stm32f1xx_hal_rcc.c.obj
                0x08001e5c                HAL_RCC_GetPCLK2Freq
 .text.HAL_RCCEx_PeriphCLKConfig
                0x08001e7c      0x114 CMakeFiles/STM32F103ZET6.elf.dir/Drivers/STM32F1xx_HAL_Driver/Src/stm32f1xx_hal_rcc_ex.c.obj
                0x08001e7c                HAL_RCCEx_PeriphCLKConfig
 .text.HAL_RCCEx_GetPeriphCLKFreq
                0x08001f90       0xf4 CMakeFiles/STM32F103ZET6.elf.dir/Drivers/STM32F1xx_HAL_Driver/Src/stm32f1xx_hal_rcc_ex.c.obj
                0x08001f90                HAL_RCCEx_GetPeriphCLKFreq
 .text.RTC_EnterInitMode
                0x08002084       0x30 CMakeFiles/STM32F103ZET6.elf.dir/Drivers/STM32F1xx_HAL_Driver/Src/stm32f1xx_hal_rtc.c.obj
 .text.RTC_ExitInitMode
                0x080020b4       0x32 CMakeFiles/STM32F103ZET6.elf.dir/Drivers/STM32F1xx_HAL_Driver/Src/stm32f1xx_hal_rtc.c.obj
 .text.HAL_RTC_WaitForSynchro
                0x080020e6       0x38 CMakeFiles/STM32F103ZET6.elf.dir/Drivers/STM32F1xx_HAL_Driver/Src/stm32f1xx_hal_rtc.c.obj
                0x080020e6                HAL_RTC_WaitForSynchro
 *fill*         0x0800211e        0x2 
 .text.HAL_RTC_Init
                0x08002120       0xb0 CMakeFiles/STM32F103ZET6.elf.dir/Drivers/STM32F1xx_HAL_Driver/Src/stm32f1xx_hal_rtc.c.obj
                0x08002120                HAL_RTC_Init
 .text.UART_EndRxTransfer
                0x080021d0       0x5c CMakeFiles/STM32F103ZET6.elf.dir/Drivers/STM32F1xx_HAL_Driver/Src/stm32f1xx_hal_uart.c.obj
 .text.UART_Transmit_IT
                0x0800222c       0x60 CMakeFiles/STM32F103ZET6.elf.dir/Drivers/STM32F1xx_HAL_Driver/Src/stm32f1xx_hal_uart.c.obj
 .text.UART_SetConfig
                0x0800228c       0x90 CMakeFiles/STM32F103ZET6.elf.dir/Drivers/STM32F1xx_HAL_Driver/Src/stm32f1xx_hal_uart.c.obj
 .text.HAL_UART_Init
                0x0800231c       0x60 CMakeFiles/STM32F103ZET6.elf.dir/Drivers/STM32F1xx_HAL_Driver/Src/stm32f1xx_hal_uart.c.obj
                0x0800231c                HAL_UART_Init
 .text.HAL_UART_TxCpltCallback
                0x0800237c        0x2 CMakeFiles/STM32F103ZET6.elf.dir/Drivers/STM32F1xx_HAL_Driver/Src/stm32f1xx_hal_uart.c.obj
                0x0800237c                HAL_UART_TxCpltCallback
 .text.UART_EndTransmit_IT
                0x0800237e       0x1a CMakeFiles/STM32F103ZET6.elf.dir/Drivers/STM32F1xx_HAL_Driver/Src/stm32f1xx_hal_uart.c.obj
 .text.HAL_UART_RxCpltCallback
                0x08002398        0x2 CMakeFiles/STM32F103ZET6.elf.dir/Drivers/STM32F1xx_HAL_Driver/Src/stm32f1xx_hal_uart.c.obj
                0x08002398                HAL_UART_RxCpltCallback
 .text.HAL_UART_ErrorCallback
                0x0800239a        0x2 CMakeFiles/STM32F103ZET6.elf.dir/Drivers/STM32F1xx_HAL_Driver/Src/stm32f1xx_hal_uart.c.obj
                0x0800239a                HAL_UART_ErrorCallback
 .text.UART_DMAAbortOnError
                0x0800239c       0x10 CMakeFiles/STM32F103ZET6.elf.dir/Drivers/STM32F1xx_HAL_Driver/Src/stm32f1xx_hal_uart.c.obj
 .text.HAL_UARTEx_RxEventCallback
                0x080023ac        0x2 CMakeFiles/STM32F103ZET6.elf.dir/Drivers/STM32F1xx_HAL_Driver/Src/stm32f1xx_hal_uart.c.obj
                0x080023ac                HAL_UARTEx_RxEventCallback
 .text.UART_Receive_IT
                0x080023ae       0xe6 CMakeFiles/STM32F103ZET6.elf.dir/Drivers/STM32F1xx_HAL_Driver/Src/stm32f1xx_hal_uart.c.obj
 .text.HAL_UART_IRQHandler
                0x08002494      0x288 CMakeFiles/STM32F103ZET6.elf.dir/Drivers/STM32F1xx_HAL_Driver/Src/stm32f1xx_hal_uart.c.obj
                0x08002494                HAL_UART_IRQHandler
 .text.delay_nus
                0x0800271c       0x9e CMakeFiles/STM32F103ZET6.elf.dir/Src/bh1750.c.obj
                0x0800271c                delay_nus
 *fill*         0x080027ba        0x2 
 .text.BH1750_Start
                0x080027bc       0x40 CMakeFiles/STM32F103ZET6.elf.dir/Src/bh1750.c.obj
                0x080027bc                BH1750_Start
 .text.BH1750_Stop
                0x080027fc       0x34 CMakeFiles/STM32F103ZET6.elf.dir/Src/bh1750.c.obj
                0x080027fc                BH1750_Stop
 .text.BH1750_SendACK
                0x08002830       0x60 CMakeFiles/STM32F103ZET6.elf.dir/Src/bh1750.c.obj
                0x08002830                BH1750_SendACK
 .text.BH1750_RecvACK
                0x08002890       0x74 CMakeFiles/STM32F103ZET6.elf.dir/Src/bh1750.c.obj
                0x08002890                BH1750_RecvACK
 .text.BH1750_SendByte
                0x08002904       0x5c CMakeFiles/STM32F103ZET6.elf.dir/Src/bh1750.c.obj
                0x08002904                BH1750_SendByte
 .text.BH1750_Init
                0x08002960       0x18 CMakeFiles/STM32F103ZET6.elf.dir/Src/bh1750.c.obj
                0x08002960                BH1750_Init
 .text.Single_Write_BH1750
                0x08002978       0x1a CMakeFiles/STM32F103ZET6.elf.dir/Src/bh1750.c.obj
                0x08002978                Single_Write_BH1750
 *fill*         0x08002992        0x2 
 .text.BH1750_RecvByte
                0x08002994       0x80 CMakeFiles/STM32F103ZET6.elf.dir/Src/bh1750.c.obj
                0x08002994                BH1750_RecvByte
 .text.mread    0x08002a14       0x3c CMakeFiles/STM32F103ZET6.elf.dir/Src/bh1750.c.obj
                0x08002a14                mread
 .text.BH1750_Get_Value
                0x08002a50       0x48 CMakeFiles/STM32F103ZET6.elf.dir/Src/bh1750.c.obj
                0x08002a50                BH1750_Get_Value
 .text.delay_Init
                0x08002a98       0x3c CMakeFiles/STM32F103ZET6.elf.dir/Src/delay.c.obj
                0x08002a98                delay_Init
 .text.delay_us
                0x08002ad4       0x3c CMakeFiles/STM32F103ZET6.elf.dir/Src/delay.c.obj
                0x08002ad4                delay_us
 .text.delay_ms
                0x08002b10       0x3c CMakeFiles/STM32F103ZET6.elf.dir/Src/delay.c.obj
                0x08002b10                delay_ms
 .text.DHT11_IO_OUT
                0x08002b4c       0x40 CMakeFiles/STM32F103ZET6.elf.dir/Src/dht11.c.obj
                0x08002b4c                DHT11_IO_OUT
 .text.DHT11_IO_IN
                0x08002b8c       0x3c CMakeFiles/STM32F103ZET6.elf.dir/Src/dht11.c.obj
                0x08002b8c                DHT11_IO_IN
 .text.DHT11_ReSet
                0x08002bc8       0x34 CMakeFiles/STM32F103ZET6.elf.dir/Src/dht11.c.obj
                0x08002bc8                DHT11_ReSet
 .text.DHT11_Check
                0x08002bfc       0x5c CMakeFiles/STM32F103ZET6.elf.dir/Src/dht11.c.obj
                0x08002bfc                DHT11_Check
 .text.DHT11_Read_Bit
                0x08002c58       0x60 CMakeFiles/STM32F103ZET6.elf.dir/Src/dht11.c.obj
                0x08002c58                DHT11_Read_Bit
 .text.DHT11_Read_Byte
                0x08002cb8       0x1e CMakeFiles/STM32F103ZET6.elf.dir/Src/dht11.c.obj
                0x08002cb8                DHT11_Read_Byte
 .text.Read_DHT11_Data
                0x08002cd6       0x5a CMakeFiles/STM32F103ZET6.elf.dir/Src/dht11.c.obj
                0x08002cd6                Read_DHT11_Data
 .text.DHT11_Init
                0x08002d30        0xc CMakeFiles/STM32F103ZET6.elf.dir/Src/dht11.c.obj
                0x08002d30                DHT11_Init
 .text.MX_GPIO_Init
                0x08002d3c       0x30 CMakeFiles/STM32F103ZET6.elf.dir/Src/gpio.c.obj
                0x08002d3c                MX_GPIO_Init
 .text.MX_I2C1_Init
                0x08002d6c       0x3c CMakeFiles/STM32F103ZET6.elf.dir/Src/i2c.c.obj
                0x08002d6c                MX_I2C1_Init
 .text.MX_I2C2_Init
                0x08002da8       0x3c CMakeFiles/STM32F103ZET6.elf.dir/Src/i2c.c.obj
                0x08002da8                MX_I2C2_Init
 .text.HAL_I2C_MspInit
                0x08002de4       0xac CMakeFiles/STM32F103ZET6.elf.dir/Src/i2c.c.obj
                0x08002de4                HAL_I2C_MspInit
 .text.Error_Handler
                0x08002e90        0x4 CMakeFiles/STM32F103ZET6.elf.dir/Src/main.c.obj
                0x08002e90                Error_Handler
 .text.SystemClock_Config
                0x08002e94       0x86 CMakeFiles/STM32F103ZET6.elf.dir/Src/main.c.obj
                0x08002e94                SystemClock_Config
 *fill*         0x08002f1a        0x2 
 .text.main     0x08002f1c      0x1f4 CMakeFiles/STM32F103ZET6.elf.dir/Src/main.c.obj
                0x08002f1c                main
 .text.WriteCmd
                0x08003110       0x38 CMakeFiles/STM32F103ZET6.elf.dir/Src/oled.c.obj
                0x08003110                WriteCmd
 .text.OLED_WR_CMD
                0x08003148       0x2c CMakeFiles/STM32F103ZET6.elf.dir/Src/oled.c.obj
                0x08003148                OLED_WR_CMD
 .text.OLED_WR_DATA
                0x08003174       0x2c CMakeFiles/STM32F103ZET6.elf.dir/Src/oled.c.obj
                0x08003174                OLED_WR_DATA
 .text.OLED_Init
                0x080031a0        0xe CMakeFiles/STM32F103ZET6.elf.dir/Src/oled.c.obj
                0x080031a0                OLED_Init
 .text.OLED_Clear
                0x080031ae       0x3a CMakeFiles/STM32F103ZET6.elf.dir/Src/oled.c.obj
                0x080031ae                OLED_Clear
 .text.OLED_Set_Pos
                0x080031e8       0x22 CMakeFiles/STM32F103ZET6.elf.dir/Src/oled.c.obj
                0x080031e8                OLED_Set_Pos
 .text.oled_pow
                0x0800320a       0x14 CMakeFiles/STM32F103ZET6.elf.dir/Src/oled.c.obj
                0x0800320a                oled_pow
 *fill*         0x0800321e        0x2 
 .text.OLED_ShowChar
                0x08003220       0x90 CMakeFiles/STM32F103ZET6.elf.dir/Src/oled.c.obj
                0x08003220                OLED_ShowChar
 .text.OLED_ShowNum
                0x080032b0       0x94 CMakeFiles/STM32F103ZET6.elf.dir/Src/oled.c.obj
                0x080032b0                OLED_ShowNum
 .text.OLED_ShowString
                0x08003344       0x36 CMakeFiles/STM32F103ZET6.elf.dir/Src/oled.c.obj
                0x08003344                OLED_ShowString
 .text.OLED_ShowChinese
                0x0800337a       0x4c CMakeFiles/STM32F103ZET6.elf.dir/Src/oled.c.obj
                0x0800337a                OLED_ShowChinese
 *fill*         0x080033c6        0x2 
 .text.MX_RTC_Init
                0x080033c8       0x2c CMakeFiles/STM32F103ZET6.elf.dir/Src/rtc.c.obj
                0x080033c8                MX_RTC_Init
 .text.HAL_RTC_MspInit
                0x080033f4       0x40 CMakeFiles/STM32F103ZET6.elf.dir/Src/rtc.c.obj
                0x080033f4                HAL_RTC_MspInit
 .text.SGP30_GPIO_Init
                0x08003434       0x58 CMakeFiles/STM32F103ZET6.elf.dir/Src/sgp30.c.obj
                0x08003434                SGP30_GPIO_Init
 .text.SDA_OUT  0x0800348c       0x24 CMakeFiles/STM32F103ZET6.elf.dir/Src/sgp30.c.obj
                0x0800348c                SDA_OUT
 .text.SDA_IN   0x080034b0       0x24 CMakeFiles/STM32F103ZET6.elf.dir/Src/sgp30.c.obj
                0x080034b0                SDA_IN
 .text.SGP30_IIC_Start
                0x080034d4       0x44 CMakeFiles/STM32F103ZET6.elf.dir/Src/sgp30.c.obj
                0x080034d4                SGP30_IIC_Start
 .text.SGP30_IIC_Stop
                0x08003518       0x44 CMakeFiles/STM32F103ZET6.elf.dir/Src/sgp30.c.obj
                0x08003518                SGP30_IIC_Stop
 .text.SGP30_IIC_Wait_Ack
                0x0800355c       0x60 CMakeFiles/STM32F103ZET6.elf.dir/Src/sgp30.c.obj
                0x0800355c                SGP30_IIC_Wait_Ack
 .text.SGP30_IIC_Ack
                0x080035bc       0x44 CMakeFiles/STM32F103ZET6.elf.dir/Src/sgp30.c.obj
                0x080035bc                SGP30_IIC_Ack
 .text.SGP30_IIC_NAck
                0x08003600       0x44 CMakeFiles/STM32F103ZET6.elf.dir/Src/sgp30.c.obj
                0x08003600                SGP30_IIC_NAck
 .text.SGP30_IIC_Send_Byte
                0x08003644       0x74 CMakeFiles/STM32F103ZET6.elf.dir/Src/sgp30.c.obj
                0x08003644                SGP30_IIC_Send_Byte
 .text.SGP30_IIC_Read_Byte
                0x080036b8       0x64 CMakeFiles/STM32F103ZET6.elf.dir/Src/sgp30.c.obj
                0x080036b8                SGP30_IIC_Read_Byte
 .text.SGP30_Write
                0x0800371c       0x34 CMakeFiles/STM32F103ZET6.elf.dir/Src/sgp30.c.obj
                0x0800371c                SGP30_Write
 .text.SGP30_Init
                0x08003750       0x10 CMakeFiles/STM32F103ZET6.elf.dir/Src/sgp30.c.obj
                0x08003750                SGP30_Init
 .text.SGP30_Read
                0x08003760       0x42 CMakeFiles/STM32F103ZET6.elf.dir/Src/sgp30.c.obj
                0x08003760                SGP30_Read
 *fill*         0x080037a2        0x2 
 .text.HAL_MspInit
                0x080037a4       0x44 CMakeFiles/STM32F103ZET6.elf.dir/Src/stm32f1xx_hal_msp.c.obj
                0x080037a4                HAL_MspInit
 .text.NMI_Handler
                0x080037e8        0x2 CMakeFiles/STM32F103ZET6.elf.dir/Src/stm32f1xx_it.c.obj
                0x080037e8                NMI_Handler
 .text.HardFault_Handler
                0x080037ea        0x2 CMakeFiles/STM32F103ZET6.elf.dir/Src/stm32f1xx_it.c.obj
                0x080037ea                HardFault_Handler
 .text.MemManage_Handler
                0x080037ec        0x2 CMakeFiles/STM32F103ZET6.elf.dir/Src/stm32f1xx_it.c.obj
                0x080037ec                MemManage_Handler
 .text.BusFault_Handler
                0x080037ee        0x2 CMakeFiles/STM32F103ZET6.elf.dir/Src/stm32f1xx_it.c.obj
                0x080037ee                BusFault_Handler
 .text.UsageFault_Handler
                0x080037f0        0x2 CMakeFiles/STM32F103ZET6.elf.dir/Src/stm32f1xx_it.c.obj
                0x080037f0                UsageFault_Handler
 .text.SVC_Handler
                0x080037f2        0x2 CMakeFiles/STM32F103ZET6.elf.dir/Src/stm32f1xx_it.c.obj
                0x080037f2                SVC_Handler
 .text.DebugMon_Handler
                0x080037f4        0x2 CMakeFiles/STM32F103ZET6.elf.dir/Src/stm32f1xx_it.c.obj
                0x080037f4                DebugMon_Handler
 .text.PendSV_Handler
                0x080037f6        0x2 CMakeFiles/STM32F103ZET6.elf.dir/Src/stm32f1xx_it.c.obj
                0x080037f6                PendSV_Handler
 .text.SysTick_Handler
                0x080037f8        0x8 CMakeFiles/STM32F103ZET6.elf.dir/Src/stm32f1xx_it.c.obj
                0x080037f8                SysTick_Handler
 .text.SystemInit
                0x08003800        0x2 CMakeFiles/STM32F103ZET6.elf.dir/Src/system_stm32f1xx.c.obj
                0x08003800                SystemInit
 *fill*         0x08003802        0x2 
 .text.MX_USART1_UART_Init
                0x08003804       0x34 CMakeFiles/STM32F103ZET6.elf.dir/Src/usart.c.obj
                0x08003804                MX_USART1_UART_Init
 .text.MX_USART2_UART_Init
                0x08003838       0x34 CMakeFiles/STM32F103ZET6.elf.dir/Src/usart.c.obj
                0x08003838                MX_USART2_UART_Init
 .text.HAL_UART_MspInit
                0x0800386c       0xd4 CMakeFiles/STM32F103ZET6.elf.dir/Src/usart.c.obj
                0x0800386c                HAL_UART_MspInit
 .text.USART1_IRQHandler
                0x08003940       0x80 CMakeFiles/STM32F103ZET6.elf.dir/Src/usart.c.obj
                0x08003940                USART1_IRQHandler
 .text.Reset_Handler
                0x080039c0       0x48 CMakeFiles/STM32F103ZET6.elf.dir/startup/startup_stm32f103xe.s.obj
                0x080039c0                Reset_Handler
 .text.Default_Handler
                0x08003a08        0x2 CMakeFiles/STM32F103ZET6.elf.dir/startup/startup_stm32f103xe.s.obj
                0x08003a08                RTC_Alarm_IRQHandler
                0x08003a08                EXTI2_IRQHandler
                0x08003a08                TIM8_TRG_COM_IRQHandler
                0x08003a08                TIM8_CC_IRQHandler
                0x08003a08                TIM1_CC_IRQHandler
                0x08003a08                TIM6_IRQHandler
                0x08003a08                PVD_IRQHandler
                0x08003a08                SDIO_IRQHandler
                0x08003a08                EXTI3_IRQHandler
                0x08003a08                EXTI0_IRQHandler
                0x08003a08                I2C2_EV_IRQHandler
                0x08003a08                ADC1_2_IRQHandler
                0x08003a08                SPI1_IRQHandler
                0x08003a08                TAMPER_IRQHandler
                0x08003a08                TIM8_UP_IRQHandler
                0x08003a08                DMA2_Channel2_IRQHandler
                0x08003a08                DMA1_Channel4_IRQHandler
                0x08003a08                USART3_IRQHandler
                0x08003a08                RTC_IRQHandler
                0x08003a08                DMA1_Channel7_IRQHandler
                0x08003a08                CAN1_RX1_IRQHandler
                0x08003a08                UART5_IRQHandler
                0x08003a08                ADC3_IRQHandler
                0x08003a08                TIM4_IRQHandler
                0x08003a08                DMA2_Channel1_IRQHandler
                0x08003a08                I2C1_EV_IRQHandler
                0x08003a08                DMA1_Channel6_IRQHandler
                0x08003a08                UART4_IRQHandler
                0x08003a08                TIM3_IRQHandler
                0x08003a08                RCC_IRQHandler
                0x08003a08                TIM1_TRG_COM_IRQHandler
                0x08003a08                DMA1_Channel1_IRQHandler
                0x08003a08                Default_Handler
                0x08003a08                EXTI15_10_IRQHandler
                0x08003a08                TIM7_IRQHandler
                0x08003a08                TIM5_IRQHandler
                0x08003a08                EXTI9_5_IRQHandler
                0x08003a08                SPI2_IRQHandler
                0x08003a08                DMA1_Channel5_IRQHandler
                0x08003a08                EXTI4_IRQHandler
                0x08003a08                USB_LP_CAN1_RX0_IRQHandler
                0x08003a08                USB_HP_CAN1_TX_IRQHandler
                0x08003a08                DMA1_Channel3_IRQHandler
                0x08003a08                FSMC_IRQHandler
                0x08003a08                TIM1_UP_IRQHandler
                0x08003a08                WWDG_IRQHandler
                0x08003a08                TIM2_IRQHandler
                0x08003a08                TIM1_BRK_IRQHandler
                0x08003a08                EXTI1_IRQHandler
                0x08003a08                DMA2_Channel4_5_IRQHandler
                0x08003a08                USART2_IRQHandler
                0x08003a08                I2C2_ER_IRQHandler
                0x08003a08                DMA1_Channel2_IRQHandler
                0x08003a08                TIM8_BRK_IRQHandler
                0x08003a08                CAN1_SCE_IRQHandler
                0x08003a08                FLASH_IRQHandler
                0x08003a08                SPI3_IRQHandler
                0x08003a08                I2C1_ER_IRQHandler
                0x08003a08                USBWakeUp_IRQHandler
                0x08003a08                DMA2_Channel3_IRQHandler
 *fill*         0x08003a0a        0x2 
 .text.__libc_init_array
                0x08003a0c       0x48 d:/stm32/gcc-arm-none-eabi-9-2019-q4-major-win32/bin/../lib/gcc/arm-none-eabi/9.2.1/../../../../arm-none-eabi/lib/thumb/v7-m/nofp\libg.a(lib_a-init.o)
                0x08003a0c                __libc_init_array
 .text.startup.register_fini
                0x08003a54       0x14 d:/stm32/gcc-arm-none-eabi-9-2019-q4-major-win32/bin/../lib/gcc/arm-none-eabi/9.2.1/../../../../arm-none-eabi/lib/thumb/v7-m/nofp\libg.a(lib_a-__call_atexit.o)
 .text.atexit   0x08003a68        0xc d:/stm32/gcc-arm-none-eabi-9-2019-q4-major-win32/bin/../lib/gcc/arm-none-eabi/9.2.1/../../../../arm-none-eabi/lib/thumb/v7-m/nofp\libg.a(lib_a-atexit.o)
                0x08003a68                atexit
 .text.__libc_fini_array
                0x08003a74       0x2c d:/stm32/gcc-arm-none-eabi-9-2019-q4-major-win32/bin/../lib/gcc/arm-none-eabi/9.2.1/../../../../arm-none-eabi/lib/thumb/v7-m/nofp\libg.a(lib_a-fini.o)
                0x08003a74                __libc_fini_array
 .text.__retarget_lock_acquire_recursive
                0x08003aa0        0x4 d:/stm32/gcc-arm-none-eabi-9-2019-q4-major-win32/bin/../lib/gcc/arm-none-eabi/9.2.1/../../../../arm-none-eabi/lib/thumb/v7-m/nofp\libg.a(lib_a-lock.o)
                0x08003aa0                __retarget_lock_acquire_recursive
 .text.__retarget_lock_release_recursive
                0x08003aa4        0x4 d:/stm32/gcc-arm-none-eabi-9-2019-q4-major-win32/bin/../lib/gcc/arm-none-eabi/9.2.1/../../../../arm-none-eabi/lib/thumb/v7-m/nofp\libg.a(lib_a-lock.o)
                0x08003aa4                __retarget_lock_release_recursive
 .text.__register_exitproc
                0x08003aa8       0x8c d:/stm32/gcc-arm-none-eabi-9-2019-q4-major-win32/bin/../lib/gcc/arm-none-eabi/9.2.1/../../../../arm-none-eabi/lib/thumb/v7-m/nofp\libg.a(lib_a-__atexit.o)
                0x08003aa8                __register_exitproc
 *(.glue_7)
 .glue_7        0x08003b34        0x0 linker stubs
 *(.glue_7t)
 .glue_7t       0x08003b34        0x0 linker stubs
 *(.eh_frame)
 .eh_frame      0x08003b34        0x0 d:/stm32/gcc-arm-none-eabi-9-2019-q4-major-win32/bin/../lib/gcc/arm-none-eabi/9.2.1/thumb/v7-m/nofp/crtbegin.o
 *(.init)
 .init          0x08003b34        0x4 d:/stm32/gcc-arm-none-eabi-9-2019-q4-major-win32/bin/../lib/gcc/arm-none-eabi/9.2.1/thumb/v7-m/nofp/crti.o
                0x08003b34                _init
 .init          0x08003b38        0x8 d:/stm32/gcc-arm-none-eabi-9-2019-q4-major-win32/bin/../lib/gcc/arm-none-eabi/9.2.1/thumb/v7-m/nofp/crtn.o
 *(.fini)
 .fini          0x08003b40        0x4 d:/stm32/gcc-arm-none-eabi-9-2019-q4-major-win32/bin/../lib/gcc/arm-none-eabi/9.2.1/thumb/v7-m/nofp/crti.o
                0x08003b40                _fini
 .fini          0x08003b44        0x8 d:/stm32/gcc-arm-none-eabi-9-2019-q4-major-win32/bin/../lib/gcc/arm-none-eabi/9.2.1/thumb/v7-m/nofp/crtn.o
                0x08003b4c                . = ALIGN (0x4)
                0x08003b4c                _etext = .

.vfp11_veneer   0x08003b4c        0x0
 .vfp11_veneer  0x08003b4c        0x0 linker stubs

.v4_bx          0x08003b4c        0x0
 .v4_bx         0x08003b4c        0x0 linker stubs

.iplt           0x08003b4c        0x0
 .iplt          0x08003b4c        0x0 d:/stm32/gcc-arm-none-eabi-9-2019-q4-major-win32/bin/../lib/gcc/arm-none-eabi/9.2.1/thumb/v7-m/nofp/crtbegin.o

.rodata         0x08003b4c      0xbe8
                0x08003b4c                . = ALIGN (0x4)
 *(.rodata)
 *(.rodata*)
 .rodata.aPLLMULFactorTable.6159
                0x08003b4c       0x10 CMakeFiles/STM32F103ZET6.elf.dir/Drivers/STM32F1xx_HAL_Driver/Src/stm32f1xx_hal_rcc.c.obj
 .rodata.aPredivFactorTable.6160
                0x08003b5c        0x2 CMakeFiles/STM32F103ZET6.elf.dir/Drivers/STM32F1xx_HAL_Driver/Src/stm32f1xx_hal_rcc.c.obj
 *fill*         0x08003b5e        0x2 
 .rodata.aPLLMULFactorTable.6094
                0x08003b60       0x10 CMakeFiles/STM32F103ZET6.elf.dir/Drivers/STM32F1xx_HAL_Driver/Src/stm32f1xx_hal_rcc_ex.c.obj
 .rodata.aPredivFactorTable.6095
                0x08003b70        0x2 CMakeFiles/STM32F103ZET6.elf.dir/Drivers/STM32F1xx_HAL_Driver/Src/stm32f1xx_hal_rcc_ex.c.obj
 *fill*         0x08003b72        0x2 
 .rodata.main.str1.4
                0x08003b74        0xc CMakeFiles/STM32F103ZET6.elf.dir/Src/main.c.obj
 .rodata.AIR    0x08003b80      0x100 CMakeFiles/STM32F103ZET6.elf.dir/Src/oledfont.c.obj
                0x08003b80                AIR
 .rodata.C      0x08003c80       0x40 CMakeFiles/STM32F103ZET6.elf.dir/Src/oledfont.c.obj
                0x08003c80                C
 .rodata.F6x8   0x08003cc0      0x228 CMakeFiles/STM32F103ZET6.elf.dir/Src/oledfont.c.obj
                0x08003cc0                F6x8
 .rodata.F8X16  0x08003ee8      0x5f0 CMakeFiles/STM32F103ZET6.elf.dir/Src/oledfont.c.obj
                0x08003ee8                F8X16
 .rodata.HUM    0x080044d8       0x80 CMakeFiles/STM32F103ZET6.elf.dir/Src/oledfont.c.obj
                0x080044d8                HUM
 .rodata.LIGHT  0x08004558      0x100 CMakeFiles/STM32F103ZET6.elf.dir/Src/oledfont.c.obj
                0x08004558                LIGHT
 .rodata.MAO    0x08004658       0x40 CMakeFiles/STM32F103ZET6.elf.dir/Src/oledfont.c.obj
                0x08004658                MAO
 .rodata.TEMP   0x08004698       0x80 CMakeFiles/STM32F103ZET6.elf.dir/Src/oledfont.c.obj
                0x08004698                TEMP
 .rodata.AHBPrescTable
                0x08004718       0x10 CMakeFiles/STM32F103ZET6.elf.dir/Src/system_stm32f1xx.c.obj
                0x08004718                AHBPrescTable
 .rodata.APBPrescTable
                0x08004728        0x8 CMakeFiles/STM32F103ZET6.elf.dir/Src/system_stm32f1xx.c.obj
                0x08004728                APBPrescTable
 .rodata._global_impure_ptr
                0x08004730        0x4 d:/stm32/gcc-arm-none-eabi-9-2019-q4-major-win32/bin/../lib/gcc/arm-none-eabi/9.2.1/../../../../arm-none-eabi/lib/thumb/v7-m/nofp\libg.a(lib_a-impure.o)
                0x08004730                _global_impure_ptr
                0x08004734                . = ALIGN (0x4)

.rel.dyn        0x08004734        0x0
 .rel.iplt      0x08004734        0x0 d:/stm32/gcc-arm-none-eabi-9-2019-q4-major-win32/bin/../lib/gcc/arm-none-eabi/9.2.1/thumb/v7-m/nofp/crtbegin.o

.ARM.extab
 *(.ARM.extab* .gnu.linkonce.armextab.*)

.ARM            0x08004734        0x0
                0x08004734                __exidx_start = .
 *(.ARM.exidx*)
                0x08004734                __exidx_end = .

.preinit_array  0x08004734        0x0
                0x08004734                PROVIDE (__preinit_array_start = .)
 *(.preinit_array*)
                0x08004734                PROVIDE (__preinit_array_end = .)

.init_array     0x08004734        0x8
                0x08004734                PROVIDE (__init_array_start = .)
 *(SORT_BY_NAME(.init_array.*))
 .init_array.00000
                0x08004734        0x4 d:/stm32/gcc-arm-none-eabi-9-2019-q4-major-win32/bin/../lib/gcc/arm-none-eabi/9.2.1/../../../../arm-none-eabi/lib/thumb/v7-m/nofp\libg.a(lib_a-__call_atexit.o)
 *(.init_array*)
 .init_array    0x08004738        0x4 d:/stm32/gcc-arm-none-eabi-9-2019-q4-major-win32/bin/../lib/gcc/arm-none-eabi/9.2.1/thumb/v7-m/nofp/crtbegin.o
                0x0800473c                PROVIDE (__init_array_end = .)

.fini_array     0x0800473c        0x4
                0x0800473c                PROVIDE (__fini_array_start = .)
 *(SORT_BY_NAME(.fini_array.*))
 *(.fini_array*)
 .fini_array    0x0800473c        0x4 d:/stm32/gcc-arm-none-eabi-9-2019-q4-major-win32/bin/../lib/gcc/arm-none-eabi/9.2.1/thumb/v7-m/nofp/crtbegin.o
                0x08004740                PROVIDE (__fini_array_end = .)
                0x08004740                _sidata = LOADADDR (.data)

.data           0x20000000      0x454 load address 0x08004740
                0x20000000                . = ALIGN (0x4)
                0x20000000                _sdata = .
 *(.data)
 *(.data*)
 .data.uwTickFreq
                0x20000000        0x1 CMakeFiles/STM32F103ZET6.elf.dir/Drivers/STM32F1xx_HAL_Driver/Src/stm32f1xx_hal.c.obj
                0x20000000                uwTickFreq
 *fill*         0x20000001        0x3 
 .data.uwTickPrio
                0x20000004        0x4 CMakeFiles/STM32F103ZET6.elf.dir/Drivers/STM32F1xx_HAL_Driver/Src/stm32f1xx_hal.c.obj
                0x20000004                uwTickPrio
 .data.CMD_Data
                0x20000008       0x1b CMakeFiles/STM32F103ZET6.elf.dir/Src/oled.c.obj
                0x20000008                CMD_Data
 *fill*         0x20000023        0x1 
 .data.SystemCoreClock
                0x20000024        0x4 CMakeFiles/STM32F103ZET6.elf.dir/Src/system_stm32f1xx.c.obj
                0x20000024                SystemCoreClock
 .data.impure_data
                0x20000028      0x428 d:/stm32/gcc-arm-none-eabi-9-2019-q4-major-win32/bin/../lib/gcc/arm-none-eabi/9.2.1/../../../../arm-none-eabi/lib/thumb/v7-m/nofp\libg.a(lib_a-impure.o)
 .data.__atexit_recursive_mutex
                0x20000450        0x4 d:/stm32/gcc-arm-none-eabi-9-2019-q4-major-win32/bin/../lib/gcc/arm-none-eabi/9.2.1/../../../../arm-none-eabi/lib/thumb/v7-m/nofp\libg.a(lib_a-__call_atexit.o)
                0x20000450                __atexit_recursive_mutex
                0x20000454                . = ALIGN (0x4)
                0x20000454                _edata = .

.igot.plt       0x20000454        0x0 load address 0x08004b94
 .igot.plt      0x20000454        0x0 d:/stm32/gcc-arm-none-eabi-9-2019-q4-major-win32/bin/../lib/gcc/arm-none-eabi/9.2.1/thumb/v7-m/nofp/crtbegin.o
                0x20000454                . = ALIGN (0x4)

.bss            0x20000454      0x264 load address 0x08004b94
                0x20000454                _sbss = .
                0x20000454                __bss_start__ = _sbss
 *(.bss)
 .bss           0x20000454       0x1c d:/stm32/gcc-arm-none-eabi-9-2019-q4-major-win32/bin/../lib/gcc/arm-none-eabi/9.2.1/thumb/v7-m/nofp/crtbegin.o
 *(.bss*)
 .bss.uwTick    0x20000470        0x4 CMakeFiles/STM32F103ZET6.elf.dir/Drivers/STM32F1xx_HAL_Driver/Src/stm32f1xx_hal.c.obj
                0x20000470                uwTick
 .bss.BUF       0x20000474        0x3 CMakeFiles/STM32F103ZET6.elf.dir/Src/bh1750.c.obj
                0x20000474                BUF
 .bss.mcy       0x20000477        0x1 CMakeFiles/STM32F103ZET6.elf.dir/Src/bh1750.c.obj
                0x20000477                mcy
 .bss.fac_ms    0x20000478        0x2 CMakeFiles/STM32F103ZET6.elf.dir/Src/delay.c.obj
 .bss.fac_us    0x2000047a        0x1 CMakeFiles/STM32F103ZET6.elf.dir/Src/delay.c.obj
 *fill*         0x2000047b        0x1 
 .bss.hi2c1     0x2000047c       0x54 CMakeFiles/STM32F103ZET6.elf.dir/Src/i2c.c.obj
                0x2000047c                hi2c1
 .bss.hi2c2     0x200004d0       0x54 CMakeFiles/STM32F103ZET6.elf.dir/Src/i2c.c.obj
                0x200004d0                hi2c2
 .bss.hrtc      0x20000524       0x14 CMakeFiles/STM32F103ZET6.elf.dir/Src/rtc.c.obj
                0x20000524                hrtc
 .bss.USART_RX_BUF
                0x20000538       0xc8 CMakeFiles/STM32F103ZET6.elf.dir/Src/usart.c.obj
                0x20000538                USART_RX_BUF
 .bss.USART_RX_STA
                0x20000600        0x2 CMakeFiles/STM32F103ZET6.elf.dir/Src/usart.c.obj
                0x20000600                USART_RX_STA
 *fill*         0x20000602        0x2 
 .bss.huart1    0x20000604       0x48 CMakeFiles/STM32F103ZET6.elf.dir/Src/usart.c.obj
                0x20000604                huart1
 .bss.huart2    0x2000064c       0x48 CMakeFiles/STM32F103ZET6.elf.dir/Src/usart.c.obj
                0x2000064c                huart2
 *(COMMON)
 COMMON         0x20000694       0x21 d:/stm32/gcc-arm-none-eabi-9-2019-q4-major-win32/bin/../lib/gcc/arm-none-eabi/9.2.1/../../../../arm-none-eabi/lib/thumb/v7-m/nofp\libg.a(lib_a-lock.o)
                0x20000694                __lock___atexit_recursive_mutex
                0x20000698                __lock___arc4random_mutex
                0x2000069c                __lock___env_recursive_mutex
                0x200006a0                __lock___sinit_recursive_mutex
                0x200006a4                __lock___malloc_recursive_mutex
                0x200006a8                __lock___at_quick_exit_mutex
                0x200006ac                __lock___dd_hash_mutex
                0x200006b0                __lock___tz_mutex
                0x200006b4                __lock___sfp_recursive_mutex
                0x200006b8                . = ALIGN (0x4)
 *fill*         0x200006b5        0x3 
                0x200006b8                _ebss = .
                0x200006b8                __bss_end__ = _ebss

._user_heap_stack
                0x200006b8      0x600 load address 0x08004b94
                0x200006b8                . = ALIGN (0x8)
                0x200006b8                PROVIDE (end = .)
                [!provide]                PROVIDE (_end = .)
                0x200008b8                . = (. + _Min_Heap_Size)
 *fill*         0x200006b8      0x200 
                0x20000cb8                . = (. + _Min_Stack_Size)
 *fill*         0x200008b8      0x400 
                0x20000cb8                . = ALIGN (0x8)

/DISCARD/
 libc.a(*)
 libm.a(*)
 libgcc.a(*)

.ARM.attributes
                0x00000000       0x29
 *(.ARM.attributes)
 .ARM.attributes
                0x00000000       0x1d d:/stm32/gcc-arm-none-eabi-9-2019-q4-major-win32/bin/../lib/gcc/arm-none-eabi/9.2.1/thumb/v7-m/nofp/crti.o
 .ARM.attributes
                0x0000001d       0x2d d:/stm32/gcc-arm-none-eabi-9-2019-q4-major-win32/bin/../lib/gcc/arm-none-eabi/9.2.1/thumb/v7-m/nofp/crtbegin.o
 .ARM.attributes
                0x0000004a       0x2d CMakeFiles/STM32F103ZET6.elf.dir/Drivers/STM32F1xx_HAL_Driver/Src/stm32f1xx_hal.c.obj
 .ARM.attributes
                0x00000077       0x2d CMakeFiles/STM32F103ZET6.elf.dir/Drivers/STM32F1xx_HAL_Driver/Src/stm32f1xx_hal_cortex.c.obj
 .ARM.attributes
                0x000000a4       0x2d CMakeFiles/STM32F103ZET6.elf.dir/Drivers/STM32F1xx_HAL_Driver/Src/stm32f1xx_hal_dma.c.obj
 .ARM.attributes
                0x000000d1       0x2d CMakeFiles/STM32F103ZET6.elf.dir/Drivers/STM32F1xx_HAL_Driver/Src/stm32f1xx_hal_gpio.c.obj
 .ARM.attributes
                0x000000fe       0x2d CMakeFiles/STM32F103ZET6.elf.dir/Drivers/STM32F1xx_HAL_Driver/Src/stm32f1xx_hal_i2c.c.obj
 .ARM.attributes
                0x0000012b       0x2d CMakeFiles/STM32F103ZET6.elf.dir/Drivers/STM32F1xx_HAL_Driver/Src/stm32f1xx_hal_pwr.c.obj
 .ARM.attributes
                0x00000158       0x2d CMakeFiles/STM32F103ZET6.elf.dir/Drivers/STM32F1xx_HAL_Driver/Src/stm32f1xx_hal_rcc.c.obj
 .ARM.attributes
                0x00000185       0x2d CMakeFiles/STM32F103ZET6.elf.dir/Drivers/STM32F1xx_HAL_Driver/Src/stm32f1xx_hal_rcc_ex.c.obj
 .ARM.attributes
                0x000001b2       0x2d CMakeFiles/STM32F103ZET6.elf.dir/Drivers/STM32F1xx_HAL_Driver/Src/stm32f1xx_hal_rtc.c.obj
 .ARM.attributes
                0x000001df       0x2d CMakeFiles/STM32F103ZET6.elf.dir/Drivers/STM32F1xx_HAL_Driver/Src/stm32f1xx_hal_uart.c.obj
 .ARM.attributes
                0x0000020c       0x2d CMakeFiles/STM32F103ZET6.elf.dir/Src/bh1750.c.obj
 .ARM.attributes
                0x00000239       0x2d CMakeFiles/STM32F103ZET6.elf.dir/Src/delay.c.obj
 .ARM.attributes
                0x00000266       0x2d CMakeFiles/STM32F103ZET6.elf.dir/Src/dht11.c.obj
 .ARM.attributes
                0x00000293       0x2d CMakeFiles/STM32F103ZET6.elf.dir/Src/gpio.c.obj
 .ARM.attributes
                0x000002c0       0x2d CMakeFiles/STM32F103ZET6.elf.dir/Src/i2c.c.obj
 .ARM.attributes
                0x000002ed       0x2d CMakeFiles/STM32F103ZET6.elf.dir/Src/main.c.obj
 .ARM.attributes
                0x0000031a       0x2d CMakeFiles/STM32F103ZET6.elf.dir/Src/oled.c.obj
 .ARM.attributes
                0x00000347       0x33 CMakeFiles/STM32F103ZET6.elf.dir/Src/oledfont.c.obj
 .ARM.attributes
                0x0000037a       0x2d CMakeFiles/STM32F103ZET6.elf.dir/Src/rtc.c.obj
 .ARM.attributes
                0x000003a7       0x2d CMakeFiles/STM32F103ZET6.elf.dir/Src/sgp30.c.obj
 .ARM.attributes
                0x000003d4       0x2d CMakeFiles/STM32F103ZET6.elf.dir/Src/stm32f1xx_hal_msp.c.obj
 .ARM.attributes
                0x00000401       0x2d CMakeFiles/STM32F103ZET6.elf.dir/Src/stm32f1xx_it.c.obj
 .ARM.attributes
                0x0000042e       0x2d CMakeFiles/STM32F103ZET6.elf.dir/Src/system_stm32f1xx.c.obj
 .ARM.attributes
                0x0000045b       0x2d CMakeFiles/STM32F103ZET6.elf.dir/Src/usart.c.obj
 .ARM.attributes
                0x00000488       0x21 CMakeFiles/STM32F103ZET6.elf.dir/startup/startup_stm32f103xe.s.obj
 .ARM.attributes
                0x000004a9       0x1d d:/stm32/gcc-arm-none-eabi-9-2019-q4-major-win32/bin/../lib/gcc/arm-none-eabi/9.2.1/thumb/v7-m/nofp\libgcc.a(_arm_addsubdf3.o)
 .ARM.attributes
                0x000004c6       0x1d d:/stm32/gcc-arm-none-eabi-9-2019-q4-major-win32/bin/../lib/gcc/arm-none-eabi/9.2.1/thumb/v7-m/nofp\libgcc.a(_arm_muldivdf3.o)
 .ARM.attributes
                0x000004e3       0x1d d:/stm32/gcc-arm-none-eabi-9-2019-q4-major-win32/bin/../lib/gcc/arm-none-eabi/9.2.1/thumb/v7-m/nofp\libgcc.a(_arm_fixunsdfsi.o)
 .ARM.attributes
                0x00000500       0x1d d:/stm32/gcc-arm-none-eabi-9-2019-q4-major-win32/bin/../lib/gcc/arm-none-eabi/9.2.1/thumb/v7-m/nofp\libgcc.a(_arm_addsubsf3.o)
 .ARM.attributes
                0x0000051d       0x2d d:/stm32/gcc-arm-none-eabi-9-2019-q4-major-win32/bin/../lib/gcc/arm-none-eabi/9.2.1/../../../../arm-none-eabi/lib/thumb/v7-m/nofp\libg.a(lib_a-impure.o)
 .ARM.attributes
                0x0000054a       0x2d d:/stm32/gcc-arm-none-eabi-9-2019-q4-major-win32/bin/../lib/gcc/arm-none-eabi/9.2.1/../../../../arm-none-eabi/lib/thumb/v7-m/nofp\libg.a(lib_a-init.o)
 .ARM.attributes
                0x00000577       0x2d d:/stm32/gcc-arm-none-eabi-9-2019-q4-major-win32/bin/../lib/gcc/arm-none-eabi/9.2.1/../../../../arm-none-eabi/lib/thumb/v7-m/nofp\libg.a(lib_a-__call_atexit.o)
 .ARM.attributes
                0x000005a4       0x2d d:/stm32/gcc-arm-none-eabi-9-2019-q4-major-win32/bin/../lib/gcc/arm-none-eabi/9.2.1/../../../../arm-none-eabi/lib/thumb/v7-m/nofp\libg.a(lib_a-atexit.o)
 .ARM.attributes
                0x000005d1       0x2d d:/stm32/gcc-arm-none-eabi-9-2019-q4-major-win32/bin/../lib/gcc/arm-none-eabi/9.2.1/../../../../arm-none-eabi/lib/thumb/v7-m/nofp\libg.a(lib_a-fini.o)
 .ARM.attributes
                0x000005fe       0x2d d:/stm32/gcc-arm-none-eabi-9-2019-q4-major-win32/bin/../lib/gcc/arm-none-eabi/9.2.1/../../../../arm-none-eabi/lib/thumb/v7-m/nofp\libg.a(lib_a-lock.o)
 .ARM.attributes
                0x0000062b       0x2d d:/stm32/gcc-arm-none-eabi-9-2019-q4-major-win32/bin/../lib/gcc/arm-none-eabi/9.2.1/../../../../arm-none-eabi/lib/thumb/v7-m/nofp\libg.a(lib_a-__atexit.o)
 .ARM.attributes
                0x00000658       0x1d d:/stm32/gcc-arm-none-eabi-9-2019-q4-major-win32/bin/../lib/gcc/arm-none-eabi/9.2.1/thumb/v7-m/nofp/crtn.o
OUTPUT(STM32F103ZET6.elf elf32-littlearm)

.debug_info     0x00000000    0x14961
 .debug_info    0x00000000      0x897 CMakeFiles/STM32F103ZET6.elf.dir/Drivers/STM32F1xx_HAL_Driver/Src/stm32f1xx_hal.c.obj
 .debug_info    0x00000897      0xeac CMakeFiles/STM32F103ZET6.elf.dir/Drivers/STM32F1xx_HAL_Driver/Src/stm32f1xx_hal_cortex.c.obj
 .debug_info    0x00001743      0x937 CMakeFiles/STM32F103ZET6.elf.dir/Drivers/STM32F1xx_HAL_Driver/Src/stm32f1xx_hal_dma.c.obj
 .debug_info    0x0000207a      0x75b CMakeFiles/STM32F103ZET6.elf.dir/Drivers/STM32F1xx_HAL_Driver/Src/stm32f1xx_hal_gpio.c.obj
 .debug_info    0x000027d5     0x3b7e CMakeFiles/STM32F103ZET6.elf.dir/Drivers/STM32F1xx_HAL_Driver/Src/stm32f1xx_hal_i2c.c.obj
 .debug_info    0x00006353      0x77b CMakeFiles/STM32F103ZET6.elf.dir/Drivers/STM32F1xx_HAL_Driver/Src/stm32f1xx_hal_pwr.c.obj
 .debug_info    0x00006ace      0xab0 CMakeFiles/STM32F103ZET6.elf.dir/Drivers/STM32F1xx_HAL_Driver/Src/stm32f1xx_hal_rcc.c.obj
 .debug_info    0x0000757e      0x53e CMakeFiles/STM32F103ZET6.elf.dir/Drivers/STM32F1xx_HAL_Driver/Src/stm32f1xx_hal_rcc_ex.c.obj
 .debug_info    0x00007abc     0x1597 CMakeFiles/STM32F103ZET6.elf.dir/Drivers/STM32F1xx_HAL_Driver/Src/stm32f1xx_hal_rtc.c.obj
 .debug_info    0x00009053     0x42e1 CMakeFiles/STM32F103ZET6.elf.dir/Drivers/STM32F1xx_HAL_Driver/Src/stm32f1xx_hal_uart.c.obj
 .debug_info    0x0000d334      0xa52 CMakeFiles/STM32F103ZET6.elf.dir/Src/bh1750.c.obj
 .debug_info    0x0000dd86      0x2be CMakeFiles/STM32F103ZET6.elf.dir/Src/delay.c.obj
 .debug_info    0x0000e044      0x6fb CMakeFiles/STM32F103ZET6.elf.dir/Src/dht11.c.obj
 .debug_info    0x0000e73f      0x268 CMakeFiles/STM32F103ZET6.elf.dir/Src/gpio.c.obj
 .debug_info    0x0000e9a7      0xa56 CMakeFiles/STM32F103ZET6.elf.dir/Src/i2c.c.obj
 .debug_info    0x0000f3fd     0x1d56 CMakeFiles/STM32F103ZET6.elf.dir/Src/main.c.obj
 .debug_info    0x00011153     0x10be CMakeFiles/STM32F103ZET6.elf.dir/Src/oled.c.obj
 .debug_info    0x00012211      0x2bd CMakeFiles/STM32F103ZET6.elf.dir/Src/oledfont.c.obj
 .debug_info    0x000124ce      0x534 CMakeFiles/STM32F103ZET6.elf.dir/Src/rtc.c.obj
 .debug_info    0x00012a02      0xc0b CMakeFiles/STM32F103ZET6.elf.dir/Src/sgp30.c.obj
 .debug_info    0x0001360d      0x2fd CMakeFiles/STM32F103ZET6.elf.dir/Src/stm32f1xx_hal_msp.c.obj
 .debug_info    0x0001390a      0x239 CMakeFiles/STM32F103ZET6.elf.dir/Src/stm32f1xx_it.c.obj
 .debug_info    0x00013b43      0x2c9 CMakeFiles/STM32F103ZET6.elf.dir/Src/system_stm32f1xx.c.obj
 .debug_info    0x00013e0c      0xb33 CMakeFiles/STM32F103ZET6.elf.dir/Src/usart.c.obj
 .debug_info    0x0001493f       0x22 CMakeFiles/STM32F103ZET6.elf.dir/startup/startup_stm32f103xe.s.obj

.debug_abbrev   0x00000000     0x308b
 .debug_abbrev  0x00000000      0x219 CMakeFiles/STM32F103ZET6.elf.dir/Drivers/STM32F1xx_HAL_Driver/Src/stm32f1xx_hal.c.obj
 .debug_abbrev  0x00000219      0x367 CMakeFiles/STM32F103ZET6.elf.dir/Drivers/STM32F1xx_HAL_Driver/Src/stm32f1xx_hal_cortex.c.obj
 .debug_abbrev  0x00000580      0x262 CMakeFiles/STM32F103ZET6.elf.dir/Drivers/STM32F1xx_HAL_Driver/Src/stm32f1xx_hal_dma.c.obj
 .debug_abbrev  0x000007e2      0x213 CMakeFiles/STM32F103ZET6.elf.dir/Drivers/STM32F1xx_HAL_Driver/Src/stm32f1xx_hal_gpio.c.obj
 .debug_abbrev  0x000009f5      0x2bf CMakeFiles/STM32F103ZET6.elf.dir/Drivers/STM32F1xx_HAL_Driver/Src/stm32f1xx_hal_i2c.c.obj
 .debug_abbrev  0x00000cb4      0x204 CMakeFiles/STM32F103ZET6.elf.dir/Drivers/STM32F1xx_HAL_Driver/Src/stm32f1xx_hal_pwr.c.obj
 .debug_abbrev  0x00000eb8      0x28d CMakeFiles/STM32F103ZET6.elf.dir/Drivers/STM32F1xx_HAL_Driver/Src/stm32f1xx_hal_rcc.c.obj
 .debug_abbrev  0x00001145      0x1f8 CMakeFiles/STM32F103ZET6.elf.dir/Drivers/STM32F1xx_HAL_Driver/Src/stm32f1xx_hal_rcc_ex.c.obj
 .debug_abbrev  0x0000133d      0x22e CMakeFiles/STM32F103ZET6.elf.dir/Drivers/STM32F1xx_HAL_Driver/Src/stm32f1xx_hal_rtc.c.obj
 .debug_abbrev  0x0000156b      0x315 CMakeFiles/STM32F103ZET6.elf.dir/Drivers/STM32F1xx_HAL_Driver/Src/stm32f1xx_hal_uart.c.obj
 .debug_abbrev  0x00001880      0x223 CMakeFiles/STM32F103ZET6.elf.dir/Src/bh1750.c.obj
 .debug_abbrev  0x00001aa3      0x15a CMakeFiles/STM32F103ZET6.elf.dir/Src/delay.c.obj
 .debug_abbrev  0x00001bfd      0x20e CMakeFiles/STM32F103ZET6.elf.dir/Src/dht11.c.obj
 .debug_abbrev  0x00001e0b      0x11a CMakeFiles/STM32F103ZET6.elf.dir/Src/gpio.c.obj
 .debug_abbrev  0x00001f25      0x1ed CMakeFiles/STM32F103ZET6.elf.dir/Src/i2c.c.obj
 .debug_abbrev  0x00002112      0x303 CMakeFiles/STM32F103ZET6.elf.dir/Src/main.c.obj
 .debug_abbrev  0x00002415      0x253 CMakeFiles/STM32F103ZET6.elf.dir/Src/oled.c.obj
 .debug_abbrev  0x00002668       0xbe CMakeFiles/STM32F103ZET6.elf.dir/Src/oledfont.c.obj
 .debug_abbrev  0x00002726      0x1ba CMakeFiles/STM32F103ZET6.elf.dir/Src/rtc.c.obj
 .debug_abbrev  0x000028e0      0x1ef CMakeFiles/STM32F103ZET6.elf.dir/Src/sgp30.c.obj
 .debug_abbrev  0x00002acf      0x12e CMakeFiles/STM32F103ZET6.elf.dir/Src/stm32f1xx_hal_msp.c.obj
 .debug_abbrev  0x00002bfd       0xef CMakeFiles/STM32F103ZET6.elf.dir/Src/stm32f1xx_it.c.obj
 .debug_abbrev  0x00002cec      0x151 CMakeFiles/STM32F103ZET6.elf.dir/Src/system_stm32f1xx.c.obj
 .debug_abbrev  0x00002e3d      0x23c CMakeFiles/STM32F103ZET6.elf.dir/Src/usart.c.obj
 .debug_abbrev  0x00003079       0x12 CMakeFiles/STM32F103ZET6.elf.dir/startup/startup_stm32f103xe.s.obj

.debug_loc      0x00000000     0xd272
 .debug_loc     0x00000000      0x141 CMakeFiles/STM32F103ZET6.elf.dir/Drivers/STM32F1xx_HAL_Driver/Src/stm32f1xx_hal.c.obj
 .debug_loc     0x00000141      0x71f CMakeFiles/STM32F103ZET6.elf.dir/Drivers/STM32F1xx_HAL_Driver/Src/stm32f1xx_hal_cortex.c.obj
 .debug_loc     0x00000860      0x7ce CMakeFiles/STM32F103ZET6.elf.dir/Drivers/STM32F1xx_HAL_Driver/Src/stm32f1xx_hal_dma.c.obj
 .debug_loc     0x0000102e      0x45b CMakeFiles/STM32F103ZET6.elf.dir/Drivers/STM32F1xx_HAL_Driver/Src/stm32f1xx_hal_gpio.c.obj
 .debug_loc     0x00001489     0x4129 CMakeFiles/STM32F103ZET6.elf.dir/Drivers/STM32F1xx_HAL_Driver/Src/stm32f1xx_hal_i2c.c.obj
 .debug_loc     0x000055b2      0x142 CMakeFiles/STM32F103ZET6.elf.dir/Drivers/STM32F1xx_HAL_Driver/Src/stm32f1xx_hal_pwr.c.obj
 .debug_loc     0x000056f4      0x5e7 CMakeFiles/STM32F103ZET6.elf.dir/Drivers/STM32F1xx_HAL_Driver/Src/stm32f1xx_hal_rcc.c.obj
 .debug_loc     0x00005cdb      0x3c6 CMakeFiles/STM32F103ZET6.elf.dir/Drivers/STM32F1xx_HAL_Driver/Src/stm32f1xx_hal_rcc_ex.c.obj
 .debug_loc     0x000060a1     0x17c6 CMakeFiles/STM32F103ZET6.elf.dir/Drivers/STM32F1xx_HAL_Driver/Src/stm32f1xx_hal_rtc.c.obj
 .debug_loc     0x00007867     0x487b CMakeFiles/STM32F103ZET6.elf.dir/Drivers/STM32F1xx_HAL_Driver/Src/stm32f1xx_hal_uart.c.obj
 .debug_loc     0x0000c0e2      0x22d CMakeFiles/STM32F103ZET6.elf.dir/Src/bh1750.c.obj
 .debug_loc     0x0000c30f       0x74 CMakeFiles/STM32F103ZET6.elf.dir/Src/delay.c.obj
 .debug_loc     0x0000c383      0x174 CMakeFiles/STM32F103ZET6.elf.dir/Src/dht11.c.obj
 .debug_loc     0x0000c4f7       0xbe CMakeFiles/STM32F103ZET6.elf.dir/Src/i2c.c.obj
 .debug_loc     0x0000c5b5       0x6c CMakeFiles/STM32F103ZET6.elf.dir/Src/main.c.obj
 .debug_loc     0x0000c621      0x83e CMakeFiles/STM32F103ZET6.elf.dir/Src/oled.c.obj
 .debug_loc     0x0000ce5f       0x25 CMakeFiles/STM32F103ZET6.elf.dir/Src/rtc.c.obj
 .debug_loc     0x0000ce84      0x1ac CMakeFiles/STM32F103ZET6.elf.dir/Src/sgp30.c.obj
 .debug_loc     0x0000d030       0x15 CMakeFiles/STM32F103ZET6.elf.dir/Src/stm32f1xx_hal_msp.c.obj
 .debug_loc     0x0000d045       0xff CMakeFiles/STM32F103ZET6.elf.dir/Src/system_stm32f1xx.c.obj
 .debug_loc     0x0000d144      0x12e CMakeFiles/STM32F103ZET6.elf.dir/Src/usart.c.obj

.debug_aranges  0x00000000      0xd50
 .debug_aranges
                0x00000000       0xe0 CMakeFiles/STM32F103ZET6.elf.dir/Drivers/STM32F1xx_HAL_Driver/Src/stm32f1xx_hal.c.obj
 .debug_aranges
                0x000000e0       0x90 CMakeFiles/STM32F103ZET6.elf.dir/Drivers/STM32F1xx_HAL_Driver/Src/stm32f1xx_hal_cortex.c.obj
 .debug_aranges
                0x00000170       0x80 CMakeFiles/STM32F103ZET6.elf.dir/Drivers/STM32F1xx_HAL_Driver/Src/stm32f1xx_hal_dma.c.obj
 .debug_aranges
                0x000001f0       0x58 CMakeFiles/STM32F103ZET6.elf.dir/Drivers/STM32F1xx_HAL_Driver/Src/stm32f1xx_hal_gpio.c.obj
 .debug_aranges
                0x00000248      0x2a8 CMakeFiles/STM32F103ZET6.elf.dir/Drivers/STM32F1xx_HAL_Driver/Src/stm32f1xx_hal_i2c.c.obj
 .debug_aranges
                0x000004f0       0xa8 CMakeFiles/STM32F103ZET6.elf.dir/Drivers/STM32F1xx_HAL_Driver/Src/stm32f1xx_hal_pwr.c.obj
 .debug_aranges
                0x00000598       0x90 CMakeFiles/STM32F103ZET6.elf.dir/Drivers/STM32F1xx_HAL_Driver/Src/stm32f1xx_hal_rcc.c.obj
 .debug_aranges
                0x00000628       0x30 CMakeFiles/STM32F103ZET6.elf.dir/Drivers/STM32F1xx_HAL_Driver/Src/stm32f1xx_hal_rcc_ex.c.obj
 .debug_aranges
                0x00000658       0xf8 CMakeFiles/STM32F103ZET6.elf.dir/Drivers/STM32F1xx_HAL_Driver/Src/stm32f1xx_hal_rtc.c.obj
 .debug_aranges
                0x00000750      0x208 CMakeFiles/STM32F103ZET6.elf.dir/Drivers/STM32F1xx_HAL_Driver/Src/stm32f1xx_hal_uart.c.obj
 .debug_aranges
                0x00000958       0x78 CMakeFiles/STM32F103ZET6.elf.dir/Src/bh1750.c.obj
 .debug_aranges
                0x000009d0       0x30 CMakeFiles/STM32F103ZET6.elf.dir/Src/delay.c.obj
 .debug_aranges
                0x00000a00       0x58 CMakeFiles/STM32F103ZET6.elf.dir/Src/dht11.c.obj
 .debug_aranges
                0x00000a58       0x20 CMakeFiles/STM32F103ZET6.elf.dir/Src/gpio.c.obj
 .debug_aranges
                0x00000a78       0x38 CMakeFiles/STM32F103ZET6.elf.dir/Src/i2c.c.obj
 .debug_aranges
                0x00000ab0       0x30 CMakeFiles/STM32F103ZET6.elf.dir/Src/main.c.obj
 .debug_aranges
                0x00000ae0       0x90 CMakeFiles/STM32F103ZET6.elf.dir/Src/oled.c.obj
 .debug_aranges
                0x00000b70       0x18 CMakeFiles/STM32F103ZET6.elf.dir/Src/oledfont.c.obj
 .debug_aranges
                0x00000b88       0x30 CMakeFiles/STM32F103ZET6.elf.dir/Src/rtc.c.obj
 .debug_aranges
                0x00000bb8       0x80 CMakeFiles/STM32F103ZET6.elf.dir/Src/sgp30.c.obj
 .debug_aranges
                0x00000c38       0x20 CMakeFiles/STM32F103ZET6.elf.dir/Src/stm32f1xx_hal_msp.c.obj
 .debug_aranges
                0x00000c58       0x60 CMakeFiles/STM32F103ZET6.elf.dir/Src/stm32f1xx_it.c.obj
 .debug_aranges
                0x00000cb8       0x28 CMakeFiles/STM32F103ZET6.elf.dir/Src/system_stm32f1xx.c.obj
 .debug_aranges
                0x00000ce0       0x48 CMakeFiles/STM32F103ZET6.elf.dir/Src/usart.c.obj
 .debug_aranges
                0x00000d28       0x28 CMakeFiles/STM32F103ZET6.elf.dir/startup/startup_stm32f103xe.s.obj

.debug_ranges   0x00000000      0xca0
 .debug_ranges  0x00000000       0xd0 CMakeFiles/STM32F103ZET6.elf.dir/Drivers/STM32F1xx_HAL_Driver/Src/stm32f1xx_hal.c.obj
 .debug_ranges  0x000000d0       0xe0 CMakeFiles/STM32F103ZET6.elf.dir/Drivers/STM32F1xx_HAL_Driver/Src/stm32f1xx_hal_cortex.c.obj
 .debug_ranges  0x000001b0       0x70 CMakeFiles/STM32F103ZET6.elf.dir/Drivers/STM32F1xx_HAL_Driver/Src/stm32f1xx_hal_dma.c.obj
 .debug_ranges  0x00000220       0x48 CMakeFiles/STM32F103ZET6.elf.dir/Drivers/STM32F1xx_HAL_Driver/Src/stm32f1xx_hal_gpio.c.obj
 .debug_ranges  0x00000268      0x2b0 CMakeFiles/STM32F103ZET6.elf.dir/Drivers/STM32F1xx_HAL_Driver/Src/stm32f1xx_hal_i2c.c.obj
 .debug_ranges  0x00000518       0x98 CMakeFiles/STM32F103ZET6.elf.dir/Drivers/STM32F1xx_HAL_Driver/Src/stm32f1xx_hal_pwr.c.obj
 .debug_ranges  0x000005b0       0xa0 CMakeFiles/STM32F103ZET6.elf.dir/Drivers/STM32F1xx_HAL_Driver/Src/stm32f1xx_hal_rcc.c.obj
 .debug_ranges  0x00000650       0x38 CMakeFiles/STM32F103ZET6.elf.dir/Drivers/STM32F1xx_HAL_Driver/Src/stm32f1xx_hal_rcc_ex.c.obj
 .debug_ranges  0x00000688       0xe8 CMakeFiles/STM32F103ZET6.elf.dir/Drivers/STM32F1xx_HAL_Driver/Src/stm32f1xx_hal_rtc.c.obj
 .debug_ranges  0x00000770      0x210 CMakeFiles/STM32F103ZET6.elf.dir/Drivers/STM32F1xx_HAL_Driver/Src/stm32f1xx_hal_uart.c.obj
 .debug_ranges  0x00000980       0x68 CMakeFiles/STM32F103ZET6.elf.dir/Src/bh1750.c.obj
 .debug_ranges  0x000009e8       0x20 CMakeFiles/STM32F103ZET6.elf.dir/Src/delay.c.obj
 .debug_ranges  0x00000a08       0x48 CMakeFiles/STM32F103ZET6.elf.dir/Src/dht11.c.obj
 .debug_ranges  0x00000a50       0x10 CMakeFiles/STM32F103ZET6.elf.dir/Src/gpio.c.obj
 .debug_ranges  0x00000a60       0x28 CMakeFiles/STM32F103ZET6.elf.dir/Src/i2c.c.obj
 .debug_ranges  0x00000a88       0x20 CMakeFiles/STM32F103ZET6.elf.dir/Src/main.c.obj
 .debug_ranges  0x00000aa8       0x98 CMakeFiles/STM32F103ZET6.elf.dir/Src/oled.c.obj
 .debug_ranges  0x00000b40       0x20 CMakeFiles/STM32F103ZET6.elf.dir/Src/rtc.c.obj
 .debug_ranges  0x00000b60       0x70 CMakeFiles/STM32F103ZET6.elf.dir/Src/sgp30.c.obj
 .debug_ranges  0x00000bd0       0x10 CMakeFiles/STM32F103ZET6.elf.dir/Src/stm32f1xx_hal_msp.c.obj
 .debug_ranges  0x00000be0       0x50 CMakeFiles/STM32F103ZET6.elf.dir/Src/stm32f1xx_it.c.obj
 .debug_ranges  0x00000c30       0x18 CMakeFiles/STM32F103ZET6.elf.dir/Src/system_stm32f1xx.c.obj
 .debug_ranges  0x00000c48       0x38 CMakeFiles/STM32F103ZET6.elf.dir/Src/usart.c.obj
 .debug_ranges  0x00000c80       0x20 CMakeFiles/STM32F103ZET6.elf.dir/startup/startup_stm32f103xe.s.obj

.debug_line     0x00000000    0x1209a
 .debug_line    0x00000000      0x586 CMakeFiles/STM32F103ZET6.elf.dir/Drivers/STM32F1xx_HAL_Driver/Src/stm32f1xx_hal.c.obj
 .debug_line    0x00000586      0x6dc CMakeFiles/STM32F103ZET6.elf.dir/Drivers/STM32F1xx_HAL_Driver/Src/stm32f1xx_hal_cortex.c.obj
 .debug_line    0x00000c62      0xd9a CMakeFiles/STM32F103ZET6.elf.dir/Drivers/STM32F1xx_HAL_Driver/Src/stm32f1xx_hal_dma.c.obj
 .debug_line    0x000019fc      0x69c CMakeFiles/STM32F103ZET6.elf.dir/Drivers/STM32F1xx_HAL_Driver/Src/stm32f1xx_hal_gpio.c.obj
 .debug_line    0x00002098     0x5648 CMakeFiles/STM32F103ZET6.elf.dir/Drivers/STM32F1xx_HAL_Driver/Src/stm32f1xx_hal_i2c.c.obj
 .debug_line    0x000076e0      0x4e1 CMakeFiles/STM32F103ZET6.elf.dir/Drivers/STM32F1xx_HAL_Driver/Src/stm32f1xx_hal_pwr.c.obj
 .debug_line    0x00007bc1      0xc95 CMakeFiles/STM32F103ZET6.elf.dir/Drivers/STM32F1xx_HAL_Driver/Src/stm32f1xx_hal_rcc.c.obj
 .debug_line    0x00008856      0x54b CMakeFiles/STM32F103ZET6.elf.dir/Drivers/STM32F1xx_HAL_Driver/Src/stm32f1xx_hal_rcc_ex.c.obj
 .debug_line    0x00008da1     0x11f3 CMakeFiles/STM32F103ZET6.elf.dir/Drivers/STM32F1xx_HAL_Driver/Src/stm32f1xx_hal_rtc.c.obj
 .debug_line    0x00009f94     0x441d CMakeFiles/STM32F103ZET6.elf.dir/Drivers/STM32F1xx_HAL_Driver/Src/stm32f1xx_hal_uart.c.obj
 .debug_line    0x0000e3b1      0x6ba CMakeFiles/STM32F103ZET6.elf.dir/Src/bh1750.c.obj
 .debug_line    0x0000ea6b      0x308 CMakeFiles/STM32F103ZET6.elf.dir/Src/delay.c.obj
 .debug_line    0x0000ed73      0x502 CMakeFiles/STM32F103ZET6.elf.dir/Src/dht11.c.obj
 .debug_line    0x0000f275      0x22a CMakeFiles/STM32F103ZET6.elf.dir/Src/gpio.c.obj
 .debug_line    0x0000f49f      0x452 CMakeFiles/STM32F103ZET6.elf.dir/Src/i2c.c.obj
 .debug_line    0x0000f8f1      0x60d CMakeFiles/STM32F103ZET6.elf.dir/Src/main.c.obj
 .debug_line    0x0000fefe      0x8c2 CMakeFiles/STM32F103ZET6.elf.dir/Src/oled.c.obj
 .debug_line    0x000107c0      0x22a CMakeFiles/STM32F103ZET6.elf.dir/Src/oledfont.c.obj
 .debug_line    0x000109ea      0x327 CMakeFiles/STM32F103ZET6.elf.dir/Src/rtc.c.obj
 .debug_line    0x00010d11      0x57d CMakeFiles/STM32F103ZET6.elf.dir/Src/sgp30.c.obj
 .debug_line    0x0001128e      0x23d CMakeFiles/STM32F103ZET6.elf.dir/Src/stm32f1xx_hal_msp.c.obj
 .debug_line    0x000114cb      0x309 CMakeFiles/STM32F103ZET6.elf.dir/Src/stm32f1xx_it.c.obj
 .debug_line    0x000117d4      0x2f1 CMakeFiles/STM32F103ZET6.elf.dir/Src/system_stm32f1xx.c.obj
 .debug_line    0x00011ac5      0x53a CMakeFiles/STM32F103ZET6.elf.dir/Src/usart.c.obj
 .debug_line    0x00011fff       0x9b CMakeFiles/STM32F103ZET6.elf.dir/startup/startup_stm32f103xe.s.obj

.debug_str      0x00000000     0x3e2c
 .debug_str     0x00000000      0x947 CMakeFiles/STM32F103ZET6.elf.dir/Drivers/STM32F1xx_HAL_Driver/Src/stm32f1xx_hal.c.obj
                                0x9ab (size before relaxing)
 .debug_str     0x00000947      0x3e0 CMakeFiles/STM32F103ZET6.elf.dir/Drivers/STM32F1xx_HAL_Driver/Src/stm32f1xx_hal_cortex.c.obj
                                0xac7 (size before relaxing)
 .debug_str     0x00000d27      0x401 CMakeFiles/STM32F103ZET6.elf.dir/Drivers/STM32F1xx_HAL_Driver/Src/stm32f1xx_hal_dma.c.obj
                                0x731 (size before relaxing)
 .debug_str     0x00001128      0x1df CMakeFiles/STM32F103ZET6.elf.dir/Drivers/STM32F1xx_HAL_Driver/Src/stm32f1xx_hal_gpio.c.obj
                                0x534 (size before relaxing)
 .debug_str     0x00001307      0xb81 CMakeFiles/STM32F103ZET6.elf.dir/Drivers/STM32F1xx_HAL_Driver/Src/stm32f1xx_hal_i2c.c.obj
                               0x10d7 (size before relaxing)
 .debug_str     0x00001e88      0x253 CMakeFiles/STM32F103ZET6.elf.dir/Drivers/STM32F1xx_HAL_Driver/Src/stm32f1xx_hal_pwr.c.obj
                                0x5bd (size before relaxing)
 .debug_str     0x000020db      0x30a CMakeFiles/STM32F103ZET6.elf.dir/Drivers/STM32F1xx_HAL_Driver/Src/stm32f1xx_hal_rcc.c.obj
                                0x716 (size before relaxing)
 .debug_str     0x000023e5      0x16c CMakeFiles/STM32F103ZET6.elf.dir/Drivers/STM32F1xx_HAL_Driver/Src/stm32f1xx_hal_rcc_ex.c.obj
                                0x533 (size before relaxing)
 .debug_str     0x00002551      0x510 CMakeFiles/STM32F103ZET6.elf.dir/Drivers/STM32F1xx_HAL_Driver/Src/stm32f1xx_hal_rtc.c.obj
                                0x8dc (size before relaxing)
 .debug_str     0x00002a61      0x82a CMakeFiles/STM32F103ZET6.elf.dir/Drivers/STM32F1xx_HAL_Driver/Src/stm32f1xx_hal_uart.c.obj
                                0xe16 (size before relaxing)
 .debug_str     0x0000328b      0x10b CMakeFiles/STM32F103ZET6.elf.dir/Src/bh1750.c.obj
                                0x442 (size before relaxing)
 .debug_str     0x00003396       0x4c CMakeFiles/STM32F103ZET6.elf.dir/Src/delay.c.obj
                                0x33f (size before relaxing)
 .debug_str     0x000033e2       0xae CMakeFiles/STM32F103ZET6.elf.dir/Src/dht11.c.obj
                                0x43c (size before relaxing)
 .debug_str     0x00003490       0x36 CMakeFiles/STM32F103ZET6.elf.dir/Src/gpio.c.obj
                                0x314 (size before relaxing)
 .debug_str     0x000034c6       0x66 CMakeFiles/STM32F103ZET6.elf.dir/Src/i2c.c.obj
                                0x864 (size before relaxing)
 .debug_str     0x0000352c      0x505 CMakeFiles/STM32F103ZET6.elf.dir/Src/main.c.obj
                               0x121a (size before relaxing)
 .debug_str     0x00003a31       0xcd CMakeFiles/STM32F103ZET6.elf.dir/Src/oled.c.obj
                                0x86c (size before relaxing)
 .debug_str     0x00003afe       0x2d CMakeFiles/STM32F103ZET6.elf.dir/Src/oledfont.c.obj
                                0x2db (size before relaxing)
 .debug_str     0x00003b2b       0x32 CMakeFiles/STM32F103ZET6.elf.dir/Src/rtc.c.obj
                                0x505 (size before relaxing)
 .debug_str     0x00003b5d       0xd2 CMakeFiles/STM32F103ZET6.elf.dir/Src/sgp30.c.obj
                                0x490 (size before relaxing)
 .debug_str     0x00003c2f       0x36 CMakeFiles/STM32F103ZET6.elf.dir/Src/stm32f1xx_hal_msp.c.obj
                                0x34e (size before relaxing)
 .debug_str     0x00003c65       0xc1 CMakeFiles/STM32F103ZET6.elf.dir/Src/stm32f1xx_it.c.obj
                                0x365 (size before relaxing)
 .debug_str     0x00003d26       0x68 CMakeFiles/STM32F103ZET6.elf.dir/Src/system_stm32f1xx.c.obj
                                0x345 (size before relaxing)
 .debug_str     0x00003d8e       0x54 CMakeFiles/STM32F103ZET6.elf.dir/Src/usart.c.obj
                                0x867 (size before relaxing)
 .debug_str     0x00003de2       0x4a CMakeFiles/STM32F103ZET6.elf.dir/startup/startup_stm32f103xe.s.obj
                                 0x7a (size before relaxing)

.comment        0x00000000       0x79
 .comment       0x00000000       0x79 CMakeFiles/STM32F103ZET6.elf.dir/Drivers/STM32F1xx_HAL_Driver/Src/stm32f1xx_hal.c.obj
                                 0x7a (size before relaxing)
 .comment       0x00000079       0x7a CMakeFiles/STM32F103ZET6.elf.dir/Drivers/STM32F1xx_HAL_Driver/Src/stm32f1xx_hal_cortex.c.obj
 .comment       0x00000079       0x7a CMakeFiles/STM32F103ZET6.elf.dir/Drivers/STM32F1xx_HAL_Driver/Src/stm32f1xx_hal_dma.c.obj
 .comment       0x00000079       0x7a CMakeFiles/STM32F103ZET6.elf.dir/Drivers/STM32F1xx_HAL_Driver/Src/stm32f1xx_hal_gpio.c.obj
 .comment       0x00000079       0x7a CMakeFiles/STM32F103ZET6.elf.dir/Drivers/STM32F1xx_HAL_Driver/Src/stm32f1xx_hal_i2c.c.obj
 .comment       0x00000079       0x7a CMakeFiles/STM32F103ZET6.elf.dir/Drivers/STM32F1xx_HAL_Driver/Src/stm32f1xx_hal_pwr.c.obj
 .comment       0x00000079       0x7a CMakeFiles/STM32F103ZET6.elf.dir/Drivers/STM32F1xx_HAL_Driver/Src/stm32f1xx_hal_rcc.c.obj
 .comment       0x00000079       0x7a CMakeFiles/STM32F103ZET6.elf.dir/Drivers/STM32F1xx_HAL_Driver/Src/stm32f1xx_hal_rcc_ex.c.obj
 .comment       0x00000079       0x7a CMakeFiles/STM32F103ZET6.elf.dir/Drivers/STM32F1xx_HAL_Driver/Src/stm32f1xx_hal_rtc.c.obj
 .comment       0x00000079       0x7a CMakeFiles/STM32F103ZET6.elf.dir/Drivers/STM32F1xx_HAL_Driver/Src/stm32f1xx_hal_uart.c.obj
 .comment       0x00000079       0x7a CMakeFiles/STM32F103ZET6.elf.dir/Src/bh1750.c.obj
 .comment       0x00000079       0x7a CMakeFiles/STM32F103ZET6.elf.dir/Src/delay.c.obj
 .comment       0x00000079       0x7a CMakeFiles/STM32F103ZET6.elf.dir/Src/dht11.c.obj
 .comment       0x00000079       0x7a CMakeFiles/STM32F103ZET6.elf.dir/Src/gpio.c.obj
 .comment       0x00000079       0x7a CMakeFiles/STM32F103ZET6.elf.dir/Src/i2c.c.obj
 .comment       0x00000079       0x7a CMakeFiles/STM32F103ZET6.elf.dir/Src/main.c.obj
 .comment       0x00000079       0x7a CMakeFiles/STM32F103ZET6.elf.dir/Src/oled.c.obj
 .comment       0x00000079       0x7a CMakeFiles/STM32F103ZET6.elf.dir/Src/oledfont.c.obj
 .comment       0x00000079       0x7a CMakeFiles/STM32F103ZET6.elf.dir/Src/rtc.c.obj
 .comment       0x00000079       0x7a CMakeFiles/STM32F103ZET6.elf.dir/Src/sgp30.c.obj
 .comment       0x00000079       0x7a CMakeFiles/STM32F103ZET6.elf.dir/Src/stm32f1xx_hal_msp.c.obj
 .comment       0x00000079       0x7a CMakeFiles/STM32F103ZET6.elf.dir/Src/stm32f1xx_it.c.obj
 .comment       0x00000079       0x7a CMakeFiles/STM32F103ZET6.elf.dir/Src/system_stm32f1xx.c.obj
 .comment       0x00000079       0x7a CMakeFiles/STM32F103ZET6.elf.dir/Src/usart.c.obj

.debug_frame    0x00000000     0x26cc
 .debug_frame   0x00000000      0x1cc CMakeFiles/STM32F103ZET6.elf.dir/Drivers/STM32F1xx_HAL_Driver/Src/stm32f1xx_hal.c.obj
 .debug_frame   0x000001cc      0x12c CMakeFiles/STM32F103ZET6.elf.dir/Drivers/STM32F1xx_HAL_Driver/Src/stm32f1xx_hal_cortex.c.obj
 .debug_frame   0x000002f8      0x144 CMakeFiles/STM32F103ZET6.elf.dir/Drivers/STM32F1xx_HAL_Driver/Src/stm32f1xx_hal_dma.c.obj
 .debug_frame   0x0000043c       0xe8 CMakeFiles/STM32F103ZET6.elf.dir/Drivers/STM32F1xx_HAL_Driver/Src/stm32f1xx_hal_gpio.c.obj
 .debug_frame   0x00000524      0x988 CMakeFiles/STM32F103ZET6.elf.dir/Drivers/STM32F1xx_HAL_Driver/Src/stm32f1xx_hal_i2c.c.obj
 .debug_frame   0x00000eac      0x140 CMakeFiles/STM32F103ZET6.elf.dir/Drivers/STM32F1xx_HAL_Driver/Src/stm32f1xx_hal_pwr.c.obj
 .debug_frame   0x00000fec      0x184 CMakeFiles/STM32F103ZET6.elf.dir/Drivers/STM32F1xx_HAL_Driver/Src/stm32f1xx_hal_rcc.c.obj
 .debug_frame   0x00001170       0x5c CMakeFiles/STM32F103ZET6.elf.dir/Drivers/STM32F1xx_HAL_Driver/Src/stm32f1xx_hal_rcc_ex.c.obj
 .debug_frame   0x000011cc      0x358 CMakeFiles/STM32F103ZET6.elf.dir/Drivers/STM32F1xx_HAL_Driver/Src/stm32f1xx_hal_rtc.c.obj
 .debug_frame   0x00001524      0x5d8 CMakeFiles/STM32F103ZET6.elf.dir/Drivers/STM32F1xx_HAL_Driver/Src/stm32f1xx_hal_uart.c.obj
 .debug_frame   0x00001afc      0x144 CMakeFiles/STM32F103ZET6.elf.dir/Src/bh1750.c.obj
 .debug_frame   0x00001c40       0x48 CMakeFiles/STM32F103ZET6.elf.dir/Src/delay.c.obj
 .debug_frame   0x00001c88       0xec CMakeFiles/STM32F103ZET6.elf.dir/Src/dht11.c.obj
 .debug_frame   0x00001d74       0x28 CMakeFiles/STM32F103ZET6.elf.dir/Src/gpio.c.obj
 .debug_frame   0x00001d9c       0x78 CMakeFiles/STM32F103ZET6.elf.dir/Src/i2c.c.obj
 .debug_frame   0x00001e14       0x5c CMakeFiles/STM32F103ZET6.elf.dir/Src/main.c.obj
 .debug_frame   0x00001e70      0x1c4 CMakeFiles/STM32F103ZET6.elf.dir/Src/oled.c.obj
 .debug_frame   0x00002034       0x54 CMakeFiles/STM32F103ZET6.elf.dir/Src/rtc.c.obj
 .debug_frame   0x00002088      0x16c CMakeFiles/STM32F103ZET6.elf.dir/Src/sgp30.c.obj
 .debug_frame   0x000021f4       0x28 CMakeFiles/STM32F103ZET6.elf.dir/Src/stm32f1xx_hal_msp.c.obj
 .debug_frame   0x0000221c       0xa8 CMakeFiles/STM32F103ZET6.elf.dir/Src/stm32f1xx_it.c.obj
 .debug_frame   0x000022c4       0x30 CMakeFiles/STM32F103ZET6.elf.dir/Src/system_stm32f1xx.c.obj
 .debug_frame   0x000022f4       0xac CMakeFiles/STM32F103ZET6.elf.dir/Src/usart.c.obj
 .debug_frame   0x000023a0       0xac d:/stm32/gcc-arm-none-eabi-9-2019-q4-major-win32/bin/../lib/gcc/arm-none-eabi/9.2.1/thumb/v7-m/nofp\libgcc.a(_arm_addsubdf3.o)
 .debug_frame   0x0000244c       0x50 d:/stm32/gcc-arm-none-eabi-9-2019-q4-major-win32/bin/../lib/gcc/arm-none-eabi/9.2.1/thumb/v7-m/nofp\libgcc.a(_arm_muldivdf3.o)
 .debug_frame   0x0000249c       0x24 d:/stm32/gcc-arm-none-eabi-9-2019-q4-major-win32/bin/../lib/gcc/arm-none-eabi/9.2.1/thumb/v7-m/nofp\libgcc.a(_arm_fixunsdfsi.o)
 .debug_frame   0x000024c0       0x4c d:/stm32/gcc-arm-none-eabi-9-2019-q4-major-win32/bin/../lib/gcc/arm-none-eabi/9.2.1/thumb/v7-m/nofp\libgcc.a(_arm_addsubsf3.o)
 .debug_frame   0x0000250c       0x2c d:/stm32/gcc-arm-none-eabi-9-2019-q4-major-win32/bin/../lib/gcc/arm-none-eabi/9.2.1/../../../../arm-none-eabi/lib/thumb/v7-m/nofp\libg.a(lib_a-init.o)
 .debug_frame   0x00002538       0x5c d:/stm32/gcc-arm-none-eabi-9-2019-q4-major-win32/bin/../lib/gcc/arm-none-eabi/9.2.1/../../../../arm-none-eabi/lib/thumb/v7-m/nofp\libg.a(lib_a-__call_atexit.o)
 .debug_frame   0x00002594       0x20 d:/stm32/gcc-arm-none-eabi-9-2019-q4-major-win32/bin/../lib/gcc/arm-none-eabi/9.2.1/../../../../arm-none-eabi/lib/thumb/v7-m/nofp\libg.a(lib_a-atexit.o)
 .debug_frame   0x000025b4       0x34 d:/stm32/gcc-arm-none-eabi-9-2019-q4-major-win32/bin/../lib/gcc/arm-none-eabi/9.2.1/../../../../arm-none-eabi/lib/thumb/v7-m/nofp\libg.a(lib_a-fini.o)
 .debug_frame   0x000025e8       0xb0 d:/stm32/gcc-arm-none-eabi-9-2019-q4-major-win32/bin/../lib/gcc/arm-none-eabi/9.2.1/../../../../arm-none-eabi/lib/thumb/v7-m/nofp\libg.a(lib_a-lock.o)
 .debug_frame   0x00002698       0x34 d:/stm32/gcc-arm-none-eabi-9-2019-q4-major-win32/bin/../lib/gcc/arm-none-eabi/9.2.1/../../../../arm-none-eabi/lib/thumb/v7-m/nofp\libg.a(lib_a-__atexit.o)
