Archive member included to satisfy reference by file (symbol)

d:/stm32/gcc-arm-none-eabi-9-2019-q4-major-win32/bin/../lib/gcc/arm-none-eabi/9.2.1/thumb/v7-m/nofp\libgcc.a(_arm_mulsf3.o)
                              CMakeFiles/HAL_STM32F103ZET6.elf.dir/Src/oled.c.obj (__aeabi_fmul)
d:/stm32/gcc-arm-none-eabi-9-2019-q4-major-win32/bin/../lib/gcc/arm-none-eabi/9.2.1/thumb/v7-m/nofp\libgcc.a(_arm_addsubdf3.o)
                              CMakeFiles/HAL_STM32F103ZET6.elf.dir/Src/bh1750.c.obj (__aeabi_f2d)
d:/stm32/gcc-arm-none-eabi-9-2019-q4-major-win32/bin/../lib/gcc/arm-none-eabi/9.2.1/thumb/v7-m/nofp\libgcc.a(_arm_muldivdf3.o)
                              CMakeFiles/HAL_STM32F103ZET6.elf.dir/Src/bh1750.c.obj (__aeabi_ddiv)
d:/stm32/gcc-arm-none-eabi-9-2019-q4-major-win32/bin/../lib/gcc/arm-none-eabi/9.2.1/thumb/v7-m/nofp\libgcc.a(_arm_fixunsdfsi.o)
                              CMakeFiles/HAL_STM32F103ZET6.elf.dir/Src/bh1750.c.obj (__aeabi_d2uiz)
d:/stm32/gcc-arm-none-eabi-9-2019-q4-major-win32/bin/../lib/gcc/arm-none-eabi/9.2.1/thumb/v7-m/nofp\libgcc.a(_arm_addsubsf3.o)
                              CMakeFiles/HAL_STM32F103ZET6.elf.dir/Src/bh1750.c.obj (__aeabi_ui2f)
d:/stm32/gcc-arm-none-eabi-9-2019-q4-major-win32/bin/../lib/gcc/arm-none-eabi/9.2.1/thumb/v7-m/nofp\libgcc.a(_arm_cmpsf2.o)
                              CMakeFiles/HAL_STM32F103ZET6.elf.dir/Src/oled.c.obj (__aeabi_fcmplt)
d:/stm32/gcc-arm-none-eabi-9-2019-q4-major-win32/bin/../lib/gcc/arm-none-eabi/9.2.1/thumb/v7-m/nofp\libgcc.a(_arm_fixunssfsi.o)
                              CMakeFiles/HAL_STM32F103ZET6.elf.dir/Src/oled.c.obj (__aeabi_f2uiz)
d:/stm32/gcc-arm-none-eabi-9-2019-q4-major-win32/bin/../lib/gcc/arm-none-eabi/9.2.1/../../../../arm-none-eabi/lib/thumb/v7-m/nofp\libg.a(lib_a-errno.o)
                              CMakeFiles/HAL_STM32F103ZET6.elf.dir/Src/syscalls.c.obj (__errno)
d:/stm32/gcc-arm-none-eabi-9-2019-q4-major-win32/bin/../lib/gcc/arm-none-eabi/9.2.1/../../../../arm-none-eabi/lib/thumb/v7-m/nofp\libg.a(lib_a-exit.o)
                              d:/stm32/gcc-arm-none-eabi-9-2019-q4-major-win32/bin/../lib/gcc/arm-none-eabi/9.2.1/../../../../arm-none-eabi/lib/thumb/v7-m/nofp/crt0.o (exit)
d:/stm32/gcc-arm-none-eabi-9-2019-q4-major-win32/bin/../lib/gcc/arm-none-eabi/9.2.1/../../../../arm-none-eabi/lib/thumb/v7-m/nofp\libg.a(lib_a-impure.o)
                              d:/stm32/gcc-arm-none-eabi-9-2019-q4-major-win32/bin/../lib/gcc/arm-none-eabi/9.2.1/../../../../arm-none-eabi/lib/thumb/v7-m/nofp\libg.a(lib_a-exit.o) (_global_impure_ptr)
d:/stm32/gcc-arm-none-eabi-9-2019-q4-major-win32/bin/../lib/gcc/arm-none-eabi/9.2.1/../../../../arm-none-eabi/lib/thumb/v7-m/nofp\libg.a(lib_a-init.o)
                              d:/stm32/gcc-arm-none-eabi-9-2019-q4-major-win32/bin/../lib/gcc/arm-none-eabi/9.2.1/../../../../arm-none-eabi/lib/thumb/v7-m/nofp/crt0.o (__libc_init_array)
d:/stm32/gcc-arm-none-eabi-9-2019-q4-major-win32/bin/../lib/gcc/arm-none-eabi/9.2.1/../../../../arm-none-eabi/lib/thumb/v7-m/nofp\libg.a(lib_a-memset.o)
                              d:/stm32/gcc-arm-none-eabi-9-2019-q4-major-win32/bin/../lib/gcc/arm-none-eabi/9.2.1/../../../../arm-none-eabi/lib/thumb/v7-m/nofp/crt0.o (memset)
d:/stm32/gcc-arm-none-eabi-9-2019-q4-major-win32/bin/../lib/gcc/arm-none-eabi/9.2.1/../../../../arm-none-eabi/lib/thumb/v7-m/nofp\libg.a(lib_a-printf.o)
                              CMakeFiles/HAL_STM32F103ZET6.elf.dir/Src/main.c.obj (printf)
d:/stm32/gcc-arm-none-eabi-9-2019-q4-major-win32/bin/../lib/gcc/arm-none-eabi/9.2.1/../../../../arm-none-eabi/lib/thumb/v7-m/nofp\libg.a(lib_a-puts.o)
                              CMakeFiles/HAL_STM32F103ZET6.elf.dir/Src/main.c.obj (puts)
d:/stm32/gcc-arm-none-eabi-9-2019-q4-major-win32/bin/../lib/gcc/arm-none-eabi/9.2.1/../../../../arm-none-eabi/lib/thumb/v7-m/nofp\libg.a(lib_a-strlen-stub.o)
                              d:/stm32/gcc-arm-none-eabi-9-2019-q4-major-win32/bin/../lib/gcc/arm-none-eabi/9.2.1/../../../../arm-none-eabi/lib/thumb/v7-m/nofp\libg.a(lib_a-puts.o) (strlen)
d:/stm32/gcc-arm-none-eabi-9-2019-q4-major-win32/bin/../lib/gcc/arm-none-eabi/9.2.1/../../../../arm-none-eabi/lib/thumb/v7-m/nofp\libg.a(lib_a-vfprintf.o)
                              d:/stm32/gcc-arm-none-eabi-9-2019-q4-major-win32/bin/../lib/gcc/arm-none-eabi/9.2.1/../../../../arm-none-eabi/lib/thumb/v7-m/nofp\libg.a(lib_a-printf.o) (_vfprintf_r)
d:/stm32/gcc-arm-none-eabi-9-2019-q4-major-win32/bin/../lib/gcc/arm-none-eabi/9.2.1/../../../../arm-none-eabi/lib/thumb/v7-m/nofp\libg.a(lib_a-wsetup.o)
                              d:/stm32/gcc-arm-none-eabi-9-2019-q4-major-win32/bin/../lib/gcc/arm-none-eabi/9.2.1/../../../../arm-none-eabi/lib/thumb/v7-m/nofp\libg.a(lib_a-vfprintf.o) (__swsetup_r)
d:/stm32/gcc-arm-none-eabi-9-2019-q4-major-win32/bin/../lib/gcc/arm-none-eabi/9.2.1/../../../../arm-none-eabi/lib/thumb/v7-m/nofp\libg.a(lib_a-__call_atexit.o)
[...]
Memory Configuration

Name             Origin             Length             Attributes
RAM              0x20000000         0x00010000         xrw
FLASH            0x08000000         0x00080000         xr
*default*        0x00000000         0xffffffff

Linker script and memory map

LOAD d:/stm32/gcc-arm-none-eabi-9-2019-q4-major-win32/bin/../lib/gcc/arm-none-eabi/9.2.1/thumb/v7-m/nofp/crti.o
LOAD d:/stm32/gcc-arm-none-eabi-9-2019-q4-major-win32/bin/../lib/gcc/arm-none-eabi/9.2.1/thumb/v7-m/nofp/crtbegin.o
LOAD d:/stm32/gcc-arm-none-eabi-9-2019-q4-major-win32/bin/../lib/gcc/arm-none-eabi/9.2.1/../../../../arm-none-eabi/lib/thumb/v7-m/nofp/crt0.o
LOAD CMakeFiles/HAL_STM32F103ZET6.elf.dir/Drivers/STM32F1xx_HAL_Driver/Src/stm32f1xx_hal.c.obj
LOAD CMakeFiles/HAL_STM32F103ZET6.elf.dir/Drivers/STM32F1xx_HAL_Driver/Src/stm32f1xx_hal_cortex.c.obj
LOAD CMakeFiles/HAL_STM32F103ZET6.elf.dir/Drivers/STM32F1xx_HAL_Driver/Src/stm32f1xx_hal_dma.c.obj
LOAD CMakeFiles/HAL_STM32F103ZET6.elf.dir/Drivers/STM32F1xx_HAL_Driver/Src/stm32f1xx_hal_exti.c.obj
LOAD CMakeFiles/HAL_STM32F103ZET6.elf.dir/Drivers/STM32F1xx_HAL_Driver/Src/stm32f1xx_hal_flash.c.obj
LOAD CMakeFiles/HAL_STM32F103ZET6.elf.dir/Drivers/STM32F1xx_HAL_Driver/Src/stm32f1xx_hal_flash_ex.c.obj
LOAD CMakeFiles/HAL_STM32F103ZET6.elf.dir/Drivers/STM32F1xx_HAL_Driver/Src/stm32f1xx_hal_gpio.c.obj
LOAD CMakeFiles/HAL_STM32F103ZET6.elf.dir/Drivers/STM32F1xx_HAL_Driver/Src/stm32f1xx_hal_gpio_ex.c.obj
LOAD CMakeFiles/HAL_STM32F103ZET6.elf.dir/Drivers/STM32F1xx_HAL_Driver/Src/stm32f1xx_hal_i2c.c.obj
LOAD CMakeFiles/HAL_STM32F103ZET6.elf.dir/Drivers/STM32F1xx_HAL_Driver/Src/stm32f1xx_hal_pwr.c.obj
LOAD CMakeFiles/HAL_STM32F103ZET6.elf.dir/Drivers/STM32F1xx_HAL_Driver/Src/stm32f1xx_hal_rcc.c.obj
LOAD CMakeFiles/HAL_STM32F103ZET6.elf.dir/Drivers/STM32F1xx_HAL_Driver/Src/stm32f1xx_hal_rcc_ex.c.obj
LOAD CMakeFiles/HAL_STM32F103ZET6.elf.dir/Drivers/STM32F1xx_HAL_Driver/Src/stm32f1xx_hal_rtc.c.obj
LOAD CMakeFiles/HAL_STM32F103ZET6.elf.dir/Drivers/STM32F1xx_HAL_Driver/Src/stm32f1xx_hal_rtc_ex.c.obj
LOAD CMakeFiles/HAL_STM32F103ZET6.elf.dir/Drivers/STM32F1xx_HAL_Driver/Src/stm32f1xx_hal_tim.c.obj
LOAD CMakeFiles/HAL_STM32F103ZET6.elf.dir/Drivers/STM32F1xx_HAL_Driver/Src/stm32f1xx_hal_tim_ex.c.obj
LOAD CMakeFiles/HAL_STM32F103ZET6.elf.dir/Drivers/STM32F1xx_HAL_Driver/Src/stm32f1xx_hal_uart.c.obj
LOAD CMakeFiles/HAL_STM32F103ZET6.elf.dir/Src/bh1750.c.obj
LOAD CMakeFiles/HAL_STM32F103ZET6.elf.dir/Src/dht11.c.obj
LOAD CMakeFiles/HAL_STM32F103ZET6.elf.dir/Src/gpio.c.obj
LOAD CMakeFiles/HAL_STM32F103ZET6.elf.dir/Src/i2c.c.obj
LOAD CMakeFiles/HAL_STM32F103ZET6.elf.dir/Src/main.c.obj
LOAD CMakeFiles/HAL_STM32F103ZET6.elf.dir/Src/oled.c.obj
LOAD CMakeFiles/HAL_STM32F103ZET6.elf.dir/Src/oledfont.c.obj
LOAD CMakeFiles/HAL_STM32F103ZET6.elf.dir/Src/rtc.c.obj
LOAD CMakeFiles/HAL_STM32F103ZET6.elf.dir/Src/sgp30.c.obj
LOAD CMakeFiles/HAL_STM32F103ZET6.elf.dir/Src/stm32f1xx_hal_msp.c.obj
LOAD CMakeFiles/HAL_STM32F103ZET6.elf.dir/Src/stm32f1xx_it.c.obj
LOAD CMakeFiles/HAL_STM32F103ZET6.elf.dir/Src/syscalls.c.obj
LOAD CMakeFiles/HAL_STM32F103ZET6.elf.dir/Src/system_stm32f1xx.c.obj
LOAD CMakeFiles/HAL_STM32F103ZET6.elf.dir/Src/tim.c.obj
LOAD CMakeFiles/HAL_STM32F103ZET6.elf.dir/Src/usart.c.obj
LOAD CMakeFiles/HAL_STM32F103ZET6.elf.dir/startup/startup_stm32f103xe.s.obj
START GROUP
LOAD d:/stm32/gcc-arm-none-eabi-9-2019-q4-major-win32/bin/../lib/gcc/arm-none-eabi/9.2.1/thumb/v7-m/nofp\libgcc.a
LOAD d:/stm32/gcc-arm-none-eabi-9-2019-q4-major-win32/bin/../lib/gcc/arm-none-eabi/9.2.1/../../../../arm-none-eabi/lib/thumb/v7-m/nofp\libg.a
LOAD d:/stm32/gcc-arm-none-eabi-9-2019-q4-major-win32/bin/../lib/gcc/arm-none-eabi/9.2.1/../../../../arm-none-eabi/lib/thumb/v7-m/nofp\libc.a
END GROUP
LOAD d:/stm32/gcc-arm-none-eabi-9-2019-q4-major-win32/bin/../lib/gcc/arm-none-eabi/9.2.1/thumb/v7-m/nofp/crtend.o
LOAD d:/stm32/gcc-arm-none-eabi-9-2019-q4-major-win32/bin/../lib/gcc/arm-none-eabi/9.2.1/thumb/v7-m/nofp/crtn.o
                0x20010000                _estack = (ORIGIN (RAM) + LENGTH (RAM))
                0x00000200                _Min_Heap_Size = 0x200
                0x00000400                _Min_Stack_Size = 0x400

.isr_vector     0x08000000      0x1e4
                0x08000000                . = ALIGN (0x4)
 *(.isr_vector)
 .isr_vector    0x08000000      0x1e4 CMakeFiles/HAL_STM32F103ZET6.elf.dir/startup/startup_stm32f103xe.s.obj
                0x08000000                g_pfnVectors
                0x080001e4                . = ALIGN (0x4)

.text           0x080001e8     0x8eb8
                0x080001e8                . = ALIGN (0x4)
 *(.text)
 .text          0x080001e8       0x40 d:/stm32/gcc-arm-none-eabi-9-2019-q4-major-win32/bin/../lib/gcc/arm-none-eabi/9.2.1/thumb/v7-m/nofp/crtbegin.o
 .text          0x08000228      0x378 d:/stm32/gcc-arm-none-eabi-9-2019-q4-major-win32/bin/../lib/gcc/arm-none-eabi/9.2.1/thumb/v7-m/nofp\libgcc.a(_arm_addsubdf3.o)
                0x08000228                __aeabi_drsub
                0x08000230                __aeabi_dsub
                0x08000230                __subdf3
                0x08000234                __aeabi_dadd
                0x08000234                __adddf3
                0x080004ac                __floatunsidf
                0x080004ac                __aeabi_ui2d
                0x080004cc                __floatsidf
                0x080004cc                __aeabi_i2d
                0x080004f0                __aeabi_f2d
                0x080004f0                __extendsfdf2
                0x08000534                __floatundidf
                0x08000534                __aeabi_ul2d
                0x08000544                __floatdidf
                0x08000544                __aeabi_l2d
 .text          0x080005a0      0x424 d:/stm32/gcc-arm-none-eabi-9-2019-q4-major-win32/bin/../lib/gcc/arm-none-eabi/9.2.1/thumb/v7-m/nofp\libgcc.a(_arm_muldivdf3.o)
                0x080005a0                __aeabi_dmul
                0x080005a0                __muldf3
                0x080007f4                __divdf3
                0x080007f4                __aeabi_ddiv
 .text          0x080009c4       0x40 d:/stm32/gcc-arm-none-eabi-9-2019-q4-major-win32/bin/../lib/gcc/arm-none-eabi/9.2.1/thumb/v7-m/nofp\libgcc.a(_arm_fixunsdfsi.o)
                0x080009c4                __aeabi_d2uiz
                0x080009c4                __fixunsdfsi
 .text          0x08000a04      0x21c d:/stm32/gcc-arm-none-eabi-9-2019-q4-major-win32/bin/../lib/gcc/arm-none-eabi/9.2.1/thumb/v7-m/nofp\libgcc.a(_arm_addsubsf3.o)
                0x08000a04                __aeabi_frsub
                0x08000a0c                __subsf3
                0x08000a0c                __aeabi_fsub
                0x08000a10                __aeabi_fadd
                0x08000a10                __addsf3
                0x08000b70                __aeabi_ui2f
                0x08000b70                __floatunsisf
                0x08000b78                __aeabi_i2f
                0x08000b78                __floatsisf
                0x08000b94                __aeabi_ul2f
                0x08000b94                __floatundisf
                0x08000ba4                __aeabi_l2f
                0x08000ba4                __floatdisf
 .text          0x08000c20       0xec d:/stm32/gcc-arm-none-eabi-9-2019-q4-major-win32/bin/../lib/gcc/arm-none-eabi/9.2.1/../../../../arm-none-eabi/lib/thumb/v7-m/nofp\libg.a(lib_a-memcpy.o)
                0x08000c20                memcpy
 .text          0x08000d0c      0x110 d:/stm32/gcc-arm-none-eabi-9-2019-q4-major-win32/bin/../lib/gcc/arm-none-eabi/9.2.1/thumb/v7-m/nofp\libgcc.a(_arm_cmpdf2.o)
                0x08000d0c                __gtdf2
                0x08000d0c                __gedf2
                0x08000d14                __ltdf2
                0x08000d14                __ledf2
                0x08000d1c                __nedf2
                0x08000d1c                __eqdf2
                0x08000d1c                __cmpdf2
                0x08000d98                __aeabi_cdrcmple
                0x08000da8                __aeabi_cdcmpeq
                0x08000da8                __aeabi_cdcmple
                0x08000db8                __aeabi_dcmpeq
                0x08000dcc                __aeabi_dcmplt
                0x08000de0                __aeabi_dcmple
                0x08000df4                __aeabi_dcmpge
                0x08000e08                __aeabi_dcmpgt
 .text          0x08000e1c       0x2c d:/stm32/gcc-arm-none-eabi-9-2019-q4-major-win32/bin/../lib/gcc/arm-none-eabi/9.2.1/thumb/v7-m/nofp\libgcc.a(_arm_unorddf2.o)
                0x08000e1c                __unorddf2
                0x08000e1c                __aeabi_dcmpun
 .text          0x08000e48       0x50 d:/stm32/gcc-arm-none-eabi-9-2019-q4-major-win32/bin/../lib/gcc/arm-none-eabi/9.2.1/thumb/v7-m/nofp\libgcc.a(_arm_fixdfsi.o)
                0x08000e48                __aeabi_d2iz
                0x08000e48                __fixdfsi
 .text          0x08000e98       0x30 d:/stm32/gcc-arm-none-eabi-9-2019-q4-major-win32/bin/../lib/gcc/arm-none-eabi/9.2.1/thumb/v7-m/nofp\libgcc.a(_aeabi_uldivmod.o)
                0x08000e98                __aeabi_uldivmod
 .text          0x08000ec8      0x2c4 d:/stm32/gcc-arm-none-eabi-9-2019-q4-major-win32/bin/../lib/gcc/arm-none-eabi/9.2.1/thumb/v7-m/nofp\libgcc.a(_udivmoddi4.o)
                0x08000ec8                __udivmoddi4
 .text          0x0800118c        0x4 d:/stm32/gcc-arm-none-eabi-9-2019-q4-major-win32/bin/../lib/gcc/arm-none-eabi/9.2.1/thumb/v7-m/nofp\libgcc.a(_dvmd_tls.o)
                0x0800118c                __aeabi_idiv0
                0x0800118c                __aeabi_ldiv0
 *(.text*)
 .text.HAL_InitTick
                0x08001190       0x4c CMakeFiles/HAL_STM32F103ZET6.elf.dir/Drivers/STM32F1xx_HAL_Driver/Src/stm32f1xx_hal.c.obj
                0x08001190                HAL_InitTick
 .text.HAL_Init
                0x080011dc       0x24 CMakeFiles/HAL_STM32F103ZET6.elf.dir/Drivers/STM32F1xx_HAL_Driver/Src/stm32f1xx_hal.c.obj
                0x080011dc                HAL_Init
 .text.HAL_IncTick
                0x08001200       0x18 CMakeFiles/HAL_STM32F103ZET6.elf.dir/Drivers/STM32F1xx_HAL_Driver/Src/stm32f1xx_hal.c.obj
                0x08001200                HAL_IncTick
 .text.HAL_GetTick
                0x08001218        0xc CMakeFiles/HAL_STM32F103ZET6.elf.dir/Drivers/STM32F1xx_HAL_Driver/Src/stm32f1xx_hal.c.obj
                0x08001218                HAL_GetTick
 .text.HAL_Delay
                0x08001224       0x28 CMakeFiles/HAL_STM32F103ZET6.elf.dir/Drivers/STM32F1xx_HAL_Driver/Src/stm32f1xx_hal.c.obj
                0x08001224                HAL_Delay
 .text.HAL_NVIC_SetPriorityGrouping
                0x0800124c       0x24 CMakeFiles/HAL_STM32F103ZET6.elf.dir/Drivers/STM32F1xx_HAL_Driver/Src/stm32f1xx_hal_cortex.c.obj
                0x0800124c                HAL_NVIC_SetPriorityGrouping
 .text.HAL_NVIC_SetPriority
                0x08001270       0x68 CMakeFiles/HAL_STM32F103ZET6.elf.dir/Drivers/STM32F1xx_HAL_Driver/Src/stm32f1xx_hal_cortex.c.obj
                0x08001270                HAL_NVIC_SetPriority
 .text.HAL_SYSTICK_Config
                0x080012d8       0x2c CMakeFiles/HAL_STM32F103ZET6.elf.dir/Drivers/STM32F1xx_HAL_Driver/Src/stm32f1xx_hal_cortex.c.obj
                0x080012d8                HAL_SYSTICK_Config
 .text.HAL_GPIO_Init
                0x08001304      0x238 CMakeFiles/HAL_STM32F103ZET6.elf.dir/Drivers/STM32F1xx_HAL_Driver/Src/stm32f1xx_hal_gpio.c.obj
                0x08001304                HAL_GPIO_Init
 .text.HAL_GPIO_ReadPin
                0x0800153c        0xe CMakeFiles/HAL_STM32F103ZET6.elf.dir/Drivers/STM32F1xx_HAL_Driver/Src/stm32f1xx_hal_gpio.c.obj
                0x0800153c                HAL_GPIO_ReadPin
 .text.HAL_GPIO_WritePin
                0x0800154a        0xc CMakeFiles/HAL_STM32F103ZET6.elf.dir/Drivers/STM32F1xx_HAL_Driver/Src/stm32f1xx_hal_gpio.c.obj
                0x0800154a                HAL_GPIO_WritePin
 .text.I2C_IsAcknowledgeFailed
                0x08001556       0x32 CMakeFiles/HAL_STM32F103ZET6.elf.dir/Drivers/STM32F1xx_HAL_Driver/Src/stm32f1xx_hal_i2c.c.obj
 .text.I2C_WaitOnFlagUntilTimeout
                0x08001588       0xb2 CMakeFiles/HAL_STM32F103ZET6.elf.dir/Drivers/STM32F1xx_HAL_Driver/Src/stm32f1xx_hal_i2c.c.obj
 .text.I2C_WaitOnMasterAddressFlagUntilTimeout
                0x0800163a       0xd6 CMakeFiles/HAL_STM32F103ZET6.elf.dir/Drivers/STM32F1xx_HAL_Driver/Src/stm32f1xx_hal_i2c.c.obj
 .text.I2C_WaitOnTXEFlagUntilTimeout
                0x08001710       0x5e CMakeFiles/HAL_STM32F103ZET6.elf.dir/Drivers/STM32F1xx_HAL_Driver/Src/stm32f1xx_hal_i2c.c.obj
 *fill*         0x0800176e        0x2 
 .text.I2C_RequestMemoryWrite
                0x08001770       0xd8 CMakeFiles/HAL_STM32F103ZET6.elf.dir/Drivers/STM32F1xx_HAL_Driver/Src/stm32f1xx_hal_i2c.c.obj
 .text.I2C_WaitOnBTFFlagUntilTimeout
                0x08001848       0x5e CMakeFiles/HAL_STM32F103ZET6.elf.dir/Drivers/STM32F1xx_HAL_Driver/Src/stm32f1xx_hal_i2c.c.obj
 *fill*         0x080018a6        0x2 
 .text.HAL_I2C_Init
                0x080018a8      0x1bc CMakeFiles/HAL_STM32F103ZET6.elf.dir/Drivers/STM32F1xx_HAL_Driver/Src/stm32f1xx_hal_i2c.c.obj
                0x080018a8                HAL_I2C_Init
 .text.HAL_I2C_Mem_Write
                0x08001a64      0x164 CMakeFiles/HAL_STM32F103ZET6.elf.dir/Drivers/STM32F1xx_HAL_Driver/Src/stm32f1xx_hal_i2c.c.obj
                0x08001a64                HAL_I2C_Mem_Write
 .text.HAL_PWR_EnableBkUpAccess
                0x08001bc8        0xc CMakeFiles/HAL_STM32F103ZET6.elf.dir/Drivers/STM32F1xx_HAL_Driver/Src/stm32f1xx_hal_pwr.c.obj
                0x08001bc8                HAL_PWR_EnableBkUpAccess
 .text.RCC_Delay
                0x08001bd4       0x2c CMakeFiles/HAL_STM32F103ZET6.elf.dir/Drivers/STM32F1xx_HAL_Driver/Src/stm32f1xx_hal_rcc.c.obj
 .text.HAL_RCC_OscConfig
                0x08001c00      0x410 CMakeFiles/HAL_STM32F103ZET6.elf.dir/Drivers/STM32F1xx_HAL_Driver/Src/stm32f1xx_hal_rcc.c.obj
                0x08001c00                HAL_RCC_OscConfig
 .text.HAL_RCC_GetSysClockFreq
                0x08002010       0x54 CMakeFiles/HAL_STM32F103ZET6.elf.dir/Drivers/STM32F1xx_HAL_Driver/Src/stm32f1xx_hal_rcc.c.obj
                0x08002010                HAL_RCC_GetSysClockFreq
 .text.HAL_RCC_ClockConfig
                0x08002064      0x16c CMakeFiles/HAL_STM32F103ZET6.elf.dir/Drivers/STM32F1xx_HAL_Driver/Src/stm32f1xx_hal_rcc.c.obj
                0x08002064                HAL_RCC_ClockConfig
 .text.HAL_RCC_GetHCLKFreq
                0x080021d0        0xc CMakeFiles/HAL_STM32F103ZET6.elf.dir/Drivers/STM32F1xx_HAL_Driver/Src/stm32f1xx_hal_rcc.c.obj
                0x080021d0                HAL_RCC_GetHCLKFreq
 .text.HAL_RCC_GetPCLK1Freq
                0x080021dc       0x20 CMakeFiles/HAL_STM32F103ZET6.elf.dir/Drivers/STM32F1xx_HAL_Driver/Src/stm32f1xx_hal_rcc.c.obj
                0x080021dc                HAL_RCC_GetPCLK1Freq
 .text.HAL_RCC_GetPCLK2Freq
                0x080021fc       0x20 CMakeFiles/HAL_STM32F103ZET6.elf.dir/Drivers/STM32F1xx_HAL_Driver/Src/stm32f1xx_hal_rcc.c.obj
                0x080021fc                HAL_RCC_GetPCLK2Freq
 .text.HAL_RCCEx_PeriphCLKConfig
                0x0800221c      0x114 CMakeFiles/HAL_STM32F103ZET6.elf.dir/Drivers/STM32F1xx_HAL_Driver/Src/stm32f1xx_hal_rcc_ex.c.obj
                0x0800221c                HAL_RCCEx_PeriphCLKConfig
 .text.HAL_RCCEx_GetPeriphCLKFreq
                0x08002330       0xf4 CMakeFiles/HAL_STM32F103ZET6.elf.dir/Drivers/STM32F1xx_HAL_Driver/Src/stm32f1xx_hal_rcc_ex.c.obj
                0x08002330                HAL_RCCEx_GetPeriphCLKFreq
 .text.RTC_EnterInitMode
                0x08002424       0x30 CMakeFiles/HAL_STM32F103ZET6.elf.dir/Drivers/STM32F1xx_HAL_Driver/Src/stm32f1xx_hal_rtc.c.obj
 .text.RTC_ExitInitMode
                0x08002454       0x32 CMakeFiles/HAL_STM32F103ZET6.elf.dir/Drivers/STM32F1xx_HAL_Driver/Src/stm32f1xx_hal_rtc.c.obj
 .text.HAL_RTC_WaitForSynchro
                0x08002486       0x38 CMakeFiles/HAL_STM32F103ZET6.elf.dir/Drivers/STM32F1xx_HAL_Driver/Src/stm32f1xx_hal_rtc.c.obj
                0x08002486                HAL_RTC_WaitForSynchro
 *fill*         0x080024be        0x2 
 .text.HAL_RTC_Init
                0x080024c0       0xb0 CMakeFiles/HAL_STM32F103ZET6.elf.dir/Drivers/STM32F1xx_HAL_Driver/Src/stm32f1xx_hal_rtc.c.obj
                0x080024c0                HAL_RTC_Init
 .text.TIM_TI1_ConfigInputStage
                0x08002570       0x24 CMakeFiles/HAL_STM32F103ZET6.elf.dir/Drivers/STM32F1xx_HAL_Driver/Src/stm32f1xx_hal_tim.c.obj
 .text.TIM_TI2_ConfigInputStage
                0x08002594       0x26 CMakeFiles/HAL_STM32F103ZET6.elf.dir/Drivers/STM32F1xx_HAL_Driver/Src/stm32f1xx_hal_tim.c.obj
 .text.TIM_ITRx_SetConfig
                0x080025ba       0x10 CMakeFiles/HAL_STM32F103ZET6.elf.dir/Drivers/STM32F1xx_HAL_Driver/Src/stm32f1xx_hal_tim.c.obj
 *fill*         0x080025ca        0x2 
 .text.HAL_TIM_Base_Start
                0x080025cc       0x6c CMakeFiles/HAL_STM32F103ZET6.elf.dir/Drivers/STM32F1xx_HAL_Driver/Src/stm32f1xx_hal_tim.c.obj
                0x080025cc                HAL_TIM_Base_Start
 .text.HAL_TIM_Base_Stop
                0x08002638       0x28 CMakeFiles/HAL_STM32F103ZET6.elf.dir/Drivers/STM32F1xx_HAL_Driver/Src/stm32f1xx_hal_tim.c.obj
                0x08002638                HAL_TIM_Base_Stop
 .text.TIM_Base_SetConfig
                0x08002660       0x98 CMakeFiles/HAL_STM32F103ZET6.elf.dir/Drivers/STM32F1xx_HAL_Driver/Src/stm32f1xx_hal_tim.c.obj
                0x08002660                TIM_Base_SetConfig
 .text.HAL_TIM_Base_Init
                0x080026f8       0x58 CMakeFiles/HAL_STM32F103ZET6.elf.dir/Drivers/STM32F1xx_HAL_Driver/Src/stm32f1xx_hal_tim.c.obj
                0x080026f8                HAL_TIM_Base_Init
 .text.TIM_ETR_SetConfig
                0x08002750       0x16 CMakeFiles/HAL_STM32F103ZET6.elf.dir/Drivers/STM32F1xx_HAL_Driver/Src/stm32f1xx_hal_tim.c.obj
                0x08002750                TIM_ETR_SetConfig
 .text.HAL_TIM_ConfigClockSource
                0x08002766       0xfe CMakeFiles/HAL_STM32F103ZET6.elf.dir/Drivers/STM32F1xx_HAL_Driver/Src/stm32f1xx_hal_tim.c.obj
                0x08002766                HAL_TIM_ConfigClockSource
 .text.HAL_TIMEx_MasterConfigSynchronization
                0x08002864       0x78 CMakeFiles/HAL_STM32F103ZET6.elf.dir/Drivers/STM32F1xx_HAL_Driver/Src/stm32f1xx_hal_tim_ex.c.obj
                0x08002864                HAL_TIMEx_MasterConfigSynchronization
 .text.UART_SetConfig
                0x080028dc       0x90 CMakeFiles/HAL_STM32F103ZET6.elf.dir/Drivers/STM32F1xx_HAL_Driver/Src/stm32f1xx_hal_uart.c.obj
 .text.UART_WaitOnFlagUntilTimeout
                0x0800296c       0x84 CMakeFiles/HAL_STM32F103ZET6.elf.dir/Drivers/STM32F1xx_HAL_Driver/Src/stm32f1xx_hal_uart.c.obj
 .text.HAL_UART_Init
                0x080029f0       0x60 CMakeFiles/HAL_STM32F103ZET6.elf.dir/Drivers/STM32F1xx_HAL_Driver/Src/stm32f1xx_hal_uart.c.obj
                0x080029f0                HAL_UART_Init
 .text.HAL_UART_Transmit
                0x08002a50       0xbe CMakeFiles/HAL_STM32F103ZET6.elf.dir/Drivers/STM32F1xx_HAL_Driver/Src/stm32f1xx_hal_uart.c.obj
                0x08002a50                HAL_UART_Transmit
 *fill*         0x08002b0e        0x2 
 .text.BH1750_Start
                0x08002b10       0x40 CMakeFiles/HAL_STM32F103ZET6.elf.dir/Src/bh1750.c.obj
                0x08002b10                BH1750_Start
 .text.BH1750_Stop
                0x08002b50       0x34 CMakeFiles/HAL_STM32F103ZET6.elf.dir/Src/bh1750.c.obj
                0x08002b50                BH1750_Stop
 .text.BH1750_SendACK
                0x08002b84       0x60 CMakeFiles/HAL_STM32F103ZET6.elf.dir/Src/bh1750.c.obj
                0x08002b84                BH1750_SendACK
 .text.BH1750_RecvACK
                0x08002be4       0x74 CMakeFiles/HAL_STM32F103ZET6.elf.dir/Src/bh1750.c.obj
                0x08002be4                BH1750_RecvACK
 .text.BH1750_SendByte
                0x08002c58       0x5c CMakeFiles/HAL_STM32F103ZET6.elf.dir/Src/bh1750.c.obj
                0x08002c58                BH1750_SendByte
 .text.Init_BH1750
                0x08002cb4       0x18 CMakeFiles/HAL_STM32F103ZET6.elf.dir/Src/bh1750.c.obj
                0x08002cb4                Init_BH1750
 .text.Single_Write_BH1750
                0x08002ccc       0x1a CMakeFiles/HAL_STM32F103ZET6.elf.dir/Src/bh1750.c.obj
                0x08002ccc                Single_Write_BH1750
 *fill*         0x08002ce6        0x2 
 .text.BH1750_RecvByte
                0x08002ce8       0x80 CMakeFiles/HAL_STM32F103ZET6.elf.dir/Src/bh1750.c.obj
                0x08002ce8                BH1750_RecvByte
 .text.mread    0x08002d68       0x44 CMakeFiles/HAL_STM32F103ZET6.elf.dir/Src/bh1750.c.obj
                0x08002d68                mread
 .text.Value_GY30
                0x08002dac       0x48 CMakeFiles/HAL_STM32F103ZET6.elf.dir/Src/bh1750.c.obj
                0x08002dac                Value_GY30
 .text.DHT11_OUT
                0x08002df4       0x28 CMakeFiles/HAL_STM32F103ZET6.elf.dir/Src/dht11.c.obj
                0x08002df4                DHT11_OUT
 .text.DHT11_IN
                0x08002e1c       0x28 CMakeFiles/HAL_STM32F103ZET6.elf.dir/Src/dht11.c.obj
                0x08002e1c                DHT11_IN
 .text.DHT11_Reset
                0x08002e44       0x34 CMakeFiles/HAL_STM32F103ZET6.elf.dir/Src/dht11.c.obj
                0x08002e44                DHT11_Reset
 .text.DHT11_Check
                0x08002e78       0x5c CMakeFiles/HAL_STM32F103ZET6.elf.dir/Src/dht11.c.obj
                0x08002e78                DHT11_Check
 .text.DHT11_Read_Bit
                0x08002ed4       0x60 CMakeFiles/HAL_STM32F103ZET6.elf.dir/Src/dht11.c.obj
                0x08002ed4                DHT11_Read_Bit
 .text.DHT11_Read_Byte
                0x08002f34       0x1e CMakeFiles/HAL_STM32F103ZET6.elf.dir/Src/dht11.c.obj
                0x08002f34                DHT11_Read_Byte
 .text.DHT11_Read_Data
                0x08002f52       0x6c CMakeFiles/HAL_STM32F103ZET6.elf.dir/Src/dht11.c.obj
                0x08002f52                DHT11_Read_Data
 *fill*         0x08002fbe        0x2 
 .text.DHT11_Init
                0x08002fc0       0x54 CMakeFiles/HAL_STM32F103ZET6.elf.dir/Src/dht11.c.obj
                0x08002fc0                DHT11_Init
 .text.MX_GPIO_Init
                0x08003014       0x30 CMakeFiles/HAL_STM32F103ZET6.elf.dir/Src/gpio.c.obj
                0x08003014                MX_GPIO_Init
 .text.MX_I2C1_Init
                0x08003044       0x3c CMakeFiles/HAL_STM32F103ZET6.elf.dir/Src/i2c.c.obj
                0x08003044                MX_I2C1_Init
 .text.MX_I2C2_Init
                0x08003080       0x3c CMakeFiles/HAL_STM32F103ZET6.elf.dir/Src/i2c.c.obj
                0x08003080                MX_I2C2_Init
 .text.HAL_I2C_MspInit
                0x080030bc       0xac CMakeFiles/HAL_STM32F103ZET6.elf.dir/Src/i2c.c.obj
                0x080030bc                HAL_I2C_MspInit
 .text.Error_Handler
                0x08003168        0x4 CMakeFiles/HAL_STM32F103ZET6.elf.dir/Src/main.c.obj
                0x08003168                Error_Handler
 .text.SystemClock_Config
                0x0800316c       0x86 CMakeFiles/HAL_STM32F103ZET6.elf.dir/Src/main.c.obj
                0x0800316c                SystemClock_Config
 *fill*         0x080031f2        0x2 
 .text.main     0x080031f4      0x26c CMakeFiles/HAL_STM32F103ZET6.elf.dir/Src/main.c.obj
                0x080031f4                main
 .text.WriteCmd
                0x08003460       0x38 CMakeFiles/HAL_STM32F103ZET6.elf.dir/Src/oled.c.obj
                0x08003460                WriteCmd
 .text.OLED_WR_CMD
                0x08003498       0x2c CMakeFiles/HAL_STM32F103ZET6.elf.dir/Src/oled.c.obj
                0x08003498                OLED_WR_CMD
 .text.OLED_WR_DATA
                0x080034c4       0x2c CMakeFiles/HAL_STM32F103ZET6.elf.dir/Src/oled.c.obj
                0x080034c4                OLED_WR_DATA
 .text.OLED_Init
                0x080034f0        0xe CMakeFiles/HAL_STM32F103ZET6.elf.dir/Src/oled.c.obj
                0x080034f0                OLED_Init
 .text.OLED_Clear
                0x080034fe       0x3a CMakeFiles/HAL_STM32F103ZET6.elf.dir/Src/oled.c.obj
                0x080034fe                OLED_Clear
 .text.OLED_Set_Pos
                0x08003538       0x22 CMakeFiles/HAL_STM32F103ZET6.elf.dir/Src/oled.c.obj
                0x08003538                OLED_Set_Pos
 .text.oled_pow
                0x0800355a       0x14 CMakeFiles/HAL_STM32F103ZET6.elf.dir/Src/oled.c.obj
                0x0800355a                oled_pow
 *fill*         0x0800356e        0x2 
 .text.OLED_ShowChar
                0x08003570       0x90 CMakeFiles/HAL_STM32F103ZET6.elf.dir/Src/oled.c.obj
                0x08003570                OLED_ShowChar
 .text.OLED_ShowNum
                0x08003600       0x94 CMakeFiles/HAL_STM32F103ZET6.elf.dir/Src/oled.c.obj
                0x08003600                OLED_ShowNum
 .text.OLED_ShowString
                0x08003694       0x36 CMakeFiles/HAL_STM32F103ZET6.elf.dir/Src/oled.c.obj
                0x08003694                OLED_ShowString
 .text.OLED_ShowChinese
                0x080036ca       0x4c CMakeFiles/HAL_STM32F103ZET6.elf.dir/Src/oled.c.obj
                0x080036ca                OLED_ShowChinese
 *fill*         0x08003716        0x2 
 .text.MX_RTC_Init
                0x08003718       0x2c CMakeFiles/HAL_STM32F103ZET6.elf.dir/Src/rtc.c.obj
                0x08003718                MX_RTC_Init
 .text.HAL_RTC_MspInit
                0x08003744       0x40 CMakeFiles/HAL_STM32F103ZET6.elf.dir/Src/rtc.c.obj
                0x08003744                HAL_RTC_MspInit
 .text.SGP30_GPIO_Init
                0x08003784       0x58 CMakeFiles/HAL_STM32F103ZET6.elf.dir/Src/sgp30.c.obj
                0x08003784                SGP30_GPIO_Init
 .text.SDA_OUT  0x080037dc       0x24 CMakeFiles/HAL_STM32F103ZET6.elf.dir/Src/sgp30.c.obj
                0x080037dc                SDA_OUT
 .text.SDA_IN   0x08003800       0x24 CMakeFiles/HAL_STM32F103ZET6.elf.dir/Src/sgp30.c.obj
                0x08003800                SDA_IN
 .text.SGP30_IIC_Start
                0x08003824       0x44 CMakeFiles/HAL_STM32F103ZET6.elf.dir/Src/sgp30.c.obj
                0x08003824                SGP30_IIC_Start
 .text.SGP30_IIC_Stop
                0x08003868       0x44 CMakeFiles/HAL_STM32F103ZET6.elf.dir/Src/sgp30.c.obj
                0x08003868                SGP30_IIC_Stop
 .text.SGP30_IIC_Wait_Ack
                0x080038ac       0x60 CMakeFiles/HAL_STM32F103ZET6.elf.dir/Src/sgp30.c.obj
                0x080038ac                SGP30_IIC_Wait_Ack
 .text.SGP30_IIC_Ack
                0x0800390c       0x44 CMakeFiles/HAL_STM32F103ZET6.elf.dir/Src/sgp30.c.obj
                0x0800390c                SGP30_IIC_Ack
 .text.SGP30_IIC_NAck
                0x08003950       0x44 CMakeFiles/HAL_STM32F103ZET6.elf.dir/Src/sgp30.c.obj
                0x08003950                SGP30_IIC_NAck
 .text.SGP30_IIC_Send_Byte
                0x08003994       0x74 CMakeFiles/HAL_STM32F103ZET6.elf.dir/Src/sgp30.c.obj
                0x08003994                SGP30_IIC_Send_Byte
 .text.SGP30_IIC_Read_Byte
                0x08003a08       0x64 CMakeFiles/HAL_STM32F103ZET6.elf.dir/Src/sgp30.c.obj
                0x08003a08                SGP30_IIC_Read_Byte
 .text.SGP30_Write
                0x08003a6c       0x34 CMakeFiles/HAL_STM32F103ZET6.elf.dir/Src/sgp30.c.obj
                0x08003a6c                SGP30_Write
 .text.SGP30_Init
                0x08003aa0       0x10 CMakeFiles/HAL_STM32F103ZET6.elf.dir/Src/sgp30.c.obj
                0x08003aa0                SGP30_Init
 .text.SGP30_Read
                0x08003ab0       0x42 CMakeFiles/HAL_STM32F103ZET6.elf.dir/Src/sgp30.c.obj
                0x08003ab0                SGP30_Read
 *fill*         0x08003af2        0x2 
 .text.HAL_MspInit
                0x08003af4       0x44 CMakeFiles/HAL_STM32F103ZET6.elf.dir/Src/stm32f1xx_hal_msp.c.obj
                0x08003af4                HAL_MspInit
 .text.NMI_Handler
                0x08003b38        0x2 CMakeFiles/HAL_STM32F103ZET6.elf.dir/Src/stm32f1xx_it.c.obj
                0x08003b38                NMI_Handler
 .text.HardFault_Handler
                0x08003b3a        0x2 CMakeFiles/HAL_STM32F103ZET6.elf.dir/Src/stm32f1xx_it.c.obj
                0x08003b3a                HardFault_Handler
 .text.MemManage_Handler
                0x08003b3c        0x2 CMakeFiles/HAL_STM32F103ZET6.elf.dir/Src/stm32f1xx_it.c.obj
                0x08003b3c                MemManage_Handler
 .text.BusFault_Handler
                0x08003b3e        0x2 CMakeFiles/HAL_STM32F103ZET6.elf.dir/Src/stm32f1xx_it.c.obj
                0x08003b3e                BusFault_Handler
 .text.UsageFault_Handler
                0x08003b40        0x2 CMakeFiles/HAL_STM32F103ZET6.elf.dir/Src/stm32f1xx_it.c.obj
                0x08003b40                UsageFault_Handler
 .text.SVC_Handler
                0x08003b42        0x2 CMakeFiles/HAL_STM32F103ZET6.elf.dir/Src/stm32f1xx_it.c.obj
                0x08003b42                SVC_Handler
 .text.DebugMon_Handler
                0x08003b44        0x2 CMakeFiles/HAL_STM32F103ZET6.elf.dir/Src/stm32f1xx_it.c.obj
                0x08003b44                DebugMon_Handler
 .text.PendSV_Handler
                0x08003b46        0x2 CMakeFiles/HAL_STM32F103ZET6.elf.dir/Src/stm32f1xx_it.c.obj
                0x08003b46                PendSV_Handler
 .text.SysTick_Handler
                0x08003b48        0x8 CMakeFiles/HAL_STM32F103ZET6.elf.dir/Src/stm32f1xx_it.c.obj
                0x08003b48                SysTick_Handler
 .text._read    0x08003b50       0x20 CMakeFiles/HAL_STM32F103ZET6.elf.dir/Src/syscalls.c.obj
                0x08003b50                _read
 .text._write   0x08003b70       0x1c CMakeFiles/HAL_STM32F103ZET6.elf.dir/Src/syscalls.c.obj
                0x08003b70                _write
 .text._sbrk    0x08003b8c       0x3c CMakeFiles/HAL_STM32F103ZET6.elf.dir/Src/syscalls.c.obj
                0x08003b8c                _sbrk
 .text._close   0x08003bc8        0x6 CMakeFiles/HAL_STM32F103ZET6.elf.dir/Src/syscalls.c.obj
                0x08003bc8                _close
 .text._fstat   0x08003bce        0xa CMakeFiles/HAL_STM32F103ZET6.elf.dir/Src/syscalls.c.obj
                0x08003bce                _fstat
 .text._isatty  0x08003bd8        0x4 CMakeFiles/HAL_STM32F103ZET6.elf.dir/Src/syscalls.c.obj
                0x08003bd8                _isatty
 .text._lseek   0x08003bdc        0x4 CMakeFiles/HAL_STM32F103ZET6.elf.dir/Src/syscalls.c.obj
                0x08003bdc                _lseek
 .text.SystemInit
                0x08003be0        0x2 CMakeFiles/HAL_STM32F103ZET6.elf.dir/Src/system_stm32f1xx.c.obj
                0x08003be0                SystemInit
 *fill*         0x08003be2        0x2 
 .text.MX_TIM1_Init
                0x08003be4       0x70 CMakeFiles/HAL_STM32F103ZET6.elf.dir/Src/tim.c.obj
                0x08003be4                MX_TIM1_Init
 .text.MX_TIM2_Init
                0x08003c54       0x6c CMakeFiles/HAL_STM32F103ZET6.elf.dir/Src/tim.c.obj
                0x08003c54                MX_TIM2_Init
 .text.HAL_TIM_Base_MspInit
                0x08003cc0       0x4c CMakeFiles/HAL_STM32F103ZET6.elf.dir/Src/tim.c.obj
                0x08003cc0                HAL_TIM_Base_MspInit
 .text.delay_us
                0x08003d0c       0x34 CMakeFiles/HAL_STM32F103ZET6.elf.dir/Src/tim.c.obj
                0x08003d0c                delay_us
 .text.delay_mms
                0x08003d40       0x1c CMakeFiles/HAL_STM32F103ZET6.elf.dir/Src/tim.c.obj
                0x08003d40                delay_mms
 .text.BH1750_Delay_us
                0x08003d5c       0x9e CMakeFiles/HAL_STM32F103ZET6.elf.dir/Src/tim.c.obj
                0x08003d5c                BH1750_Delay_us
 *fill*         0x08003dfa        0x2 
 .text.MX_USART1_UART_Init
                0x08003dfc       0x34 CMakeFiles/HAL_STM32F103ZET6.elf.dir/Src/usart.c.obj
                0x08003dfc                MX_USART1_UART_Init
 .text.MX_USART2_UART_Init
                0x08003e30       0x34 CMakeFiles/HAL_STM32F103ZET6.elf.dir/Src/usart.c.obj
                0x08003e30                MX_USART2_UART_Init
 .text.HAL_UART_MspInit
                0x08003e64       0xd4 CMakeFiles/HAL_STM32F103ZET6.elf.dir/Src/usart.c.obj
                0x08003e64                HAL_UART_MspInit
 .text.__io_putchar
                0x08003f38       0x20 CMakeFiles/HAL_STM32F103ZET6.elf.dir/Src/usart.c.obj
                0x08003f38                __io_putchar
 .text.Reset_Handler
                0x08003f58       0x48 CMakeFiles/HAL_STM32F103ZET6.elf.dir/startup/startup_stm32f103xe.s.obj
                0x08003f58                Reset_Handler
 .text.Default_Handler
                0x08003fa0        0x2 CMakeFiles/HAL_STM32F103ZET6.elf.dir/startup/startup_stm32f103xe.s.obj
                0x08003fa0                RTC_Alarm_IRQHandler
                0x08003fa0                EXTI2_IRQHandler
                0x08003fa0                TIM8_TRG_COM_IRQHandler
                0x08003fa0                TIM8_CC_IRQHandler
                0x08003fa0                TIM1_CC_IRQHandler
                0x08003fa0                TIM6_IRQHandler
                0x08003fa0                PVD_IRQHandler
                0x08003fa0                SDIO_IRQHandler
                0x08003fa0                EXTI3_IRQHandler
                0x08003fa0                EXTI0_IRQHandler
                0x08003fa0                I2C2_EV_IRQHandler
                0x08003fa0                ADC1_2_IRQHandler
                0x08003fa0                SPI1_IRQHandler
                0x08003fa0                TAMPER_IRQHandler
                0x08003fa0                TIM8_UP_IRQHandler
                0x08003fa0                DMA2_Channel2_IRQHandler
                0x08003fa0                DMA1_Channel4_IRQHandler
                0x08003fa0                USART3_IRQHandler
                0x08003fa0                RTC_IRQHandler
                0x08003fa0                DMA1_Channel7_IRQHandler
                0x08003fa0                CAN1_RX1_IRQHandler
                0x08003fa0                UART5_IRQHandler
                0x08003fa0                ADC3_IRQHandler
                0x08003fa0                TIM4_IRQHandler
                0x08003fa0                DMA2_Channel1_IRQHandler
                0x08003fa0                I2C1_EV_IRQHandler
                0x08003fa0                DMA1_Channel6_IRQHandler
                0x08003fa0                UART4_IRQHandler
                0x08003fa0                TIM3_IRQHandler
                0x08003fa0                RCC_IRQHandler
                0x08003fa0                TIM1_TRG_COM_IRQHandler
                0x08003fa0                DMA1_Channel1_IRQHandler
                0x08003fa0                Default_Handler
                0x08003fa0                EXTI15_10_IRQHandler
                0x08003fa0                TIM7_IRQHandler
                0x08003fa0                TIM5_IRQHandler
                0x08003fa0                EXTI9_5_IRQHandler
                0x08003fa0                SPI2_IRQHandler
                0x08003fa0                DMA1_Channel5_IRQHandler
                0x08003fa0                EXTI4_IRQHandler
                0x08003fa0                USB_LP_CAN1_RX0_IRQHandler
                0x08003fa0                USB_HP_CAN1_TX_IRQHandler
                0x08003fa0                DMA1_Channel3_IRQHandler
                0x08003fa0                FSMC_IRQHandler
                0x08003fa0                TIM1_UP_IRQHandler
                0x08003fa0                WWDG_IRQHandler
                0x08003fa0                TIM2_IRQHandler
                0x08003fa0                TIM1_BRK_IRQHandler
                0x08003fa0                EXTI1_IRQHandler
                0x08003fa0                DMA2_Channel4_5_IRQHandler
                0x08003fa0                USART2_IRQHandler
                0x08003fa0                I2C2_ER_IRQHandler
                0x08003fa0                DMA1_Channel2_IRQHandler
                0x08003fa0                TIM8_BRK_IRQHandler
                0x08003fa0                CAN1_SCE_IRQHandler
                0x08003fa0                FLASH_IRQHandler
                0x08003fa0                USART1_IRQHandler
                0x08003fa0                SPI3_IRQHandler
                0x08003fa0                I2C1_ER_IRQHandler
                0x08003fa0                USBWakeUp_IRQHandler
                0x08003fa0                DMA2_Channel3_IRQHandler
 *fill*         0x08003fa2        0x2 
 .text.__errno  0x08003fa4        0xc d:/stm32/gcc-arm-none-eabi-9-2019-q4-major-win32/bin/../lib/gcc/arm-none-eabi/9.2.1/../../../../arm-none-eabi/lib/thumb/v7-m/nofp\libg.a(lib_a-errno.o)
                0x08003fa4                __errno
 .text.__libc_init_array
                0x08003fb0       0x48 d:/stm32/gcc-arm-none-eabi-9-2019-q4-major-win32/bin/../lib/gcc/arm-none-eabi/9.2.1/../../../../arm-none-eabi/lib/thumb/v7-m/nofp\libg.a(lib_a-init.o)
                0x08003fb0                __libc_init_array
 .text.memset   0x08003ff8       0xa0 d:/stm32/gcc-arm-none-eabi-9-2019-q4-major-win32/bin/../lib/gcc/arm-none-eabi/9.2.1/../../../../arm-none-eabi/lib/thumb/v7-m/nofp\libg.a(lib_a-memset.o)
                0x08003ff8                memset
 .text.printf   0x08004098       0x28 d:/stm32/gcc-arm-none-eabi-9-2019-q4-major-win32/bin/../lib/gcc/arm-none-eabi/9.2.1/../../../../arm-none-eabi/lib/thumb/v7-m/nofp\libg.a(lib_a-printf.o)
                0x08004098                printf
 .text._puts_r  0x080040c0       0x9c d:/stm32/gcc-arm-none-eabi-9-2019-q4-major-win32/bin/../lib/gcc/arm-none-eabi/9.2.1/../../../../arm-none-eabi/lib/thumb/v7-m/nofp\libg.a(lib_a-puts.o)
                0x080040c0                _puts_r
 .text.puts     0x0800415c       0x10 d:/stm32/gcc-arm-none-eabi-9-2019-q4-major-win32/bin/../lib/gcc/arm-none-eabi/9.2.1/../../../../arm-none-eabi/lib/thumb/v7-m/nofp\libg.a(lib_a-puts.o)
                0x0800415c                puts
 .text.strlen   0x0800416c       0x5c d:/stm32/gcc-arm-none-eabi-9-2019-q4-major-win32/bin/../lib/gcc/arm-none-eabi/9.2.1/../../../../arm-none-eabi/lib/thumb/v7-m/nofp\libg.a(lib_a-strlen-stub.o)
                0x0800416c                strlen
 .text._vfprintf_r
                0x080041c8     0x1c18 d:/stm32/gcc-arm-none-eabi-9-2019-q4-major-win32/bin/../lib/gcc/arm-none-eabi/9.2.1/../../../../arm-none-eabi/lib/thumb/v7-m/nofp\libg.a(lib_a-vfprintf.o)
                0x080041c8                _vfprintf_r
 .text.__sbprintf
                0x08005de0       0x88 d:/stm32/gcc-arm-none-eabi-9-2019-q4-major-win32/bin/../lib/gcc/arm-none-eabi/9.2.1/../../../../arm-none-eabi/lib/thumb/v7-m/nofp\libg.a(lib_a-vfprintf.o)
 .text.__swsetup_r
                0x08005e68       0xd0 d:/stm32/gcc-arm-none-eabi-9-2019-q4-major-win32/bin/../lib/gcc/arm-none-eabi/9.2.1/../../../../arm-none-eabi/lib/thumb/v7-m/nofp\libg.a(lib_a-wsetup.o)
                0x08005e68                __swsetup_r
 .text.startup.register_fini
                0x08005f38       0x14 d:/stm32/gcc-arm-none-eabi-9-2019-q4-major-win32/bin/../lib/gcc/arm-none-eabi/9.2.1/../../../../arm-none-eabi/lib/thumb/v7-m/nofp\libg.a(lib_a-__call_atexit.o)
 .text.atexit   0x08005f4c        0xc d:/stm32/gcc-arm-none-eabi-9-2019-q4-major-win32/bin/../lib/gcc/arm-none-eabi/9.2.1/../../../../arm-none-eabi/lib/thumb/v7-m/nofp\libg.a(lib_a-atexit.o)
                0x08005f4c                atexit
 .text.quorem   0x08005f58      0x120 d:/stm32/gcc-arm-none-eabi-9-2019-q4-major-win32/bin/../lib/gcc/arm-none-eabi/9.2.1/../../../../arm-none-eabi/lib/thumb/v7-m/nofp\libg.a(lib_a-dtoa.o)
 .text._dtoa_r  0x08006078      0xe8c d:/stm32/gcc-arm-none-eabi-9-2019-q4-major-win32/bin/../lib/gcc/arm-none-eabi/9.2.1/../../../../arm-none-eabi/lib/thumb/v7-m/nofp\libg.a(lib_a-dtoa.o)
                0x08006078                _dtoa_r
 .text.__sflush_r
                0x08006f04      0x130 d:/stm32/gcc-arm-none-eabi-9-2019-q4-major-win32/bin/../lib/gcc/arm-none-eabi/9.2.1/../../../../arm-none-eabi/lib/thumb/v7-m/nofp\libg.a(lib_a-fflush.o)
                0x08006f04                __sflush_r
 .text._fflush_r
                0x08007034       0x5c d:/stm32/gcc-arm-none-eabi-9-2019-q4-major-win32/bin/../lib/gcc/arm-none-eabi/9.2.1/../../../../arm-none-eabi/lib/thumb/v7-m/nofp\libg.a(lib_a-fflush.o)
                0x08007034                _fflush_r
 .text.std      0x08007090       0x50 d:/stm32/gcc-arm-none-eabi-9-2019-q4-major-win32/bin/../lib/gcc/arm-none-eabi/9.2.1/../../../../arm-none-eabi/lib/thumb/v7-m/nofp\libg.a(lib_a-findfp.o)
 .text._cleanup_r
                0x080070e0        0xc d:/stm32/gcc-arm-none-eabi-9-2019-q4-major-win32/bin/../lib/gcc/arm-none-eabi/9.2.1/../../../../arm-none-eabi/lib/thumb/v7-m/nofp\libg.a(lib_a-findfp.o)
                0x080070e0                _cleanup_r
 .text.__sinit  0x080070ec       0x5c d:/stm32/gcc-arm-none-eabi-9-2019-q4-major-win32/bin/../lib/gcc/arm-none-eabi/9.2.1/../../../../arm-none-eabi/lib/thumb/v7-m/nofp\libg.a(lib_a-findfp.o)
                0x080070ec                __sinit
 .text.__sfp_lock_acquire
                0x08007148        0xc d:/stm32/gcc-arm-none-eabi-9-2019-q4-major-win32/bin/../lib/gcc/arm-none-eabi/9.2.1/../../../../arm-none-eabi/lib/thumb/v7-m/nofp\libg.a(lib_a-findfp.o)
                0x08007148                __sfp_lock_acquire
 .text.__sfp_lock_release
                0x08007154        0xc d:/stm32/gcc-arm-none-eabi-9-2019-q4-major-win32/bin/../lib/gcc/arm-none-eabi/9.2.1/../../../../arm-none-eabi/lib/thumb/v7-m/nofp\libg.a(lib_a-findfp.o)
                0x08007154                __sfp_lock_release
 .text.__libc_fini_array
                0x08007160       0x2c d:/stm32/gcc-arm-none-eabi-9-2019-q4-major-win32/bin/../lib/gcc/arm-none-eabi/9.2.1/../../../../arm-none-eabi/lib/thumb/v7-m/nofp\libg.a(lib_a-fini.o)
                0x08007160                __libc_fini_array
 .text._malloc_trim_r
                0x0800718c       0xa0 d:/stm32/gcc-arm-none-eabi-9-2019-q4-major-win32/bin/../lib/gcc/arm-none-eabi/9.2.1/../../../../arm-none-eabi/lib/thumb/v7-m/nofp\libg.a(lib_a-freer.o)
                0x0800718c                _malloc_trim_r
 .text._free_r  0x0800722c      0x20c d:/stm32/gcc-arm-none-eabi-9-2019-q4-major-win32/bin/../lib/gcc/arm-none-eabi/9.2.1/../../../../arm-none-eabi/lib/thumb/v7-m/nofp\libg.a(lib_a-freer.o)
                0x0800722c                _free_r
 .text.__sfvwrite_r
                0x08007438      0x2ec d:/stm32/gcc-arm-none-eabi-9-2019-q4-major-win32/bin/../lib/gcc/arm-none-eabi/9.2.1/../../../../arm-none-eabi/lib/thumb/v7-m/nofp\libg.a(lib_a-fvwrite.o)
                0x08007438                __sfvwrite_r
 .text._fwalk_reent
                0x08007724       0x48 d:/stm32/gcc-arm-none-eabi-9-2019-q4-major-win32/bin/../lib/gcc/arm-none-eabi/9.2.1/../../../../arm-none-eabi/lib/thumb/v7-m/nofp\libg.a(lib_a-fwalk.o)
                0x08007724                _fwalk_reent
 .text._localeconv_r
                0x0800776c        0x8 d:/stm32/gcc-arm-none-eabi-9-2019-q4-major-win32/bin/../lib/gcc/arm-none-eabi/9.2.1/../../../../arm-none-eabi/lib/thumb/v7-m/nofp\libg.a(lib_a-localeconv.o)
                0x0800776c                _localeconv_r
 .text.__retarget_lock_init_recursive
                0x08007774        0x4 d:/stm32/gcc-arm-none-eabi-9-2019-q4-major-win32/bin/../lib/gcc/arm-none-eabi/9.2.1/../../../../arm-none-eabi/lib/thumb/v7-m/nofp\libg.a(lib_a-lock.o)
                0x08007774                __retarget_lock_init_recursive
 .text.__retarget_lock_close_recursive
                0x08007778        0x4 d:/stm32/gcc-arm-none-eabi-9-2019-q4-major-win32/bin/../lib/gcc/arm-none-eabi/9.2.1/../../../../arm-none-eabi/lib/thumb/v7-m/nofp\libg.a(lib_a-lock.o)
                0x08007778                __retarget_lock_close_recursive
 .text.__retarget_lock_acquire_recursive
                0x0800777c        0x4 d:/stm32/gcc-arm-none-eabi-9-2019-q4-major-win32/bin/../lib/gcc/arm-none-eabi/9.2.1/../../../../arm-none-eabi/lib/thumb/v7-m/nofp\libg.a(lib_a-lock.o)
                0x0800777c                __retarget_lock_acquire_recursive
 .text.__retarget_lock_release_recursive
                0x08007780        0x4 d:/stm32/gcc-arm-none-eabi-9-2019-q4-major-win32/bin/../lib/gcc/arm-none-eabi/9.2.1/../../../../arm-none-eabi/lib/thumb/v7-m/nofp\libg.a(lib_a-lock.o)
                0x08007780                __retarget_lock_release_recursive
 .text.__swhatbuf_r
                0x08007784       0x5c d:/stm32/gcc-arm-none-eabi-9-2019-q4-major-win32/bin/../lib/gcc/arm-none-eabi/9.2.1/../../../../arm-none-eabi/lib/thumb/v7-m/nofp\libg.a(lib_a-makebuf.o)
                0x08007784                __swhatbuf_r
 .text.__smakebuf_r
                0x080077e0       0x94 d:/stm32/gcc-arm-none-eabi-9-2019-q4-major-win32/bin/../lib/gcc/arm-none-eabi/9.2.1/../../../../arm-none-eabi/lib/thumb/v7-m/nofp\libg.a(lib_a-makebuf.o)
                0x080077e0                __smakebuf_r
 .text._malloc_r
                0x08007874      0x55c d:/stm32/gcc-arm-none-eabi-9-2019-q4-major-win32/bin/../lib/gcc/arm-none-eabi/9.2.1/../../../../arm-none-eabi/lib/thumb/v7-m/nofp\libg.a(lib_a-mallocr.o)
                0x08007874                _malloc_r
 .text.memchr   0x08007dd0       0x80 d:/stm32/gcc-arm-none-eabi-9-2019-q4-major-win32/bin/../lib/gcc/arm-none-eabi/9.2.1/../../../../arm-none-eabi/lib/thumb/v7-m/nofp\libg.a(lib_a-memchr-stub.o)
                0x08007dd0                memchr
 .text.memmove  0x08007e50       0xd4 d:/stm32/gcc-arm-none-eabi-9-2019-q4-major-win32/bin/../lib/gcc/arm-none-eabi/9.2.1/../../../../arm-none-eabi/lib/thumb/v7-m/nofp\libg.a(lib_a-memmove.o)
                0x08007e50                memmove
 .text.__malloc_lock
                0x08007f24        0xc d:/stm32/gcc-arm-none-eabi-9-2019-q4-major-win32/bin/../lib/gcc/arm-none-eabi/9.2.1/../../../../arm-none-eabi/lib/thumb/v7-m/nofp\libg.a(lib_a-mlock.o)
                0x08007f24                __malloc_lock
 .text.__malloc_unlock
                0x08007f30        0xc d:/stm32/gcc-arm-none-eabi-9-2019-q4-major-win32/bin/../lib/gcc/arm-none-eabi/9.2.1/../../../../arm-none-eabi/lib/thumb/v7-m/nofp\libg.a(lib_a-mlock.o)
                0x08007f30                __malloc_unlock
 .text._Balloc  0x08007f3c       0x4c d:/stm32/gcc-arm-none-eabi-9-2019-q4-major-win32/bin/../lib/gcc/arm-none-eabi/9.2.1/../../../../arm-none-eabi/lib/thumb/v7-m/nofp\libg.a(lib_a-mprec.o)
                0x08007f3c                _Balloc
 .text._Bfree   0x08007f88       0x14 d:/stm32/gcc-arm-none-eabi-9-2019-q4-major-win32/bin/../lib/gcc/arm-none-eabi/9.2.1/../../../../arm-none-eabi/lib/thumb/v7-m/nofp\libg.a(lib_a-mprec.o)
                0x08007f88                _Bfree
 .text.__multadd
                0x08007f9c       0x7c d:/stm32/gcc-arm-none-eabi-9-2019-q4-major-win32/bin/../lib/gcc/arm-none-eabi/9.2.1/../../../../arm-none-eabi/lib/thumb/v7-m/nofp\libg.a(lib_a-mprec.o)
                0x08007f9c                __multadd
 .text.__hi0bits
                0x08008018       0x40 d:/stm32/gcc-arm-none-eabi-9-2019-q4-major-win32/bin/../lib/gcc/arm-none-eabi/9.2.1/../../../../arm-none-eabi/lib/thumb/v7-m/nofp\libg.a(lib_a-mprec.o)
                0x08008018                __hi0bits
 .text.__lo0bits
                0x08008058       0x60 d:/stm32/gcc-arm-none-eabi-9-2019-q4-major-win32/bin/../lib/gcc/arm-none-eabi/9.2.1/../../../../arm-none-eabi/lib/thumb/v7-m/nofp\libg.a(lib_a-mprec.o)
                0x08008058                __lo0bits
 .text.__i2b    0x080080b8       0x14 d:/stm32/gcc-arm-none-eabi-9-2019-q4-major-win32/bin/../lib/gcc/arm-none-eabi/9.2.1/../../../../arm-none-eabi/lib/thumb/v7-m/nofp\libg.a(lib_a-mprec.o)
                0x080080b8                __i2b
 .text.__multiply
                0x080080cc      0x144 d:/stm32/gcc-arm-none-eabi-9-2019-q4-major-win32/bin/../lib/gcc/arm-none-eabi/9.2.1/../../../../arm-none-eabi/lib/thumb/v7-m/nofp\libg.a(lib_a-mprec.o)
                0x080080cc                __multiply
 .text.__pow5mult
                0x08008210       0xa0 d:/stm32/gcc-arm-none-eabi-9-2019-q4-major-win32/bin/../lib/gcc/arm-none-eabi/9.2.1/../../../../arm-none-eabi/lib/thumb/v7-m/nofp\libg.a(lib_a-mprec.o)
                0x08008210                __pow5mult
 .text.__lshift
                0x080082b0       0xd0 d:/stm32/gcc-arm-none-eabi-9-2019-q4-major-win32/bin/../lib/gcc/arm-none-eabi/9.2.1/../../../../arm-none-eabi/lib/thumb/v7-m/nofp\libg.a(lib_a-mprec.o)
                0x080082b0                __lshift
 .text.__mcmp   0x08008380       0x3c d:/stm32/gcc-arm-none-eabi-9-2019-q4-major-win32/bin/../lib/gcc/arm-none-eabi/9.2.1/../../../../arm-none-eabi/lib/thumb/v7-m/nofp\libg.a(lib_a-mprec.o)
                0x08008380                __mcmp
 .text.__mdiff  0x080083bc      0x138 d:/stm32/gcc-arm-none-eabi-9-2019-q4-major-win32/bin/../lib/gcc/arm-none-eabi/9.2.1/../../../../arm-none-eabi/lib/thumb/v7-m/nofp\libg.a(lib_a-mprec.o)
                0x080083bc                __mdiff
 .text.__d2b    0x080084f4       0xa8 d:/stm32/gcc-arm-none-eabi-9-2019-q4-major-win32/bin/../lib/gcc/arm-none-eabi/9.2.1/../../../../arm-none-eabi/lib/thumb/v7-m/nofp\libg.a(lib_a-mprec.o)
                0x080084f4                __d2b
 .text._realloc_r
                0x0800859c      0x3e0 d:/stm32/gcc-arm-none-eabi-9-2019-q4-major-win32/bin/../lib/gcc/arm-none-eabi/9.2.1/../../../../arm-none-eabi/lib/thumb/v7-m/nofp\libg.a(lib_a-reallocr.o)
                0x0800859c                _realloc_r
 .text.frexp    0x0800897c       0x70 d:/stm32/gcc-arm-none-eabi-9-2019-q4-major-win32/bin/../lib/gcc/arm-none-eabi/9.2.1/../../../../arm-none-eabi/lib/thumb/v7-m/nofp\libg.a(lib_a-s_frexp.o)
                0x0800897c                frexp
 .text._sbrk_r  0x080089ec       0x24 d:/stm32/gcc-arm-none-eabi-9-2019-q4-major-win32/bin/../lib/gcc/arm-none-eabi/9.2.1/../../../../arm-none-eabi/lib/thumb/v7-m/nofp\libg.a(lib_a-sbrkr.o)
                0x080089ec                _sbrk_r
 .text.__sread  0x08008a10       0x24 d:/stm32/gcc-arm-none-eabi-9-2019-q4-major-win32/bin/../lib/gcc/arm-none-eabi/9.2.1/../../../../arm-none-eabi/lib/thumb/v7-m/nofp\libg.a(lib_a-stdio.o)
                0x08008a10                __sread
 .text.__swrite
                0x08008a34       0x40 d:/stm32/gcc-arm-none-eabi-9-2019-q4-major-win32/bin/../lib/gcc/arm-none-eabi/9.2.1/../../../../arm-none-eabi/lib/thumb/v7-m/nofp\libg.a(lib_a-stdio.o)
                0x08008a34                __swrite
 .text.__sseek  0x08008a74       0x20 d:/stm32/gcc-arm-none-eabi-9-2019-q4-major-win32/bin/../lib/gcc/arm-none-eabi/9.2.1/../../../../arm-none-eabi/lib/thumb/v7-m/nofp\libg.a(lib_a-stdio.o)
                0x08008a74                __sseek
 .text.__sclose
                0x08008a94        0x8 d:/stm32/gcc-arm-none-eabi-9-2019-q4-major-win32/bin/../lib/gcc/arm-none-eabi/9.2.1/../../../../arm-none-eabi/lib/thumb/v7-m/nofp\libg.a(lib_a-stdio.o)
                0x08008a94                __sclose
 .text.strncpy  0x08008a9c       0x68 d:/stm32/gcc-arm-none-eabi-9-2019-q4-major-win32/bin/../lib/gcc/arm-none-eabi/9.2.1/../../../../arm-none-eabi/lib/thumb/v7-m/nofp\libg.a(lib_a-strncpy.o)
                0x08008a9c                strncpy
 .text.__sprint_r.part.0
                0x08008b04       0x78 d:/stm32/gcc-arm-none-eabi-9-2019-q4-major-win32/bin/../lib/gcc/arm-none-eabi/9.2.1/../../../../arm-none-eabi/lib/thumb/v7-m/nofp\libg.a(lib_a-vfiprintf.o)
 .text.__sprint_r
                0x08008b7c       0x14 d:/stm32/gcc-arm-none-eabi-9-2019-q4-major-win32/bin/../lib/gcc/arm-none-eabi/9.2.1/../../../../arm-none-eabi/lib/thumb/v7-m/nofp\libg.a(lib_a-vfiprintf.o)
                0x08008b7c                __sprint_r
 .text._write_r
                0x08008b90       0x2c d:/stm32/gcc-arm-none-eabi-9-2019-q4-major-win32/bin/../lib/gcc/arm-none-eabi/9.2.1/../../../../arm-none-eabi/lib/thumb/v7-m/nofp\libg.a(lib_a-writer.o)
                0x08008b90                _write_r
 .text.__register_exitproc
                0x08008bbc       0x8c d:/stm32/gcc-arm-none-eabi-9-2019-q4-major-win32/bin/../lib/gcc/arm-none-eabi/9.2.1/../../../../arm-none-eabi/lib/thumb/v7-m/nofp\libg.a(lib_a-__atexit.o)
                0x08008bbc                __register_exitproc
 .text._calloc_r
                0x08008c48       0x60 d:/stm32/gcc-arm-none-eabi-9-2019-q4-major-win32/bin/../lib/gcc/arm-none-eabi/9.2.1/../../../../arm-none-eabi/lib/thumb/v7-m/nofp\libg.a(lib_a-callocr.o)
                0x08008c48                _calloc_r
 .text._close_r
                0x08008ca8       0x24 d:/stm32/gcc-arm-none-eabi-9-2019-q4-major-win32/bin/../lib/gcc/arm-none-eabi/9.2.1/../../../../arm-none-eabi/lib/thumb/v7-m/nofp\libg.a(lib_a-closer.o)
                0x08008ca8                _close_r
 .text._fclose_r
                0x08008ccc       0xcc d:/stm32/gcc-arm-none-eabi-9-2019-q4-major-win32/bin/../lib/gcc/arm-none-eabi/9.2.1/../../../../arm-none-eabi/lib/thumb/v7-m/nofp\libg.a(lib_a-fclose.o)
                0x08008ccc                _fclose_r
 .text.__fputwc
                0x08008d98       0xa0 d:/stm32/gcc-arm-none-eabi-9-2019-q4-major-win32/bin/../lib/gcc/arm-none-eabi/9.2.1/../../../../arm-none-eabi/lib/thumb/v7-m/nofp\libg.a(lib_a-fputwc.o)
                0x08008d98                __fputwc
 .text._fputwc_r
                0x08008e38       0x68 d:/stm32/gcc-arm-none-eabi-9-2019-q4-major-win32/bin/../lib/gcc/arm-none-eabi/9.2.1/../../../../arm-none-eabi/lib/thumb/v7-m/nofp\libg.a(lib_a-fputwc.o)
                0x08008e38                _fputwc_r
 .text._fstat_r
                0x08008ea0       0x2c d:/stm32/gcc-arm-none-eabi-9-2019-q4-major-win32/bin/../lib/gcc/arm-none-eabi/9.2.1/../../../../arm-none-eabi/lib/thumb/v7-m/nofp\libg.a(lib_a-fstatr.o)
                0x08008ea0                _fstat_r
 .text._isatty_r
                0x08008ecc       0x24 d:/stm32/gcc-arm-none-eabi-9-2019-q4-major-win32/bin/../lib/gcc/arm-none-eabi/9.2.1/../../../../arm-none-eabi/lib/thumb/v7-m/nofp\libg.a(lib_a-isattyr.o)
                0x08008ecc                _isatty_r
 .text.__locale_mb_cur_max
                0x08008ef0        0xc d:/stm32/gcc-arm-none-eabi-9-2019-q4-major-win32/bin/../lib/gcc/arm-none-eabi/9.2.1/../../../../arm-none-eabi/lib/thumb/v7-m/nofp\libg.a(lib_a-locale.o)
                0x08008ef0                __locale_mb_cur_max
 .text._lseek_r
                0x08008efc       0x2c d:/stm32/gcc-arm-none-eabi-9-2019-q4-major-win32/bin/../lib/gcc/arm-none-eabi/9.2.1/../../../../arm-none-eabi/lib/thumb/v7-m/nofp\libg.a(lib_a-lseekr.o)
                0x08008efc                _lseek_r
 .text.__ascii_mbtowc
                0x08008f28       0x2c d:/stm32/gcc-arm-none-eabi-9-2019-q4-major-win32/bin/../lib/gcc/arm-none-eabi/9.2.1/../../../../arm-none-eabi/lib/thumb/v7-m/nofp\libg.a(lib_a-mbtowc_r.o)
                0x08008f28                __ascii_mbtowc
 .text._read_r  0x08008f54       0x2c d:/stm32/gcc-arm-none-eabi-9-2019-q4-major-win32/bin/../lib/gcc/arm-none-eabi/9.2.1/../../../../arm-none-eabi/lib/thumb/v7-m/nofp\libg.a(lib_a-readr.o)
                0x08008f54                _read_r
 .text.__swbuf_r
                0x08008f80       0xb0 d:/stm32/gcc-arm-none-eabi-9-2019-q4-major-win32/bin/../lib/gcc/arm-none-eabi/9.2.1/../../../../arm-none-eabi/lib/thumb/v7-m/nofp\libg.a(lib_a-wbuf.o)
                0x08008f80                __swbuf_r
 .text._wcrtomb_r
                0x08009030       0x3c d:/stm32/gcc-arm-none-eabi-9-2019-q4-major-win32/bin/../lib/gcc/arm-none-eabi/9.2.1/../../../../arm-none-eabi/lib/thumb/v7-m/nofp\libg.a(lib_a-wcrtomb.o)
                0x08009030                _wcrtomb_r
 .text.__ascii_wctomb
                0x0800906c       0x1c d:/stm32/gcc-arm-none-eabi-9-2019-q4-major-win32/bin/../lib/gcc/arm-none-eabi/9.2.1/../../../../arm-none-eabi/lib/thumb/v7-m/nofp\libg.a(lib_a-wctomb_r.o)
                0x0800906c                __ascii_wctomb
 *(.glue_7)
 .glue_7        0x08009088        0x0 linker stubs
 *(.glue_7t)
 .glue_7t       0x08009088        0x0 linker stubs
 *(.eh_frame)
 .eh_frame      0x08009088        0x0 d:/stm32/gcc-arm-none-eabi-9-2019-q4-major-win32/bin/../lib/gcc/arm-none-eabi/9.2.1/thumb/v7-m/nofp/crtbegin.o
 *(.init)
 .init          0x08009088        0x4 d:/stm32/gcc-arm-none-eabi-9-2019-q4-major-win32/bin/../lib/gcc/arm-none-eabi/9.2.1/thumb/v7-m/nofp/crti.o
                0x08009088                _init
 .init          0x0800908c        0x8 d:/stm32/gcc-arm-none-eabi-9-2019-q4-major-win32/bin/../lib/gcc/arm-none-eabi/9.2.1/thumb/v7-m/nofp/crtn.o
 *(.fini)
 .fini          0x08009094        0x4 d:/stm32/gcc-arm-none-eabi-9-2019-q4-major-win32/bin/../lib/gcc/arm-none-eabi/9.2.1/thumb/v7-m/nofp/crti.o
                0x08009094                _fini
 .fini          0x08009098        0x8 d:/stm32/gcc-arm-none-eabi-9-2019-q4-major-win32/bin/../lib/gcc/arm-none-eabi/9.2.1/thumb/v7-m/nofp/crtn.o
                0x080090a0                . = ALIGN (0x4)
                0x080090a0                _etext = .

.vfp11_veneer   0x080090a0        0x0
 .vfp11_veneer  0x080090a0        0x0 linker stubs

.v4_bx          0x080090a0        0x0
 .v4_bx         0x080090a0        0x0 linker stubs

.iplt           0x080090a0        0x0
 .iplt          0x080090a0        0x0 d:/stm32/gcc-arm-none-eabi-9-2019-q4-major-win32/bin/../lib/gcc/arm-none-eabi/9.2.1/thumb/v7-m/nofp/crtbegin.o

.rodata         0x080090a0      0xe38
                0x080090a0                . = ALIGN (0x4)
 *(.rodata)
 *(.rodata*)
 .rodata.aPLLMULFactorTable.6687
                0x080090a0       0x10 CMakeFiles/HAL_STM32F103ZET6.elf.dir/Drivers/STM32F1xx_HAL_Driver/Src/stm32f1xx_hal_rcc.c.obj
 .rodata.aPredivFactorTable.6688
                0x080090b0        0x2 CMakeFiles/HAL_STM32F103ZET6.elf.dir/Drivers/STM32F1xx_HAL_Driver/Src/stm32f1xx_hal_rcc.c.obj
 *fill*         0x080090b2        0x2 
 .rodata.aPLLMULFactorTable.6622
                0x080090b4       0x10 CMakeFiles/HAL_STM32F103ZET6.elf.dir/Drivers/STM32F1xx_HAL_Driver/Src/stm32f1xx_hal_rcc_ex.c.obj
 .rodata.aPredivFactorTable.6623
                0x080090c4        0x2 CMakeFiles/HAL_STM32F103ZET6.elf.dir/Drivers/STM32F1xx_HAL_Driver/Src/stm32f1xx_hal_rcc_ex.c.obj
 *fill*         0x080090c6        0x2 
 .rodata.main.str1.4
                0x080090c8       0x53 CMakeFiles/HAL_STM32F103ZET6.elf.dir/Src/main.c.obj
 *fill*         0x0800911b        0x1 
 .rodata.AIR    0x0800911c       0x80 CMakeFiles/HAL_STM32F103ZET6.elf.dir/Src/oledfont.c.obj
                0x0800911c                AIR
 .rodata.C      0x0800919c       0x40 CMakeFiles/HAL_STM32F103ZET6.elf.dir/Src/oledfont.c.obj
                0x0800919c                C
 .rodata.F6x8   0x080091dc      0x228 CMakeFiles/HAL_STM32F103ZET6.elf.dir/Src/oledfont.c.obj
                0x080091dc                F6x8
 .rodata.F8X16  0x08009404      0x5f0 CMakeFiles/HAL_STM32F103ZET6.elf.dir/Src/oledfont.c.obj
                0x08009404                F8X16
 .rodata.HUM    0x080099f4       0x80 CMakeFiles/HAL_STM32F103ZET6.elf.dir/Src/oledfont.c.obj
                0x080099f4                HUM
 .rodata.LIGHT  0x08009a74      0x100 CMakeFiles/HAL_STM32F103ZET6.elf.dir/Src/oledfont.c.obj
                0x08009a74                LIGHT
 .rodata.MAO    0x08009b74       0x40 CMakeFiles/HAL_STM32F103ZET6.elf.dir/Src/oledfont.c.obj
                0x08009b74                MAO
 .rodata.TEMP   0x08009bb4       0x80 CMakeFiles/HAL_STM32F103ZET6.elf.dir/Src/oledfont.c.obj
                0x08009bb4                TEMP
 .rodata.AHBPrescTable
                0x08009c34       0x10 CMakeFiles/HAL_STM32F103ZET6.elf.dir/Src/system_stm32f1xx.c.obj
                0x08009c34                AHBPrescTable
 .rodata.APBPrescTable
                0x08009c44        0x8 CMakeFiles/HAL_STM32F103ZET6.elf.dir/Src/system_stm32f1xx.c.obj
                0x08009c44                APBPrescTable
 .rodata._global_impure_ptr
                0x08009c4c        0x4 d:/stm32/gcc-arm-none-eabi-9-2019-q4-major-win32/bin/../lib/gcc/arm-none-eabi/9.2.1/../../../../arm-none-eabi/lib/thumb/v7-m/nofp\libg.a(lib_a-impure.o)
                0x08009c4c                _global_impure_ptr
 .rodata._puts_r.str1.4
                0x08009c50        0x2 d:/stm32/gcc-arm-none-eabi-9-2019-q4-major-win32/bin/../lib/gcc/arm-none-eabi/9.2.1/../../../../arm-none-eabi/lib/thumb/v7-m/nofp\libg.a(lib_a-puts.o)
 *fill*         0x08009c52        0x2 
 .rodata._vfprintf_r.str1.4
                0x08009c54       0x42 d:/stm32/gcc-arm-none-eabi-9-2019-q4-major-win32/bin/../lib/gcc/arm-none-eabi/9.2.1/../../../../arm-none-eabi/lib/thumb/v7-m/nofp\libg.a(lib_a-vfprintf.o)
 *fill*         0x08009c96        0x2 
 .rodata.blanks.7360
                0x08009c98       0x10 d:/stm32/gcc-arm-none-eabi-9-2019-q4-major-win32/bin/../lib/gcc/arm-none-eabi/9.2.1/../../../../arm-none-eabi/lib/thumb/v7-m/nofp\libg.a(lib_a-vfprintf.o)
 .rodata.zeroes.7361
                0x08009ca8       0x10 d:/stm32/gcc-arm-none-eabi-9-2019-q4-major-win32/bin/../lib/gcc/arm-none-eabi/9.2.1/../../../../arm-none-eabi/lib/thumb/v7-m/nofp\libg.a(lib_a-vfprintf.o)
 .rodata._dtoa_r.str1.4
                0x08009cb8        0xd d:/stm32/gcc-arm-none-eabi-9-2019-q4-major-win32/bin/../lib/gcc/arm-none-eabi/9.2.1/../../../../arm-none-eabi/lib/thumb/v7-m/nofp\libg.a(lib_a-dtoa.o)
                                 0x12 (size before relaxing)
 *fill*         0x08009cc5        0x3 
 .rodata.__mprec_bigtens
                0x08009cc8       0x28 d:/stm32/gcc-arm-none-eabi-9-2019-q4-major-win32/bin/../lib/gcc/arm-none-eabi/9.2.1/../../../../arm-none-eabi/lib/thumb/v7-m/nofp\libg.a(lib_a-mprec.o)
                0x08009cc8                __mprec_bigtens
 .rodata.__mprec_tens
                0x08009cf0       0xc8 d:/stm32/gcc-arm-none-eabi-9-2019-q4-major-win32/bin/../lib/gcc/arm-none-eabi/9.2.1/../../../../arm-none-eabi/lib/thumb/v7-m/nofp\libg.a(lib_a-mprec.o)
                0x08009cf0                __mprec_tens
 .rodata.p05.6115
                0x08009db8        0xc d:/stm32/gcc-arm-none-eabi-9-2019-q4-major-win32/bin/../lib/gcc/arm-none-eabi/9.2.1/../../../../arm-none-eabi/lib/thumb/v7-m/nofp\libg.a(lib_a-mprec.o)
 .rodata._setlocale_r.str1.4
                0x08009dc4        0xa d:/stm32/gcc-arm-none-eabi-9-2019-q4-major-win32/bin/../lib/gcc/arm-none-eabi/9.2.1/../../../../arm-none-eabi/lib/thumb/v7-m/nofp\libg.a(lib_a-locale.o)
                                  0xd (size before relaxing)
 *fill*         0x08009dce        0x2 
 .rodata.str1.4
                0x08009dd0        0x2 d:/stm32/gcc-arm-none-eabi-9-2019-q4-major-win32/bin/../lib/gcc/arm-none-eabi/9.2.1/../../../../arm-none-eabi/lib/thumb/v7-m/nofp\libg.a(lib_a-locale.o)
 *fill*         0x08009dd2        0x2 
 .rodata._ctype_
                0x08009dd4      0x101 d:/stm32/gcc-arm-none-eabi-9-2019-q4-major-win32/bin/../lib/gcc/arm-none-eabi/9.2.1/../../../../arm-none-eabi/lib/thumb/v7-m/nofp\libg.a(lib_a-ctype_.o)
                0x08009dd4                _ctype_
                0x08009ed8                . = ALIGN (0x4)
 *fill*         0x08009ed5        0x3 

.ARM.extab
 *(.ARM.extab* .gnu.linkonce.armextab.*)

.ARM            0x08009ed8        0x8
                0x08009ed8                __exidx_start = .
 *(.ARM.exidx*)
 .ARM.exidx     0x08009ed8        0x8 d:/stm32/gcc-arm-none-eabi-9-2019-q4-major-win32/bin/../lib/gcc/arm-none-eabi/9.2.1/thumb/v7-m/nofp\libgcc.a(_udivmoddi4.o)
                0x08009ee0                __exidx_end = .

.rel.dyn        0x08009ee0        0x0
 .rel.iplt      0x08009ee0        0x0 d:/stm32/gcc-arm-none-eabi-9-2019-q4-major-win32/bin/../lib/gcc/arm-none-eabi/9.2.1/thumb/v7-m/nofp/crtbegin.o

.preinit_array  0x08009ee0        0x0
                0x08009ee0                PROVIDE (__preinit_array_start = .)
 *(.preinit_array*)
                0x08009ee0                PROVIDE (__preinit_array_end = .)

.init_array     0x08009ee0        0x8
                0x08009ee0                PROVIDE (__init_array_start = .)
 *(SORT_BY_NAME(.init_array.*))
 .init_array.00000
                0x08009ee0        0x4 d:/stm32/gcc-arm-none-eabi-9-2019-q4-major-win32/bin/../lib/gcc/arm-none-eabi/9.2.1/../../../../arm-none-eabi/lib/thumb/v7-m/nofp\libg.a(lib_a-__call_atexit.o)
 *(.init_array*)
 .init_array    0x08009ee4        0x4 d:/stm32/gcc-arm-none-eabi-9-2019-q4-major-win32/bin/../lib/gcc/arm-none-eabi/9.2.1/thumb/v7-m/nofp/crtbegin.o
                0x08009ee8                PROVIDE (__init_array_end = .)

.fini_array     0x08009ee8        0x4
                0x08009ee8                PROVIDE (__fini_array_start = .)
 *(SORT_BY_NAME(.fini_array.*))
 *(.fini_array*)
 .fini_array    0x08009ee8        0x4 d:/stm32/gcc-arm-none-eabi-9-2019-q4-major-win32/bin/../lib/gcc/arm-none-eabi/9.2.1/thumb/v7-m/nofp/crtbegin.o
                0x08009eec                PROVIDE (__fini_array_end = .)
                0x08009eec                _sidata = LOADADDR (.data)

.data           0x20000000      0x9d8 load address 0x08009eec
                0x20000000                . = ALIGN (0x4)
                0x20000000                _sdata = .
 *(.data)
 *(.data*)
 .data.uwTickFreq
                0x20000000        0x1 CMakeFiles/HAL_STM32F103ZET6.elf.dir/Drivers/STM32F1xx_HAL_Driver/Src/stm32f1xx_hal.c.obj
                0x20000000                uwTickFreq
 *fill*         0x20000001        0x3 
 .data.uwTickPrio
                0x20000004        0x4 CMakeFiles/HAL_STM32F103ZET6.elf.dir/Drivers/STM32F1xx_HAL_Driver/Src/stm32f1xx_hal.c.obj
                0x20000004                uwTickPrio
 .data.CMD_Data
                0x20000008       0x1b CMakeFiles/HAL_STM32F103ZET6.elf.dir/Src/oled.c.obj
                0x20000008                CMD_Data
 *fill*         0x20000023        0x1 
 .data.SystemCoreClock
                0x20000024        0x4 CMakeFiles/HAL_STM32F103ZET6.elf.dir/Src/system_stm32f1xx.c.obj
                0x20000024                SystemCoreClock
 .data._impure_ptr
                0x20000028        0x4 d:/stm32/gcc-arm-none-eabi-9-2019-q4-major-win32/bin/../lib/gcc/arm-none-eabi/9.2.1/../../../../arm-none-eabi/lib/thumb/v7-m/nofp\libg.a(lib_a-impure.o)
                0x20000028                _impure_ptr
 *fill*         0x2000002c        0x4 
 .data.impure_data
                0x20000030      0x428 d:/stm32/gcc-arm-none-eabi-9-2019-q4-major-win32/bin/../lib/gcc/arm-none-eabi/9.2.1/../../../../arm-none-eabi/lib/thumb/v7-m/nofp\libg.a(lib_a-impure.o)
 .data.__atexit_recursive_mutex
                0x20000458        0x4 d:/stm32/gcc-arm-none-eabi-9-2019-q4-major-win32/bin/../lib/gcc/arm-none-eabi/9.2.1/../../../../arm-none-eabi/lib/thumb/v7-m/nofp\libg.a(lib_a-__call_atexit.o)
                0x20000458                __atexit_recursive_mutex
 .data.__malloc_av_
                0x2000045c      0x408 d:/stm32/gcc-arm-none-eabi-9-2019-q4-major-win32/bin/../lib/gcc/arm-none-eabi/9.2.1/../../../../arm-none-eabi/lib/thumb/v7-m/nofp\libg.a(lib_a-mallocr.o)
                0x2000045c                __malloc_av_
 .data.__malloc_sbrk_base
                0x20000864        0x4 d:/stm32/gcc-arm-none-eabi-9-2019-q4-major-win32/bin/../lib/gcc/arm-none-eabi/9.2.1/../../../../arm-none-eabi/lib/thumb/v7-m/nofp\libg.a(lib_a-mallocr.o)
                0x20000864                __malloc_sbrk_base
 .data.__malloc_trim_threshold
                0x20000868        0x4 d:/stm32/gcc-arm-none-eabi-9-2019-q4-major-win32/bin/../lib/gcc/arm-none-eabi/9.2.1/../../../../arm-none-eabi/lib/thumb/v7-m/nofp\libg.a(lib_a-mallocr.o)
                0x20000868                __malloc_trim_threshold
 .data.__global_locale
                0x2000086c      0x16c d:/stm32/gcc-arm-none-eabi-9-2019-q4-major-win32/bin/../lib/gcc/arm-none-eabi/9.2.1/../../../../arm-none-eabi/lib/thumb/v7-m/nofp\libg.a(lib_a-locale.o)
                0x2000086c                __global_locale
                0x200009d8                . = ALIGN (0x4)
                0x200009d8                _edata = .

.igot.plt       0x200009d8        0x0 load address 0x0800a8c4
 .igot.plt      0x200009d8        0x0 d:/stm32/gcc-arm-none-eabi-9-2019-q4-major-win32/bin/../lib/gcc/arm-none-eabi/9.2.1/thumb/v7-m/nofp/crtbegin.o
                0x200009d8                . = ALIGN (0x4)

.bss            0x200009d8      0x260 load address 0x0800a8c4
                0x200009d8                _sbss = .
                0x200009d8                __bss_start__ = _sbss
 *(.bss)
 .bss           0x200009d8       0x1c d:/stm32/gcc-arm-none-eabi-9-2019-q4-major-win32/bin/../lib/gcc/arm-none-eabi/9.2.1/thumb/v7-m/nofp/crtbegin.o
 *(.bss*)
 .bss.uwTick    0x200009f4        0x4 CMakeFiles/HAL_STM32F103ZET6.elf.dir/Drivers/STM32F1xx_HAL_Driver/Src/stm32f1xx_hal.c.obj
                0x200009f4                uwTick
 .bss.BUF       0x200009f8        0x3 CMakeFiles/HAL_STM32F103ZET6.elf.dir/Src/bh1750.c.obj
                0x200009f8                BUF
 .bss.mcy       0x200009fb        0x1 CMakeFiles/HAL_STM32F103ZET6.elf.dir/Src/bh1750.c.obj
                0x200009fb                mcy
 .bss.hi2c1     0x200009fc       0x54 CMakeFiles/HAL_STM32F103ZET6.elf.dir/Src/i2c.c.obj
                0x200009fc                hi2c1
 .bss.hi2c2     0x20000a50       0x54 CMakeFiles/HAL_STM32F103ZET6.elf.dir/Src/i2c.c.obj
                0x20000a50                hi2c2
 .bss.hrtc      0x20000aa4       0x14 CMakeFiles/HAL_STM32F103ZET6.elf.dir/Src/rtc.c.obj
                0x20000aa4                hrtc
 .bss.heap_end.6023
                0x20000ab8        0x4 CMakeFiles/HAL_STM32F103ZET6.elf.dir/Src/syscalls.c.obj
 .bss.htim1     0x20000abc       0x48 CMakeFiles/HAL_STM32F103ZET6.elf.dir/Src/tim.c.obj
                0x20000abc                htim1
 .bss.htim2     0x20000b04       0x48 CMakeFiles/HAL_STM32F103ZET6.elf.dir/Src/tim.c.obj
                0x20000b04                htim2
 .bss.huart1    0x20000b4c       0x48 CMakeFiles/HAL_STM32F103ZET6.elf.dir/Src/usart.c.obj
                0x20000b4c                huart1
 .bss.huart2    0x20000b94       0x48 CMakeFiles/HAL_STM32F103ZET6.elf.dir/Src/usart.c.obj
                0x20000b94                huart2
 .bss.__malloc_current_mallinfo
                0x20000bdc       0x28 d:/stm32/gcc-arm-none-eabi-9-2019-q4-major-win32/bin/../lib/gcc/arm-none-eabi/9.2.1/../../../../arm-none-eabi/lib/thumb/v7-m/nofp\libg.a(lib_a-mallocr.o)
                0x20000bdc                __malloc_current_mallinfo
 .bss.__malloc_max_sbrked_mem
                0x20000c04        0x4 d:/stm32/gcc-arm-none-eabi-9-2019-q4-major-win32/bin/../lib/gcc/arm-none-eabi/9.2.1/../../../../arm-none-eabi/lib/thumb/v7-m/nofp\libg.a(lib_a-mallocr.o)
                0x20000c04                __malloc_max_sbrked_mem
 .bss.__malloc_max_total_mem
                0x20000c08        0x4 d:/stm32/gcc-arm-none-eabi-9-2019-q4-major-win32/bin/../lib/gcc/arm-none-eabi/9.2.1/../../../../arm-none-eabi/lib/thumb/v7-m/nofp\libg.a(lib_a-mallocr.o)
                0x20000c08                __malloc_max_total_mem
 .bss.__malloc_top_pad
                0x20000c0c        0x4 d:/stm32/gcc-arm-none-eabi-9-2019-q4-major-win32/bin/../lib/gcc/arm-none-eabi/9.2.1/../../../../arm-none-eabi/lib/thumb/v7-m/nofp\libg.a(lib_a-mallocr.o)
                0x20000c0c                __malloc_top_pad
 *(COMMON)
 COMMON         0x20000c10       0x21 d:/stm32/gcc-arm-none-eabi-9-2019-q4-major-win32/bin/../lib/gcc/arm-none-eabi/9.2.1/../../../../arm-none-eabi/lib/thumb/v7-m/nofp\libg.a(lib_a-lock.o)
                0x20000c10                __lock___atexit_recursive_mutex
                0x20000c14                __lock___arc4random_mutex
                0x20000c18                __lock___env_recursive_mutex
                0x20000c1c                __lock___sinit_recursive_mutex
                0x20000c20                __lock___malloc_recursive_mutex
                0x20000c24                __lock___at_quick_exit_mutex
                0x20000c28                __lock___dd_hash_mutex
                0x20000c2c                __lock___tz_mutex
                0x20000c30                __lock___sfp_recursive_mutex
 *fill*         0x20000c31        0x3 
 COMMON         0x20000c34        0x4 d:/stm32/gcc-arm-none-eabi-9-2019-q4-major-win32/bin/../lib/gcc/arm-none-eabi/9.2.1/../../../../arm-none-eabi/lib/thumb/v7-m/nofp\libg.a(lib_a-reent.o)
                0x20000c34                errno
                0x20000c38                . = ALIGN (0x4)
                0x20000c38                _ebss = .
                0x20000c38                __bss_end__ = _ebss

._user_heap_stack
                0x20000c38      0x600 load address 0x0800a8c4
                0x20000c38                . = ALIGN (0x8)
                0x20000c38                PROVIDE (end = .)
                [!provide]                PROVIDE (_end = .)
                0x20000e38                . = (. + _Min_Heap_Size)
 *fill*         0x20000c38      0x200 
                0x20001238                . = (. + _Min_Stack_Size)
 *fill*         0x20000e38      0x400 
                0x20001238                . = ALIGN (0x8)

/DISCARD/
 libc.a(*)
 libm.a(*)
 libgcc.a(*)

.ARM.attributes
                0x00000000       0x29
 *(.ARM.attributes)
 .ARM.attributes
                0x00000000       0x1d d:/stm32/gcc-arm-none-eabi-9-2019-q4-major-win32/bin/../lib/gcc/arm-none-eabi/9.2.1/thumb/v7-m/nofp/crti.o
 .ARM.attributes
                0x0000001d       0x2d d:/stm32/gcc-arm-none-eabi-9-2019-q4-major-win32/bin/../lib/gcc/arm-none-eabi/9.2.1/thumb/v7-m/nofp/crtbegin.o
 .ARM.attributes
                0x0000004a       0x2d CMakeFiles/HAL_STM32F103ZET6.elf.dir/Drivers/STM32F1xx_HAL_Driver/Src/stm32f1xx_hal.c.obj
 .ARM.attributes
                0x00000077       0x2d CMakeFiles/HAL_STM32F103ZET6.elf.dir/Drivers/STM32F1xx_HAL_Driver/Src/stm32f1xx_hal_cortex.c.obj
 .ARM.attributes
                0x000000a4       0x2d CMakeFiles/HAL_STM32F103ZET6.elf.dir/Drivers/STM32F1xx_HAL_Driver/Src/stm32f1xx_hal_gpio.c.obj
 .ARM.attributes
                0x000000d1       0x2d CMakeFiles/HAL_STM32F103ZET6.elf.dir/Drivers/STM32F1xx_HAL_Driver/Src/stm32f1xx_hal_i2c.c.obj
 .ARM.attributes
                0x000000fe       0x2d CMakeFiles/HAL_STM32F103ZET6.elf.dir/Drivers/STM32F1xx_HAL_Driver/Src/stm32f1xx_hal_pwr.c.obj
 .ARM.attributes
                0x0000012b       0x2d CMakeFiles/HAL_STM32F103ZET6.elf.dir/Drivers/STM32F1xx_HAL_Driver/Src/stm32f1xx_hal_rcc.c.obj
 .ARM.attributes
                0x00000158       0x2d CMakeFiles/HAL_STM32F103ZET6.elf.dir/Drivers/STM32F1xx_HAL_Driver/Src/stm32f1xx_hal_rcc_ex.c.obj
 .ARM.attributes
                0x00000185       0x2d CMakeFiles/HAL_STM32F103ZET6.elf.dir/Drivers/STM32F1xx_HAL_Driver/Src/stm32f1xx_hal_rtc.c.obj
 .ARM.attributes
                0x000001b2       0x2d CMakeFiles/HAL_STM32F103ZET6.elf.dir/Drivers/STM32F1xx_HAL_Driver/Src/stm32f1xx_hal_tim.c.obj
 .ARM.attributes
                0x000001df       0x2d CMakeFiles/HAL_STM32F103ZET6.elf.dir/Drivers/STM32F1xx_HAL_Driver/Src/stm32f1xx_hal_tim_ex.c.obj
 .ARM.attributes
                0x0000020c       0x2d CMakeFiles/HAL_STM32F103ZET6.elf.dir/Drivers/STM32F1xx_HAL_Driver/Src/stm32f1xx_hal_uart.c.obj
 .ARM.attributes
                0x00000239       0x2d CMakeFiles/HAL_STM32F103ZET6.elf.dir/Src/bh1750.c.obj
 .ARM.attributes
                0x00000266       0x2d CMakeFiles/HAL_STM32F103ZET6.elf.dir/Src/dht11.c.obj
 .ARM.attributes
                0x00000293       0x2d CMakeFiles/HAL_STM32F103ZET6.elf.dir/Src/gpio.c.obj
 .ARM.attributes
                0x000002c0       0x2d CMakeFiles/HAL_STM32F103ZET6.elf.dir/Src/i2c.c.obj
 .ARM.attributes
                0x000002ed       0x2d CMakeFiles/HAL_STM32F103ZET6.elf.dir/Src/main.c.obj
 .ARM.attributes
                0x0000031a       0x2d CMakeFiles/HAL_STM32F103ZET6.elf.dir/Src/oled.c.obj
 .ARM.attributes
                0x00000347       0x33 CMakeFiles/HAL_STM32F103ZET6.elf.dir/Src/oledfont.c.obj
 .ARM.attributes
                0x0000037a       0x2d CMakeFiles/HAL_STM32F103ZET6.elf.dir/Src/rtc.c.obj
 .ARM.attributes
                0x000003a7       0x2d CMakeFiles/HAL_STM32F103ZET6.elf.dir/Src/sgp30.c.obj
 .ARM.attributes
                0x000003d4       0x2d CMakeFiles/HAL_STM32F103ZET6.elf.dir/Src/stm32f1xx_hal_msp.c.obj
 .ARM.attributes
                0x00000401       0x2d CMakeFiles/HAL_STM32F103ZET6.elf.dir/Src/stm32f1xx_it.c.obj
 .ARM.attributes
                0x0000042e       0x2d CMakeFiles/HAL_STM32F103ZET6.elf.dir/Src/syscalls.c.obj
 .ARM.attributes
                0x0000045b       0x2d CMakeFiles/HAL_STM32F103ZET6.elf.dir/Src/system_stm32f1xx.c.obj
 .ARM.attributes
                0x00000488       0x2d CMakeFiles/HAL_STM32F103ZET6.elf.dir/Src/tim.c.obj
 .ARM.attributes
                0x000004b5       0x2d CMakeFiles/HAL_STM32F103ZET6.elf.dir/Src/usart.c.obj
 .ARM.attributes
                0x000004e2       0x21 CMakeFiles/HAL_STM32F103ZET6.elf.dir/startup/startup_stm32f103xe.s.obj
 .ARM.attributes
                0x00000503       0x1d d:/stm32/gcc-arm-none-eabi-9-2019-q4-major-win32/bin/../lib/gcc/arm-none-eabi/9.2.1/thumb/v7-m/nofp\libgcc.a(_arm_addsubdf3.o)
 .ARM.attributes
                0x00000520       0x1d d:/stm32/gcc-arm-none-eabi-9-2019-q4-major-win32/bin/../lib/gcc/arm-none-eabi/9.2.1/thumb/v7-m/nofp\libgcc.a(_arm_muldivdf3.o)
 .ARM.attributes
                0x0000053d       0x1d d:/stm32/gcc-arm-none-eabi-9-2019-q4-major-win32/bin/../lib/gcc/arm-none-eabi/9.2.1/thumb/v7-m/nofp\libgcc.a(_arm_fixunsdfsi.o)
 .ARM.attributes
                0x0000055a       0x1d d:/stm32/gcc-arm-none-eabi-9-2019-q4-major-win32/bin/../lib/gcc/arm-none-eabi/9.2.1/thumb/v7-m/nofp\libgcc.a(_arm_addsubsf3.o)
 .ARM.attributes
                0x00000577       0x2d d:/stm32/gcc-arm-none-eabi-9-2019-q4-major-win32/bin/../lib/gcc/arm-none-eabi/9.2.1/../../../../arm-none-eabi/lib/thumb/v7-m/nofp\libg.a(lib_a-errno.o)
 .ARM.attributes
                0x000005a4       0x2d d:/stm32/gcc-arm-none-eabi-9-2019-q4-major-win32/bin/../lib/gcc/arm-none-eabi/9.2.1/../../../../arm-none-eabi/lib/thumb/v7-m/nofp\libg.a(lib_a-impure.o)
 .ARM.attributes
                0x000005d1       0x2d d:/stm32/gcc-arm-none-eabi-9-2019-q4-major-win32/bin/../lib/gcc/arm-none-eabi/9.2.1/../../../../arm-none-eabi/lib/thumb/v7-m/nofp\libg.a(lib_a-init.o)
 .ARM.attributes
                0x000005fe       0x2d d:/stm32/gcc-arm-none-eabi-9-2019-q4-major-win32/bin/../lib/gcc/arm-none-eabi/9.2.1/../../../../arm-none-eabi/lib/thumb/v7-m/nofp\libg.a(lib_a-memset.o)
 .ARM.attributes
                0x0000062b       0x2d d:/stm32/gcc-arm-none-eabi-9-2019-q4-major-win32/bin/../lib/gcc/arm-none-eabi/9.2.1/../../../../arm-none-eabi/lib/thumb/v7-m/nofp\libg.a(lib_a-printf.o)
 .ARM.attributes
                0x00000658       0x2d d:/stm32/gcc-arm-none-eabi-9-2019-q4-major-win32/bin/../lib/gcc/arm-none-eabi/9.2.1/../../../../arm-none-eabi/lib/thumb/v7-m/nofp\libg.a(lib_a-puts.o)
 .ARM.attributes
                0x00000685       0x2d d:/stm32/gcc-arm-none-eabi-9-2019-q4-major-win32/bin/../lib/gcc/arm-none-eabi/9.2.1/../../../../arm-none-eabi/lib/thumb/v7-m/nofp\libg.a(lib_a-strlen-stub.o)
 .ARM.attributes
                0x000006b2       0x2d d:/stm32/gcc-arm-none-eabi-9-2019-q4-major-win32/bin/../lib/gcc/arm-none-eabi/9.2.1/../../../../arm-none-eabi/lib/thumb/v7-m/nofp\libg.a(lib_a-vfprintf.o)
 .ARM.attributes
                0x000006df       0x2d d:/stm32/gcc-arm-none-eabi-9-2019-q4-major-win32/bin/../lib/gcc/arm-none-eabi/9.2.1/../../../../arm-none-eabi/lib/thumb/v7-m/nofp\libg.a(lib_a-wsetup.o)
 .ARM.attributes
                0x0000070c       0x2d d:/stm32/gcc-arm-none-eabi-9-2019-q4-major-win32/bin/../lib/gcc/arm-none-eabi/9.2.1/../../../../arm-none-eabi/lib/thumb/v7-m/nofp\libg.a(lib_a-__call_atexit.o)
 .ARM.attributes
                0x00000739       0x2d d:/stm32/gcc-arm-none-eabi-9-2019-q4-major-win32/bin/../lib/gcc/arm-none-eabi/9.2.1/../../../../arm-none-eabi/lib/thumb/v7-m/nofp\libg.a(lib_a-atexit.o)
 .ARM.attributes
                0x00000766       0x2d d:/stm32/gcc-arm-none-eabi-9-2019-q4-major-win32/bin/../lib/gcc/arm-none-eabi/9.2.1/../../../../arm-none-eabi/lib/thumb/v7-m/nofp\libg.a(lib_a-dtoa.o)
 .ARM.attributes
                0x00000793       0x2d d:/stm32/gcc-arm-none-eabi-9-2019-q4-major-win32/bin/../lib/gcc/arm-none-eabi/9.2.1/../../../../arm-none-eabi/lib/thumb/v7-m/nofp\libg.a(lib_a-fflush.o)
 .ARM.attributes
                0x000007c0       0x2d d:/stm32/gcc-arm-none-eabi-9-2019-q4-major-win32/bin/../lib/gcc/arm-none-eabi/9.2.1/../../../../arm-none-eabi/lib/thumb/v7-m/nofp\libg.a(lib_a-findfp.o)
 .ARM.attributes
                0x000007ed       0x2d d:/stm32/gcc-arm-none-eabi-9-2019-q4-major-win32/bin/../lib/gcc/arm-none-eabi/9.2.1/../../../../arm-none-eabi/lib/thumb/v7-m/nofp\libg.a(lib_a-fini.o)
 .ARM.attributes
                0x0000081a       0x2d d:/stm32/gcc-arm-none-eabi-9-2019-q4-major-win32/bin/../lib/gcc/arm-none-eabi/9.2.1/../../../../arm-none-eabi/lib/thumb/v7-m/nofp\libg.a(lib_a-freer.o)
 .ARM.attributes
                0x00000847       0x2d d:/stm32/gcc-arm-none-eabi-9-2019-q4-major-win32/bin/../lib/gcc/arm-none-eabi/9.2.1/../../../../arm-none-eabi/lib/thumb/v7-m/nofp\libg.a(lib_a-fvwrite.o)
 .ARM.attributes
                0x00000874       0x2d d:/stm32/gcc-arm-none-eabi-9-2019-q4-major-win32/bin/../lib/gcc/arm-none-eabi/9.2.1/../../../../arm-none-eabi/lib/thumb/v7-m/nofp\libg.a(lib_a-fwalk.o)
 .ARM.attributes
                0x000008a1       0x2d d:/stm32/gcc-arm-none-eabi-9-2019-q4-major-win32/bin/../lib/gcc/arm-none-eabi/9.2.1/../../../../arm-none-eabi/lib/thumb/v7-m/nofp\libg.a(lib_a-localeconv.o)
 .ARM.attributes
                0x000008ce       0x2d d:/stm32/gcc-arm-none-eabi-9-2019-q4-major-win32/bin/../lib/gcc/arm-none-eabi/9.2.1/../../../../arm-none-eabi/lib/thumb/v7-m/nofp\libg.a(lib_a-lock.o)
 .ARM.attributes
                0x000008fb       0x2d d:/stm32/gcc-arm-none-eabi-9-2019-q4-major-win32/bin/../lib/gcc/arm-none-eabi/9.2.1/../../../../arm-none-eabi/lib/thumb/v7-m/nofp\libg.a(lib_a-makebuf.o)
 .ARM.attributes
                0x00000928       0x2d d:/stm32/gcc-arm-none-eabi-9-2019-q4-major-win32/bin/../lib/gcc/arm-none-eabi/9.2.1/../../../../arm-none-eabi/lib/thumb/v7-m/nofp\libg.a(lib_a-mallocr.o)
 .ARM.attributes
                0x00000955       0x2d d:/stm32/gcc-arm-none-eabi-9-2019-q4-major-win32/bin/../lib/gcc/arm-none-eabi/9.2.1/../../../../arm-none-eabi/lib/thumb/v7-m/nofp\libg.a(lib_a-memchr-stub.o)
 .ARM.attributes
                0x00000982       0x1b d:/stm32/gcc-arm-none-eabi-9-2019-q4-major-win32/bin/../lib/gcc/arm-none-eabi/9.2.1/../../../../arm-none-eabi/lib/thumb/v7-m/nofp\libg.a(lib_a-memcpy.o)
 .ARM.attributes
                0x0000099d       0x2d d:/stm32/gcc-arm-none-eabi-9-2019-q4-major-win32/bin/../lib/gcc/arm-none-eabi/9.2.1/../../../../arm-none-eabi/lib/thumb/v7-m/nofp\libg.a(lib_a-memmove.o)
 .ARM.attributes
                0x000009ca       0x2d d:/stm32/gcc-arm-none-eabi-9-2019-q4-major-win32/bin/../lib/gcc/arm-none-eabi/9.2.1/../../../../arm-none-eabi/lib/thumb/v7-m/nofp\libg.a(lib_a-mlock.o)
 .ARM.attributes
                0x000009f7       0x2d d:/stm32/gcc-arm-none-eabi-9-2019-q4-major-win32/bin/../lib/gcc/arm-none-eabi/9.2.1/../../../../arm-none-eabi/lib/thumb/v7-m/nofp\libg.a(lib_a-mprec.o)
 .ARM.attributes
                0x00000a24       0x2d d:/stm32/gcc-arm-none-eabi-9-2019-q4-major-win32/bin/../lib/gcc/arm-none-eabi/9.2.1/../../../../arm-none-eabi/lib/thumb/v7-m/nofp\libg.a(lib_a-reallocr.o)
 .ARM.attributes
                0x00000a51       0x2d d:/stm32/gcc-arm-none-eabi-9-2019-q4-major-win32/bin/../lib/gcc/arm-none-eabi/9.2.1/../../../../arm-none-eabi/lib/thumb/v7-m/nofp\libg.a(lib_a-s_frexp.o)
 .ARM.attributes
                0x00000a7e       0x2d d:/stm32/gcc-arm-none-eabi-9-2019-q4-major-win32/bin/../lib/gcc/arm-none-eabi/9.2.1/../../../../arm-none-eabi/lib/thumb/v7-m/nofp\libg.a(lib_a-sbrkr.o)
 .ARM.attributes
                0x00000aab       0x2d d:/stm32/gcc-arm-none-eabi-9-2019-q4-major-win32/bin/../lib/gcc/arm-none-eabi/9.2.1/../../../../arm-none-eabi/lib/thumb/v7-m/nofp\libg.a(lib_a-stdio.o)
 .ARM.attributes
                0x00000ad8       0x2d d:/stm32/gcc-arm-none-eabi-9-2019-q4-major-win32/bin/../lib/gcc/arm-none-eabi/9.2.1/../../../../arm-none-eabi/lib/thumb/v7-m/nofp\libg.a(lib_a-strncpy.o)
 .ARM.attributes
                0x00000b05       0x2d d:/stm32/gcc-arm-none-eabi-9-2019-q4-major-win32/bin/../lib/gcc/arm-none-eabi/9.2.1/../../../../arm-none-eabi/lib/thumb/v7-m/nofp\libg.a(lib_a-vfiprintf.o)
 .ARM.attributes
                0x00000b32       0x2d d:/stm32/gcc-arm-none-eabi-9-2019-q4-major-win32/bin/../lib/gcc/arm-none-eabi/9.2.1/../../../../arm-none-eabi/lib/thumb/v7-m/nofp\libg.a(lib_a-writer.o)
 .ARM.attributes
                0x00000b5f       0x2d d:/stm32/gcc-arm-none-eabi-9-2019-q4-major-win32/bin/../lib/gcc/arm-none-eabi/9.2.1/../../../../arm-none-eabi/lib/thumb/v7-m/nofp\libg.a(lib_a-__atexit.o)
 .ARM.attributes
                0x00000b8c       0x2d d:/stm32/gcc-arm-none-eabi-9-2019-q4-major-win32/bin/../lib/gcc/arm-none-eabi/9.2.1/../../../../arm-none-eabi/lib/thumb/v7-m/nofp\libg.a(lib_a-callocr.o)
 .ARM.attributes
                0x00000bb9       0x2d d:/stm32/gcc-arm-none-eabi-9-2019-q4-major-win32/bin/../lib/gcc/arm-none-eabi/9.2.1/../../../../arm-none-eabi/lib/thumb/v7-m/nofp\libg.a(lib_a-closer.o)
 .ARM.attributes
                0x00000be6       0x2d d:/stm32/gcc-arm-none-eabi-9-2019-q4-major-win32/bin/../lib/gcc/arm-none-eabi/9.2.1/../../../../arm-none-eabi/lib/thumb/v7-m/nofp\libg.a(lib_a-fclose.o)
 .ARM.attributes
                0x00000c13       0x2d d:/stm32/gcc-arm-none-eabi-9-2019-q4-major-win32/bin/../lib/gcc/arm-none-eabi/9.2.1/../../../../arm-none-eabi/lib/thumb/v7-m/nofp\libg.a(lib_a-fputwc.o)
 .ARM.attributes
                0x00000c40       0x2d d:/stm32/gcc-arm-none-eabi-9-2019-q4-major-win32/bin/../lib/gcc/arm-none-eabi/9.2.1/../../../../arm-none-eabi/lib/thumb/v7-m/nofp\libg.a(lib_a-fstatr.o)
 .ARM.attributes
                0x00000c6d       0x2d d:/stm32/gcc-arm-none-eabi-9-2019-q4-major-win32/bin/../lib/gcc/arm-none-eabi/9.2.1/../../../../arm-none-eabi/lib/thumb/v7-m/nofp\libg.a(lib_a-isattyr.o)
 .ARM.attributes
                0x00000c9a       0x2d d:/stm32/gcc-arm-none-eabi-9-2019-q4-major-win32/bin/../lib/gcc/arm-none-eabi/9.2.1/../../../../arm-none-eabi/lib/thumb/v7-m/nofp\libg.a(lib_a-locale.o)
 .ARM.attributes
                0x00000cc7       0x2d d:/stm32/gcc-arm-none-eabi-9-2019-q4-major-win32/bin/../lib/gcc/arm-none-eabi/9.2.1/../../../../arm-none-eabi/lib/thumb/v7-m/nofp\libg.a(lib_a-lseekr.o)
 .ARM.attributes
                0x00000cf4       0x2d d:/stm32/gcc-arm-none-eabi-9-2019-q4-major-win32/bin/../lib/gcc/arm-none-eabi/9.2.1/../../../../arm-none-eabi/lib/thumb/v7-m/nofp\libg.a(lib_a-mbtowc_r.o)
 .ARM.attributes
                0x00000d21       0x2d d:/stm32/gcc-arm-none-eabi-9-2019-q4-major-win32/bin/../lib/gcc/arm-none-eabi/9.2.1/../../../../arm-none-eabi/lib/thumb/v7-m/nofp\libg.a(lib_a-readr.o)
 .ARM.attributes
                0x00000d4e       0x2d d:/stm32/gcc-arm-none-eabi-9-2019-q4-major-win32/bin/../lib/gcc/arm-none-eabi/9.2.1/../../../../arm-none-eabi/lib/thumb/v7-m/nofp\libg.a(lib_a-reent.o)
 .ARM.attributes
                0x00000d7b       0x2d d:/stm32/gcc-arm-none-eabi-9-2019-q4-major-win32/bin/../lib/gcc/arm-none-eabi/9.2.1/../../../../arm-none-eabi/lib/thumb/v7-m/nofp\libg.a(lib_a-wbuf.o)
 .ARM.attributes
                0x00000da8       0x2d d:/stm32/gcc-arm-none-eabi-9-2019-q4-major-win32/bin/../lib/gcc/arm-none-eabi/9.2.1/../../../../arm-none-eabi/lib/thumb/v7-m/nofp\libg.a(lib_a-wcrtomb.o)
 .ARM.attributes
                0x00000dd5       0x2d d:/stm32/gcc-arm-none-eabi-9-2019-q4-major-win32/bin/../lib/gcc/arm-none-eabi/9.2.1/../../../../arm-none-eabi/lib/thumb/v7-m/nofp\libg.a(lib_a-wctomb_r.o)
 .ARM.attributes
                0x00000e02       0x2d d:/stm32/gcc-arm-none-eabi-9-2019-q4-major-win32/bin/../lib/gcc/arm-none-eabi/9.2.1/../../../../arm-none-eabi/lib/thumb/v7-m/nofp\libg.a(lib_a-ctype_.o)
 .ARM.attributes
                0x00000e2f       0x1d d:/stm32/gcc-arm-none-eabi-9-2019-q4-major-win32/bin/../lib/gcc/arm-none-eabi/9.2.1/thumb/v7-m/nofp\libgcc.a(_arm_cmpdf2.o)
 .ARM.attributes
                0x00000e4c       0x1d d:/stm32/gcc-arm-none-eabi-9-2019-q4-major-win32/bin/../lib/gcc/arm-none-eabi/9.2.1/thumb/v7-m/nofp\libgcc.a(_arm_unorddf2.o)
 .ARM.attributes
                0x00000e69       0x1d d:/stm32/gcc-arm-none-eabi-9-2019-q4-major-win32/bin/../lib/gcc/arm-none-eabi/9.2.1/thumb/v7-m/nofp\libgcc.a(_arm_fixdfsi.o)
 .ARM.attributes
                0x00000e86       0x1d d:/stm32/gcc-arm-none-eabi-9-2019-q4-major-win32/bin/../lib/gcc/arm-none-eabi/9.2.1/thumb/v7-m/nofp\libgcc.a(_aeabi_uldivmod.o)
 .ARM.attributes
                0x00000ea3       0x2d d:/stm32/gcc-arm-none-eabi-9-2019-q4-major-win32/bin/../lib/gcc/arm-none-eabi/9.2.1/thumb/v7-m/nofp\libgcc.a(_udivmoddi4.o)
 .ARM.attributes
                0x00000ed0       0x1d d:/stm32/gcc-arm-none-eabi-9-2019-q4-major-win32/bin/../lib/gcc/arm-none-eabi/9.2.1/thumb/v7-m/nofp\libgcc.a(_dvmd_tls.o)
 .ARM.attributes
                0x00000eed       0x1d d:/stm32/gcc-arm-none-eabi-9-2019-q4-major-win32/bin/../lib/gcc/arm-none-eabi/9.2.1/thumb/v7-m/nofp/crtn.o
OUTPUT(HAL_STM32F103ZET6.elf elf32-littlearm)

.debug_info     0x00000000    0x1ca90
 .debug_info    0x00000000      0x897 CMakeFiles/HAL_STM32F103ZET6.elf.dir/Drivers/STM32F1xx_HAL_Driver/Src/stm32f1xx_hal.c.obj
 .debug_info    0x00000897      0xeac CMakeFiles/HAL_STM32F103ZET6.elf.dir/Drivers/STM32F1xx_HAL_Driver/Src/stm32f1xx_hal_cortex.c.obj
 .debug_info    0x00001743      0x75b CMakeFiles/HAL_STM32F103ZET6.elf.dir/Drivers/STM32F1xx_HAL_Driver/Src/stm32f1xx_hal_gpio.c.obj
 .debug_info    0x00001e9e     0x3b7e CMakeFiles/HAL_STM32F103ZET6.elf.dir/Drivers/STM32F1xx_HAL_Driver/Src/stm32f1xx_hal_i2c.c.obj
 .debug_info    0x00005a1c      0x77b CMakeFiles/HAL_STM32F103ZET6.elf.dir/Drivers/STM32F1xx_HAL_Driver/Src/stm32f1xx_hal_pwr.c.obj
 .debug_info    0x00006197      0xab0 CMakeFiles/HAL_STM32F103ZET6.elf.dir/Drivers/STM32F1xx_HAL_Driver/Src/stm32f1xx_hal_rcc.c.obj
 .debug_info    0x00006c47      0x53e CMakeFiles/HAL_STM32F103ZET6.elf.dir/Drivers/STM32F1xx_HAL_Driver/Src/stm32f1xx_hal_rcc_ex.c.obj
 .debug_info    0x00007185     0x1597 CMakeFiles/HAL_STM32F103ZET6.elf.dir/Drivers/STM32F1xx_HAL_Driver/Src/stm32f1xx_hal_rtc.c.obj
 .debug_info    0x0000871c     0x3e32 CMakeFiles/HAL_STM32F103ZET6.elf.dir/Drivers/STM32F1xx_HAL_Driver/Src/stm32f1xx_hal_tim.c.obj
 .debug_info    0x0000c54e     0x1ba5 CMakeFiles/HAL_STM32F103ZET6.elf.dir/Drivers/STM32F1xx_HAL_Driver/Src/stm32f1xx_hal_tim_ex.c.obj
 .debug_info    0x0000e0f3     0x42e1 CMakeFiles/HAL_STM32F103ZET6.elf.dir/Drivers/STM32F1xx_HAL_Driver/Src/stm32f1xx_hal_uart.c.obj
 .debug_info    0x000123d4      0xfb0 CMakeFiles/HAL_STM32F103ZET6.elf.dir/Src/bh1750.c.obj
 .debug_info    0x00013384      0xce7 CMakeFiles/HAL_STM32F103ZET6.elf.dir/Src/dht11.c.obj
 .debug_info    0x0001406b      0x268 CMakeFiles/HAL_STM32F103ZET6.elf.dir/Src/gpio.c.obj
 .debug_info    0x000142d3      0xa56 CMakeFiles/HAL_STM32F103ZET6.elf.dir/Src/i2c.c.obj
 .debug_info    0x00014d29     0x2195 CMakeFiles/HAL_STM32F103ZET6.elf.dir/Src/main.c.obj
 .debug_info    0x00016ebe     0x10be CMakeFiles/HAL_STM32F103ZET6.elf.dir/Src/oled.c.obj
 .debug_info    0x00017f7c      0x2bd CMakeFiles/HAL_STM32F103ZET6.elf.dir/Src/oledfont.c.obj
 .debug_info    0x00018239      0x534 CMakeFiles/HAL_STM32F103ZET6.elf.dir/Src/rtc.c.obj
 .debug_info    0x0001876d     0x1411 CMakeFiles/HAL_STM32F103ZET6.elf.dir/Src/sgp30.c.obj
 .debug_info    0x00019b7e      0x2fd CMakeFiles/HAL_STM32F103ZET6.elf.dir/Src/stm32f1xx_hal_msp.c.obj
 .debug_info    0x00019e7b      0x239 CMakeFiles/HAL_STM32F103ZET6.elf.dir/Src/stm32f1xx_it.c.obj
 .debug_info    0x0001a0b4     0x112a CMakeFiles/HAL_STM32F103ZET6.elf.dir/Src/syscalls.c.obj
 .debug_info    0x0001b1de      0x2c9 CMakeFiles/HAL_STM32F103ZET6.elf.dir/Src/system_stm32f1xx.c.obj
 .debug_info    0x0001b4a7      0xb68 CMakeFiles/HAL_STM32F103ZET6.elf.dir/Src/tim.c.obj
 .debug_info    0x0001c00f      0xa5f CMakeFiles/HAL_STM32F103ZET6.elf.dir/Src/usart.c.obj
 .debug_info    0x0001ca6e       0x22 CMakeFiles/HAL_STM32F103ZET6.elf.dir/startup/startup_stm32f103xe.s.obj

.debug_abbrev   0x00000000     0x37d5
 .debug_abbrev  0x00000000      0x219 CMakeFiles/HAL_STM32F103ZET6.elf.dir/Drivers/STM32F1xx_HAL_Driver/Src/stm32f1xx_hal.c.obj
 .debug_abbrev  0x00000219      0x367 CMakeFiles/HAL_STM32F103ZET6.elf.dir/Drivers/STM32F1xx_HAL_Driver/Src/stm32f1xx_hal_cortex.c.obj
 .debug_abbrev  0x00000580      0x213 CMakeFiles/HAL_STM32F103ZET6.elf.dir/Drivers/STM32F1xx_HAL_Driver/Src/stm32f1xx_hal_gpio.c.obj
 .debug_abbrev  0x00000793      0x2bf CMakeFiles/HAL_STM32F103ZET6.elf.dir/Drivers/STM32F1xx_HAL_Driver/Src/stm32f1xx_hal_i2c.c.obj
 .debug_abbrev  0x00000a52      0x204 CMakeFiles/HAL_STM32F103ZET6.elf.dir/Drivers/STM32F1xx_HAL_Driver/Src/stm32f1xx_hal_pwr.c.obj
 .debug_abbrev  0x00000c56      0x28d CMakeFiles/HAL_STM32F103ZET6.elf.dir/Drivers/STM32F1xx_HAL_Driver/Src/stm32f1xx_hal_rcc.c.obj
 .debug_abbrev  0x00000ee3      0x1f8 CMakeFiles/HAL_STM32F103ZET6.elf.dir/Drivers/STM32F1xx_HAL_Driver/Src/stm32f1xx_hal_rcc_ex.c.obj
 .debug_abbrev  0x000010db      0x22e CMakeFiles/HAL_STM32F103ZET6.elf.dir/Drivers/STM32F1xx_HAL_Driver/Src/stm32f1xx_hal_rtc.c.obj
 .debug_abbrev  0x00001309      0x26b CMakeFiles/HAL_STM32F103ZET6.elf.dir/Drivers/STM32F1xx_HAL_Driver/Src/stm32f1xx_hal_tim.c.obj
 .debug_abbrev  0x00001574      0x26e CMakeFiles/HAL_STM32F103ZET6.elf.dir/Drivers/STM32F1xx_HAL_Driver/Src/stm32f1xx_hal_tim_ex.c.obj
 .debug_abbrev  0x000017e2      0x315 CMakeFiles/HAL_STM32F103ZET6.elf.dir/Drivers/STM32F1xx_HAL_Driver/Src/stm32f1xx_hal_uart.c.obj
 .debug_abbrev  0x00001af7      0x27a CMakeFiles/HAL_STM32F103ZET6.elf.dir/Src/bh1750.c.obj
 .debug_abbrev  0x00001d71      0x24f CMakeFiles/HAL_STM32F103ZET6.elf.dir/Src/dht11.c.obj
 .debug_abbrev  0x00001fc0      0x11a CMakeFiles/HAL_STM32F103ZET6.elf.dir/Src/gpio.c.obj
 .debug_abbrev  0x000020da      0x1ed CMakeFiles/HAL_STM32F103ZET6.elf.dir/Src/i2c.c.obj
 .debug_abbrev  0x000022c7      0x30f CMakeFiles/HAL_STM32F103ZET6.elf.dir/Src/main.c.obj
 .debug_abbrev  0x000025d6      0x253 CMakeFiles/HAL_STM32F103ZET6.elf.dir/Src/oled.c.obj
 .debug_abbrev  0x00002829       0xbe CMakeFiles/HAL_STM32F103ZET6.elf.dir/Src/oledfont.c.obj